           <...>-1465  (-----) [004] d..4  4478.636462: sched_waking: comm=kworker/u12:1 pid=6875 prio=120 target_cpu=004
           <...>-1465  (-----) [004] d..5  4478.636468: sched_wakeup: comm=kworker/u12:1 pid=6875 prio=120 target_cpu=004
           <...>-1446  (-----) [005] d..3  4478.636473: sched_switch: prev_comm=->transport prev_pid=1446 prev_prio=120 prev_state=S ==> next_comm=swapper/5 next_pid=0 next_prio=120
           <...>-1465  (-----) [004] d..3  4478.636477: sched_switch: prev_comm=shell svc 1464 prev_pid=1465 prev_prio=120 prev_state=S ==> next_comm=kworker/u12:1 next_pid=6875 next_prio=120
           <...>-6875  (-----) [004] d..3  4478.636485: sched_waking: comm=sh pid=1464 prio=120 target_cpu=004
           <...>-6875  (-----) [004] d..4  4478.636490: sched_wakeup: comm=sh pid=1464 prio=120 target_cpu=004
           <...>-6875  (-----) [004] d..3  4478.636494: sched_switch: prev_comm=kworker/u12:1 prev_pid=6875 prev_prio=120 prev_state=S ==> next_comm=sh next_pid=1464 next_prio=120
          <idle>-0     (-----) [000] d.h3  4478.636597: sched_waking: comm=irq/236-dwc3 pid=1444 prio=49 target_cpu=001
          <idle>-0     (-----) [000] d.h4  4478.636617: sched_wakeup: comm=irq/236-dwc3 pid=1444 prio=49 target_cpu=001
           <...>-1464  (-----) [004] d..4  4478.636676: sched_waking: comm=kworker/u12:1 pid=6875 prio=120 target_cpu=004
           <...>-1464  (-----) [004] d..5  4478.636681: sched_wakeup: comm=kworker/u12:1 pid=6875 prio=120 target_cpu=004
          <idle>-0     (-----) [001] d..3  4478.636685: sched_switch: prev_comm=swapper/1 prev_pid=0 prev_prio=120 prev_state=R ==> next_comm=irq/236-dwc3 next_pid=1444 next_prio=49
           <...>-1444  (-----) [001] d..3  4478.636700: sched_waking: comm=->transport pid=1446 prio=120 target_cpu=005
           <...>-1464  (-----) [004] d..3  4478.636704: sched_switch: prev_comm=sh prev_pid=1464 prev_prio=120 prev_state=S ==> next_comm=kworker/u12:1 next_pid=6875 next_prio=120
           <...>-6875  (-----) [004] d..3  4478.636706: sched_waking: comm=shell svc 1464 pid=1465 prio=120 target_cpu=004
           <...>-6875  (-----) [004] d..4  4478.636711: sched_wakeup: comm=shell svc 1464 pid=1465 prio=120 target_cpu=005
           <...>-6875  (-----) [004] d..3  4478.636719: sched_switch: prev_comm=kworker/u12:1 prev_pid=6875 prev_prio=120 prev_state=S ==> next_comm=swapper/4 next_pid=0 next_prio=120
           <...>-1444  (-----) [001] d..3  4478.636722: sched_switch: prev_comm=irq/236-dwc3 prev_pid=1444 prev_prio=49 prev_state=S ==> next_comm=swapper/1 next_pid=0 next_prio=120
          <idle>-0     (-----) [005] dnh3  4478.636755: sched_wakeup: comm=->transport pid=1446 prio=120 target_cpu=005
          <idle>-0     (-----) [005] d..3  4478.636761: sched_switch: prev_comm=swapper/5 prev_pid=0 prev_prio=120 prev_state=R ==> next_comm=shell svc 1464 next_pid=1465 next_prio=120
          <idle>-0     (-----) [000] d.h3  4478.636770: sched_waking: comm=irq/236-dwc3 pid=1444 prio=49 target_cpu=001
          <idle>-0     (-----) [000] d.h4  4478.636774: sched_wakeup: comm=irq/236-dwc3 pid=1444 prio=49 target_cpu=001
           <...>-1465  (-----) [005] d..3  4478.636777: sched_waking: comm=adbd pid=1442 prio=120 target_cpu=005
           <...>-1465  (-----) [005] d..4  4478.636781: sched_wakeup: comm=adbd pid=1442 prio=120 target_cpu=004
           <...>-1465  (-----) [005] d..3  4478.636789: sched_switch: prev_comm=shell svc 1464 prev_pid=1465 prev_prio=120 prev_state=S ==> next_comm=->transport next_pid=1446 next_prio=120
           <...>-1446  (-----) [005] d..3  4478.636813: sched_switch: prev_comm=->transport prev_pid=1446 prev_prio=120 prev_state=S ==> next_comm=swapper/5 next_pid=0 next_prio=120
          <idle>-0     (-----) [004] d..3  4478.636865: sched_switch: prev_comm=swapper/4 prev_pid=0 prev_prio=120 prev_state=R ==> next_comm=adbd next_pid=1442 next_prio=120
           <...>-1442  (-----) [004] d..3  4478.636909: sched_waking: comm=->transport pid=1446 prio=120 target_cpu=005
           <...>-1442  (-----) [004] d..4  4478.636913: sched_wakeup: comm=->transport pid=1446 prio=120 target_cpu=004
          <idle>-0     (-----) [001] d..3  4478.636925: sched_switch: prev_comm=swapper/1 prev_pid=0 prev_prio=120 prev_state=R ==> next_comm=irq/236-dwc3 next_pid=1444 next_prio=49
           <...>-1442  (-----) [004] d..3  4478.636931: sched_switch: prev_comm=adbd prev_pid=1442 prev_prio=120 prev_state=S ==> next_comm=->transport next_pid=1446 next_prio=120
           <...>-1446  (-----) [004] d..3  4478.636949: sched_switch: prev_comm=->transport prev_pid=1446 prev_prio=120 prev_state=S ==> next_comm=swapper/4 next_pid=0 next_prio=120
           <...>-1444  (-----) [001] d..3  4478.636953: sched_switch: prev_comm=irq/236-dwc3 prev_pid=1444 prev_prio=49 prev_state=S ==> next_comm=swapper/1 next_pid=0 next_prio=120
          <idle>-0     (-----) [000] d.h3  4478.637023: sched_waking: comm=irq/236-dwc3 pid=1444 prio=49 target_cpu=001
          <idle>-0     (-----) [000] d.h4  4478.637033: sched_wakeup: comm=irq/236-dwc3 pid=1444 prio=49 target_cpu=001
          <idle>-0     (-----) [001] d..3  4478.637083: sched_switch: prev_comm=swapper/1 prev_pid=0 prev_prio=120 prev_state=R ==> next_comm=irq/236-dwc3 next_pid=1444 next_prio=49
           <...>-1444  (-----) [001] d..3  4478.637092: sched_waking: comm=->transport pid=1446 prio=120 target_cpu=004
           <...>-1444  (-----) [001] d..3  4478.637107: sched_switch: prev_comm=irq/236-dwc3 prev_pid=1444 prev_prio=49 prev_state=S ==> next_comm=swapper/1 next_pid=0 next_prio=120
          <idle>-0     (-----) [004] dnh3  4478.637145: sched_wakeup: comm=->transport pid=1446 prio=120 target_cpu=004
          <idle>-0     (-----) [004] d..3  4478.637150: sched_switch: prev_comm=swapper/4 prev_pid=0 prev_prio=120 prev_state=R ==> next_comm=->transport next_pid=1446 next_prio=120
           <...>-1446  (-----) [004] d..3  4478.637164: sched_switch: prev_comm=->transport prev_pid=1446 prev_prio=120 prev_state=S ==> next_comm=swapper/4 next_pid=0 next_prio=120
          <idle>-0     (-----) [000] d.h3  4478.637304: sched_waking: comm=irq/236-dwc3 pid=1444 prio=49 target_cpu=001
          <idle>-0     (-----) [000] d.h4  4478.637323: sched_wakeup: comm=irq/236-dwc3 pid=1444 prio=49 target_cpu=001
          <idle>-0     (-----) [001] d..3  4478.637387: sched_switch: prev_comm=swapper/1 prev_pid=0 prev_prio=120 prev_state=R ==> next_comm=irq/236-dwc3 next_pid=1444 next_prio=49
           <...>-1444  (-----) [001] d..3  4478.637401: sched_waking: comm=->transport pid=1446 prio=120 target_cpu=004
           <...>-1444  (-----) [001] d..3  4478.637418: sched_waking: comm=<-transport pid=1447 prio=120 target_cpu=002
           <...>-1444  (-----) [001] d..4  4478.637434: sched_wakeup: comm=<-transport pid=1447 prio=120 target_cpu=002
           <...>-1444  (-----) [001] d..3  4478.637444: sched_switch: prev_comm=irq/236-dwc3 prev_pid=1444 prev_prio=49 prev_state=S ==> next_comm=swapper/1 next_pid=0 next_prio=120
          <idle>-0     (-----) [004] dnh3  4478.637455: sched_wakeup: comm=->transport pid=1446 prio=120 target_cpu=004
          <idle>-0     (-----) [004] d..3  4478.637460: sched_switch: prev_comm=swapper/4 prev_pid=0 prev_prio=120 prev_state=R ==> next_comm=->transport next_pid=1446 next_prio=120
           <...>-1446  (-----) [004] d..3  4478.637479: sched_switch: prev_comm=->transport prev_pid=1446 prev_prio=120 prev_state=S ==> next_comm=swapper/4 next_pid=0 next_prio=120
          <idle>-0     (-----) [002] d..3  4478.637495: sched_switch: prev_comm=swapper/2 prev_pid=0 prev_prio=120 prev_state=R ==> next_comm=<-transport next_pid=1447 next_prio=120
           <...>-1447  (-----) [002] d..3  4478.637548: sched_waking: comm=adbd pid=1442 prio=120 target_cpu=004
          <idle>-0     (-----) [004] dnh3  4478.637599: sched_wakeup: comm=adbd pid=1442 prio=120 target_cpu=004
          <idle>-0     (-----) [004] d..3  4478.637603: sched_switch: prev_comm=swapper/4 prev_pid=0 prev_prio=120 prev_state=R ==> next_comm=adbd next_pid=1442 next_prio=120
           <...>-1447  (-----) [002] d..3  4478.637604: sched_switch: prev_comm=<-transport prev_pid=1447 prev_prio=120 prev_state=S ==> next_comm=swapper/2 next_pid=0 next_prio=120
           <...>-1442  (-----) [004] d..3  4478.637630: sched_waking: comm=->transport pid=1446 prio=120 target_cpu=004
           <...>-1442  (-----) [004] d..4  4478.637633: sched_wakeup: comm=->transport pid=1446 prio=120 target_cpu=004
           <...>-1442  (-----) [004] d..3  4478.637658: sched_switch: prev_comm=adbd prev_pid=1442 prev_prio=120 prev_state=S ==> next_comm=->transport next_pid=1446 next_prio=120
           <...>-1446  (-----) [004] d..3  4478.637665: sched_switch: prev_comm=->transport prev_pid=1446 prev_prio=120 prev_state=S ==> next_comm=swapper/4 next_pid=0 next_prio=120
          <idle>-0     (-----) [004] d.s4  4478.639569: sched_waking: comm=kworker/u12:1 pid=6875 prio=120 target_cpu=004
          <idle>-0     (-----) [004] dns5  4478.639572: sched_wakeup: comm=kworker/u12:1 pid=6875 prio=120 target_cpu=004
          <idle>-0     (-----) [004] dns4  4478.639578: sched_waking: comm=rcu_preempt pid=7 prio=120 target_cpu=000
          <idle>-0     (-----) [004] d..3  4478.639584: sched_switch: prev_comm=swapper/4 prev_pid=0 prev_prio=120 prev_state=R ==> next_comm=kworker/u12:1 next_pid=6875 next_prio=120
           <...>-6875  (-----) [004] d..3  4478.639602: sched_switch: prev_comm=kworker/u12:1 prev_pid=6875 prev_prio=120 prev_state=S ==> next_comm=swapper/4 next_pid=0 next_prio=120
          <idle>-0     (-----) [000] dnh3  4478.639703: sched_wakeup: comm=rcu_preempt pid=7 prio=120 target_cpu=000
          <idle>-0     (-----) [000] d..3  4478.639730: sched_switch: prev_comm=swapper/0 prev_pid=0 prev_prio=120 prev_state=R ==> next_comm=rcu_preempt next_pid=7 next_prio=120
     rcu_preempt-7     (    7) [000] d..3  4478.639750: sched_switch: prev_comm=rcu_preempt prev_pid=7 prev_prio=120 prev_state=S ==> next_comm=swapper/0 next_pid=0 next_prio=120
          <idle>-0     (-----) [000] d.s3  4478.646349: sched_waking: comm=rcu_preempt pid=7 prio=120 target_cpu=000
          <idle>-0     (-----) [000] dns4  4478.646368: sched_wakeup: comm=rcu_preempt pid=7 prio=120 target_cpu=000
          <idle>-0     (-----) [000] d..3  4478.646405: sched_switch: prev_comm=swapper/0 prev_pid=0 prev_prio=120 prev_state=R ==> next_comm=rcu_preempt next_pid=7 next_prio=120
     rcu_preempt-7     (    7) [000] d..3  4478.646429: sched_switch: prev_comm=rcu_preempt prev_pid=7 prev_prio=120 prev_state=S ==> next_comm=swapper/0 next_pid=0 next_prio=120
          <idle>-0     (-----) [000] d.s3  4478.653053: sched_waking: comm=rcu_preempt pid=7 prio=120 target_cpu=000
          <idle>-0     (-----) [000] dns4  4478.653083: sched_wakeup: comm=rcu_preempt pid=7 prio=120 target_cpu=000
          <idle>-0     (-----) [000] d..3  4478.653117: sched_switch: prev_comm=swapper/0 prev_pid=0 prev_prio=120 prev_state=R ==> next_comm=rcu_preempt next_pid=7 next_prio=120
     rcu_preempt-7     (    7) [000] d..3  4478.653144: sched_switch: prev_comm=rcu_preempt prev_pid=7 prev_prio=120 prev_state=S ==> next_comm=swapper/0 next_pid=0 next_prio=120
          <idle>-0     (-----) [004] d.h3  4478.697804: sched_waking: comm=android.hardwar pid=282 prio=112 target_cpu=004
          <idle>-0     (-----) [004] dnh4  4478.697823: sched_wakeup: comm=android.hardwar pid=282 prio=112 target_cpu=004
          <idle>-0     (-----) [004] d..3  4478.697842: sched_switch: prev_comm=swapper/4 prev_pid=0 prev_prio=120 prev_state=R ==> next_comm=android.hardwar next_pid=282 next_prio=112
 android.hardwar-282   (  255) [004] d..3  4478.697875: sched_switch: prev_comm=android.hardwar prev_pid=282 prev_prio=112 prev_state=S ==> next_comm=swapper/4 next_pid=0 next_prio=120
          <idle>-0     (-----) [001] d.s4  4478.726401: sched_waking: comm=kworker/1:1 pid=146 prio=120 target_cpu=001
          <idle>-0     (-----) [001] dns5  4478.726426: sched_wakeup: comm=kworker/1:1 pid=146 prio=120 target_cpu=001
          <idle>-0     (-----) [001] d..3  4478.726482: sched_switch: prev_comm=swapper/1 prev_pid=0 prev_prio=120 prev_state=R ==> next_comm=kworker/1:1 next_pid=146 next_prio=120
     kworker/1:1-146   (  146) [001] d..3  4478.726531: sched_switch: prev_comm=kworker/1:1 prev_pid=146 prev_prio=120 prev_state=S ==> next_comm=swapper/1 next_pid=0 next_prio=120
          <idle>-0     (-----) [000] d.s4  4478.773061: sched_waking: comm=kworker/0:1 pid=114 prio=120 target_cpu=000
          <idle>-0     (-----) [000] dns5  4478.773088: sched_wakeup: comm=kworker/0:1 pid=114 prio=120 target_cpu=000
          <idle>-0     (-----) [000] d..3  4478.773138: sched_switch: prev_comm=swapper/0 prev_pid=0 prev_prio=120 prev_state=R ==> next_comm=kworker/0:1 next_pid=114 next_prio=120
           <...>-114   (-----) [000] d..3  4478.773174: sched_switch: prev_comm=kworker/0:1 prev_pid=114 prev_prio=120 prev_state=S ==> next_comm=swapper/0 next_pid=0 next_prio=120
          <idle>-0     (-----) [001] d.h3  4478.931875: sched_waking: comm=android.hardwar pid=284 prio=112 target_cpu=001
          <idle>-0     (-----) [001] dnh4  4478.931908: sched_wakeup: comm=android.hardwar pid=284 prio=112 target_cpu=001
          <idle>-0     (-----) [001] d..3  4478.931945: sched_switch: prev_comm=swapper/1 prev_pid=0 prev_prio=120 prev_state=R ==> next_comm=android.hardwar next_pid=284 next_prio=112
           <...>-284   (-----) [001] d..3  4478.931996: sched_switch: prev_comm=android.hardwar prev_pid=284 prev_prio=112 prev_state=S ==> next_comm=swapper/1 next_pid=0 next_prio=120
          <idle>-0     (-----) [003] d.h3  4478.991612: sched_waking: comm=listener pid=273 prio=120 target_cpu=003
          <idle>-0     (-----) [003] dnh4  4478.991646: sched_wakeup: comm=listener pid=273 prio=120 target_cpu=003
          <idle>-0     (-----) [003] d..3  4478.991682: sched_switch: prev_comm=swapper/3 prev_pid=0 prev_prio=120 prev_state=R ==> next_comm=listener next_pid=273 next_prio=120
           <...>-273   (-----) [003] d..3  4478.991763: sched_switch: prev_comm=listener prev_pid=273 prev_prio=120 prev_state=S ==> next_comm=swapper/3 next_pid=0 next_prio=120
          <idle>-0     (-----) [004] d.h3  4479.198026: sched_waking: comm=android.hardwar pid=282 prio=112 target_cpu=004
          <idle>-0     (-----) [004] dnh4  4479.198045: sched_wakeup: comm=android.hardwar pid=282 prio=112 target_cpu=004
          <idle>-0     (-----) [004] d..3  4479.198064: sched_switch: prev_comm=swapper/4 prev_pid=0 prev_prio=120 prev_state=R ==> next_comm=android.hardwar next_pid=282 next_prio=112
 android.hardwar-282   (  255) [004] d..3  4479.198096: sched_switch: prev_comm=android.hardwar prev_pid=282 prev_prio=112 prev_state=S ==> next_comm=swapper/4 next_pid=0 next_prio=120
          <idle>-0     (-----) [004] d.h3  4479.409548: sched_waking: comm=sleep pid=7272 prio=120 target_cpu=004
          <idle>-0     (-----) [004] dnh4  4479.409567: sched_wakeup: comm=sleep pid=7272 prio=120 target_cpu=004
          <idle>-0     (-----) [004] d..3  4479.409588: sched_switch: prev_comm=swapper/4 prev_pid=0 prev_prio=120 prev_state=R ==> next_comm=sleep next_pid=7272 next_prio=120
           sleep-7272  ( 7272) [004] d..4  4479.409986: sched_waking: comm=vendor_boot pid=380 prio=120 target_cpu=004
           sleep-7272  ( 7272) [004] d..5  4479.409993: sched_wakeup: comm=vendor_boot pid=380 prio=120 target_cpu=005
           sleep-7272  ( 7272) [004] d..3  4479.409999: sched_switch: prev_comm=sleep prev_pid=7272 prev_prio=120 prev_state=x ==> next_comm=swapper/4 next_pid=0 next_prio=120
          <idle>-0     (-----) [005] d..3  4479.410048: sched_switch: prev_comm=swapper/5 prev_pid=0 prev_prio=120 prev_state=R ==> next_comm=vendor_boot next_pid=380 next_prio=120
          <idle>-0     (-----) [004] d..3  4479.410581: sched_switch: prev_comm=swapper/4 prev_pid=0 prev_prio=120 prev_state=R ==> next_comm=vendor_boot next_pid=7273 next_prio=120
     vendor_boot-380   (  380) [005] d..3  4479.410820: sched_switch: prev_comm=vendor_boot prev_pid=380 prev_prio=120 prev_state=S ==> next_comm=swapper/5 next_pid=0 next_prio=120
             seq-7273  ( 7273) [004] d.s3  4479.412934: sched_waking: comm=kworker/u12:1 pid=6875 prio=120 target_cpu=004
             seq-7273  ( 7273) [004] d.s4  4479.412951: sched_wakeup: comm=kworker/u12:1 pid=6875 prio=120 target_cpu=005
             seq-7273  ( 7273) [004] d.s3  4479.412969: sched_waking: comm=rcu_preempt pid=7 prio=120 target_cpu=000
             seq-7273  ( 7273) [004] d.s3  4479.412975: sched_waking: comm=rcu_sched pid=8 prio=120 target_cpu=002
          <idle>-0     (-----) [005] dns4  4479.413002: sched_waking: comm=kworker/5:2 pid=5043 prio=120 target_cpu=005
          <idle>-0     (-----) [005] dns5  4479.413007: sched_wakeup: comm=kworker/5:2 pid=5043 prio=120 target_cpu=005
          <idle>-0     (-----) [005] d..3  4479.413024: sched_switch: prev_comm=swapper/5 prev_pid=0 prev_prio=120 prev_state=R ==> next_comm=kworker/u12:1 next_pid=6875 next_prio=120
           <...>-6875  (-----) [005] d..3  4479.413051: sched_switch: prev_comm=kworker/u12:1 prev_pid=6875 prev_prio=120 prev_state=S ==> next_comm=kworker/5:2 next_pid=5043 next_prio=120
     kworker/5:2-5043  ( 5043) [005] d..3  4479.413058: sched_waking: comm=kworker/4:1 pid=7270 prio=120 target_cpu=004
     kworker/5:2-5043  ( 5043) [005] d..4  4479.413062: sched_wakeup: comm=kworker/4:1 pid=7270 prio=120 target_cpu=004
             seq-7273  ( 7273) [004] d..3  4479.413066: sched_switch: prev_comm=seq prev_pid=7273 prev_prio=120 prev_state=R+ ==> next_comm=kworker/4:1 next_pid=7270 next_prio=120
     kworker/5:2-5043  ( 5043) [005] d..3  4479.413074: sched_switch: prev_comm=kworker/5:2 prev_pid=5043 prev_prio=120 prev_state=S ==> next_comm=swapper/5 next_pid=0 next_prio=120
     kworker/4:1-7270  ( 7270) [004] d..3  4479.413074: sched_switch: prev_comm=kworker/4:1 prev_pid=7270 prev_prio=120 prev_state=S ==> next_comm=seq next_pid=7273 next_prio=120
          <idle>-0     (-----) [000] dnh3  4479.413089: sched_wakeup: comm=rcu_preempt pid=7 prio=120 target_cpu=000
          <idle>-0     (-----) [002] dnh3  4479.413089: sched_wakeup: comm=rcu_sched pid=8 prio=120 target_cpu=002
          <idle>-0     (-----) [000] d..3  4479.413116: sched_switch: prev_comm=swapper/0 prev_pid=0 prev_prio=120 prev_state=R ==> next_comm=rcu_preempt next_pid=7 next_prio=120
          <idle>-0     (-----) [002] d..3  4479.413116: sched_switch: prev_comm=swapper/2 prev_pid=0 prev_prio=120 prev_state=R ==> next_comm=rcu_sched next_pid=8 next_prio=120
     rcu_preempt-7     (    7) [000] d..3  4479.413154: sched_switch: prev_comm=rcu_preempt prev_pid=7 prev_prio=120 prev_state=S ==> next_comm=swapper/0 next_pid=0 next_prio=120
       rcu_sched-8     (    8) [002] d..3  4479.413155: sched_switch: prev_comm=rcu_sched prev_pid=8 prev_prio=120 prev_state=S ==> next_comm=swapper/2 next_pid=0 next_prio=120
             seq-7273  ( 7273) [004] d.s5  4479.416259: sched_waking: comm=kworker/u12:1 pid=6875 prio=120 target_cpu=005
             seq-7273  ( 7273) [004] d.s6  4479.416277: sched_wakeup: comm=kworker/u12:1 pid=6875 prio=120 target_cpu=005
          <idle>-0     (-----) [005] d..3  4479.416327: sched_switch: prev_comm=swapper/5 prev_pid=0 prev_prio=120 prev_state=R ==> next_comm=kworker/u12:1 next_pid=6875 next_prio=120
           <...>-6875  (-----) [005] d..3  4479.416594: sched_switch: prev_comm=kworker/u12:1 prev_pid=6875 prev_prio=120 prev_state=S ==> next_comm=swapper/5 next_pid=0 next_prio=120
             seq-7273  ( 7273) [004] d..3  4479.419317: sched_waking: comm=vendor_boot pid=380 prio=120 target_cpu=005
             seq-7273  ( 7273) [004] d..4  4479.419339: sched_wakeup: comm=vendor_boot pid=380 prio=120 target_cpu=005
          <idle>-0     (-----) [005] d..3  4479.419418: sched_switch: prev_comm=swapper/5 prev_pid=0 prev_prio=120 prev_state=R ==> next_comm=vendor_boot next_pid=380 next_prio=120
     vendor_boot-380   (  380) [005] d..3  4479.419472: sched_switch: prev_comm=vendor_boot prev_pid=380 prev_prio=120 prev_state=S ==> next_comm=swapper/5 next_pid=0 next_prio=120
             seq-7273  ( 7273) [004] d..3  4479.419663: sched_waking: comm=vendor_boot pid=380 prio=120 target_cpu=005
             seq-7273  ( 7273) [004] d..4  4479.419668: sched_wakeup: comm=vendor_boot pid=380 prio=120 target_cpu=005
          <idle>-0     (-----) [000] d.s3  4479.419691: sched_waking: comm=rcu_preempt pid=7 prio=120 target_cpu=000
             seq-7273  ( 7273) [004] d..3  4479.419699: sched_switch: prev_comm=seq prev_pid=7273 prev_prio=120 prev_state=x ==> next_comm=swapper/4 next_pid=0 next_prio=120
          <idle>-0     (-----) [000] dns4  4479.419713: sched_wakeup: comm=rcu_preempt pid=7 prio=120 target_cpu=000
          <idle>-0     (-----) [005] d..3  4479.419726: sched_switch: prev_comm=swapper/5 prev_pid=0 prev_prio=120 prev_state=R ==> next_comm=vendor_boot next_pid=380 next_prio=120
          <idle>-0     (-----) [002] d.s3  4479.419731: sched_waking: comm=rcu_sched pid=8 prio=120 target_cpu=002
          <idle>-0     (-----) [000] d..3  4479.419738: sched_switch: prev_comm=swapper/0 prev_pid=0 prev_prio=120 prev_state=R ==> next_comm=rcu_preempt next_pid=7 next_prio=120
          <idle>-0     (-----) [002] dns4  4479.419741: sched_wakeup: comm=rcu_sched pid=8 prio=120 target_cpu=002
          <idle>-0     (-----) [002] d..3  4479.419750: sched_switch: prev_comm=swapper/2 prev_pid=0 prev_prio=120 prev_state=R ==> next_comm=rcu_sched next_pid=8 next_prio=120
     rcu_preempt-7     (    7) [000] d..3  4479.419759: sched_switch: prev_comm=rcu_preempt prev_pid=7 prev_prio=120 prev_state=S ==> next_comm=swapper/0 next_pid=0 next_prio=120
       rcu_sched-8     (    8) [002] d..3  4479.419761: sched_switch: prev_comm=rcu_sched prev_pid=8 prev_prio=120 prev_state=S ==> next_comm=swapper/2 next_pid=0 next_prio=120
          <idle>-0     (-----) [003] d..3  4479.420404: sched_switch: prev_comm=swapper/3 prev_pid=0 prev_prio=120 prev_state=R ==> next_comm=vendor_boot next_pid=7274 next_prio=120
     vendor_boot-380   (  380) [005] d..3  4479.420445: sched_switch: prev_comm=vendor_boot prev_pid=380 prev_prio=120 prev_state=S ==> next_comm=swapper/5 next_pid=0 next_prio=120
           sleep-7274  ( 7274) [003] d..3  4479.420828: sched_waking: comm=migration/3 pid=23 prio=0 target_cpu=003
           sleep-7274  ( 7274) [003] dn.4  4479.420834: sched_wakeup: comm=migration/3 pid=23 prio=0 target_cpu=003
           sleep-7274  ( 7274) [003] d..3  4479.420841: sched_switch: prev_comm=vendor_boot prev_pid=7274 prev_prio=120 prev_state=R+ ==> next_comm=migration/3 next_pid=23 next_prio=0
     migration/3-23    (   23) [003] d..3  4479.420883: sched_switch: prev_comm=migration/3 prev_pid=23 prev_prio=0 prev_state=S ==> next_comm=swapper/3 next_pid=0 next_prio=120
          <idle>-0     (-----) [005] d..3  4479.420909: sched_switch: prev_comm=swapper/5 prev_pid=0 prev_prio=120 prev_state=R ==> next_comm=vendor_boot next_pid=7274 next_prio=120
          <idle>-0     (-----) [000] d.s3  4479.426379: sched_waking: comm=rcu_preempt pid=7 prio=120 target_cpu=000
          <idle>-0     (-----) [000] dns4  4479.426412: sched_wakeup: comm=rcu_preempt pid=7 prio=120 target_cpu=000
          <idle>-0     (-----) [002] d.s3  4479.426424: sched_waking: comm=rcu_sched pid=8 prio=120 target_cpu=002
          <idle>-0     (-----) [002] dns4  4479.426435: sched_wakeup: comm=rcu_sched pid=8 prio=120 target_cpu=002
          <idle>-0     (-----) [000] d..3  4479.426468: sched_switch: prev_comm=swapper/0 prev_pid=0 prev_prio=120 prev_state=R ==> next_comm=rcu_preempt next_pid=7 next_prio=120
          <idle>-0     (-----) [002] d..3  4479.426468: sched_switch: prev_comm=swapper/2 prev_pid=0 prev_prio=120 prev_state=R ==> next_comm=rcu_sched next_pid=8 next_prio=120
       rcu_sched-8     (    8) [002] d..3  4479.426497: sched_switch: prev_comm=rcu_sched prev_pid=8 prev_prio=120 prev_state=S ==> next_comm=swapper/2 next_pid=0 next_prio=120
     rcu_preempt-7     (    7) [000] d..3  4479.426498: sched_switch: prev_comm=rcu_preempt prev_pid=7 prev_prio=120 prev_state=S ==> next_comm=swapper/0 next_pid=0 next_prio=120
           sleep-7274  ( 7274) [005] d..3  4479.428964: sched_switch: prev_comm=sleep prev_pid=7274 prev_prio=120 prev_state=S ==> next_comm=swapper/5 next_pid=0 next_prio=120
          <idle>-0     (-----) [001] d.h3  4479.432126: sched_waking: comm=android.hardwar pid=284 prio=112 target_cpu=001
          <idle>-0     (-----) [001] dnh4  4479.432153: sched_wakeup: comm=android.hardwar pid=284 prio=112 target_cpu=001
          <idle>-0     (-----) [001] d..3  4479.432181: sched_switch: prev_comm=swapper/1 prev_pid=0 prev_prio=120 prev_state=R ==> next_comm=android.hardwar next_pid=284 next_prio=112
           <...>-284   (-----) [001] d..3  4479.432221: sched_switch: prev_comm=android.hardwar prev_pid=284 prev_prio=112 prev_state=S ==> next_comm=swapper/1 next_pid=0 next_prio=120
          <idle>-0     (-----) [000] d.s3  4479.433017: sched_waking: comm=rcu_preempt pid=7 prio=120 target_cpu=000
          <idle>-0     (-----) [000] dns4  4479.433043: sched_wakeup: comm=rcu_preempt pid=7 prio=120 target_cpu=000
          <idle>-0     (-----) [002] d.s3  4479.433065: sched_waking: comm=rcu_sched pid=8 prio=120 target_cpu=002
          <idle>-0     (-----) [000] d..3  4479.433071: sched_switch: prev_comm=swapper/0 prev_pid=0 prev_prio=120 prev_state=R ==> next_comm=rcu_preempt next_pid=7 next_prio=120
          <idle>-0     (-----) [002] dns4  4479.433074: sched_wakeup: comm=rcu_sched pid=8 prio=120 target_cpu=002
          <idle>-0     (-----) [002] d..3  4479.433090: sched_switch: prev_comm=swapper/2 prev_pid=0 prev_prio=120 prev_state=R ==> next_comm=rcu_sched next_pid=8 next_prio=120
     rcu_preempt-7     (    7) [000] d..3  4479.433092: sched_switch: prev_comm=rcu_preempt prev_pid=7 prev_prio=120 prev_state=S ==> next_comm=swapper/0 next_pid=0 next_prio=120
       rcu_sched-8     (    8) [002] d..3  4479.433100: sched_switch: prev_comm=rcu_sched prev_pid=8 prev_prio=120 prev_state=S ==> next_comm=swapper/2 next_pid=0 next_prio=120
          <idle>-0     (-----) [000] d.s3  4479.439725: sched_waking: comm=rcu_preempt pid=7 prio=120 target_cpu=000
          <idle>-0     (-----) [002] d.s3  4479.439749: sched_waking: comm=rcu_sched pid=8 prio=120 target_cpu=002
          <idle>-0     (-----) [000] dns4  4479.439758: sched_wakeup: comm=rcu_preempt pid=7 prio=120 target_cpu=000
          <idle>-0     (-----) [002] dns4  4479.439758: sched_wakeup: comm=rcu_sched pid=8 prio=120 target_cpu=002
          <idle>-0     (-----) [000] d..3  4479.439810: sched_switch: prev_comm=swapper/0 prev_pid=0 prev_prio=120 prev_state=R ==> next_comm=rcu_preempt next_pid=7 next_prio=120
          <idle>-0     (-----) [002] d..3  4479.439810: sched_switch: prev_comm=swapper/2 prev_pid=0 prev_prio=120 prev_state=R ==> next_comm=rcu_sched next_pid=8 next_prio=120
     rcu_preempt-7     (    7) [000] d..3  4479.439838: sched_switch: prev_comm=rcu_preempt prev_pid=7 prev_prio=120 prev_state=S ==> next_comm=swapper/0 next_pid=0 next_prio=120
       rcu_sched-8     (    8) [002] d..3  4479.439838: sched_switch: prev_comm=rcu_sched prev_pid=8 prev_prio=120 prev_state=S ==> next_comm=swapper/2 next_pid=0 next_prio=120
          <idle>-0     (-----) [000] d.s3  4479.446390: sched_waking: comm=rcu_preempt pid=7 prio=120 target_cpu=000
          <idle>-0     (-----) [002] d.s3  4479.446416: sched_waking: comm=rcu_sched pid=8 prio=120 target_cpu=002
          <idle>-0     (-----) [000] dns4  4479.446423: sched_wakeup: comm=rcu_preempt pid=7 prio=120 target_cpu=000
          <idle>-0     (-----) [002] dns4  4479.446425: sched_wakeup: comm=rcu_sched pid=8 prio=120 target_cpu=002
          <idle>-0     (-----) [000] d..3  4479.446458: sched_switch: prev_comm=swapper/0 prev_pid=0 prev_prio=120 prev_state=R ==> next_comm=rcu_preempt next_pid=7 next_prio=120
          <idle>-0     (-----) [002] d..3  4479.446459: sched_switch: prev_comm=swapper/2 prev_pid=0 prev_prio=120 prev_state=R ==> next_comm=rcu_sched next_pid=8 next_prio=120
       rcu_sched-8     (    8) [002] d..3  4479.446485: sched_switch: prev_comm=rcu_sched prev_pid=8 prev_prio=120 prev_state=S ==> next_comm=swapper/2 next_pid=0 next_prio=120
     rcu_preempt-7     (    7) [000] d..3  4479.446485: sched_switch: prev_comm=rcu_preempt prev_pid=7 prev_prio=120 prev_state=S ==> next_comm=swapper/0 next_pid=0 next_prio=120
          <idle>-0     (-----) [000] d.s3  4479.453060: sched_waking: comm=rcu_preempt pid=7 prio=120 target_cpu=000
          <idle>-0     (-----) [002] d.s3  4479.453083: sched_waking: comm=rcu_sched pid=8 prio=120 target_cpu=002
          <idle>-0     (-----) [000] dns4  4479.453093: sched_wakeup: comm=rcu_preempt pid=7 prio=120 target_cpu=000
          <idle>-0     (-----) [002] dns4  4479.453093: sched_wakeup: comm=rcu_sched pid=8 prio=120 target_cpu=002
          <idle>-0     (-----) [000] d..3  4479.453144: sched_switch: prev_comm=swapper/0 prev_pid=0 prev_prio=120 prev_state=R ==> next_comm=rcu_preempt next_pid=7 next_prio=120
          <idle>-0     (-----) [002] d..3  4479.453144: sched_switch: prev_comm=swapper/2 prev_pid=0 prev_prio=120 prev_state=R ==> next_comm=rcu_sched next_pid=8 next_prio=120
       rcu_sched-8     (    8) [002] d..3  4479.453171: sched_switch: prev_comm=rcu_sched prev_pid=8 prev_prio=120 prev_state=S ==> next_comm=swapper/2 next_pid=0 next_prio=120
     rcu_preempt-7     (    7) [000] d..3  4479.453172: sched_switch: prev_comm=rcu_preempt prev_pid=7 prev_prio=120 prev_state=S ==> next_comm=swapper/0 next_pid=0 next_prio=120
          <idle>-0     (-----) [000] d.s3  4479.459724: sched_waking: comm=rcu_preempt pid=7 prio=120 target_cpu=000
          <idle>-0     (-----) [002] d.s3  4479.459749: sched_waking: comm=rcu_sched pid=8 prio=120 target_cpu=002
          <idle>-0     (-----) [000] dns4  4479.459757: sched_wakeup: comm=rcu_preempt pid=7 prio=120 target_cpu=000
          <idle>-0     (-----) [002] dns4  4479.459759: sched_wakeup: comm=rcu_sched pid=8 prio=120 target_cpu=002
          <idle>-0     (-----) [000] d..3  4479.459793: sched_switch: prev_comm=swapper/0 prev_pid=0 prev_prio=120 prev_state=R ==> next_comm=rcu_preempt next_pid=7 next_prio=120
          <idle>-0     (-----) [002] d..3  4479.459793: sched_switch: prev_comm=swapper/2 prev_pid=0 prev_prio=120 prev_state=R ==> next_comm=rcu_sched next_pid=8 next_prio=120
       rcu_sched-8     (    8) [002] d..3  4479.459820: sched_switch: prev_comm=rcu_sched prev_pid=8 prev_prio=120 prev_state=S ==> next_comm=swapper/2 next_pid=0 next_prio=120
     rcu_preempt-7     (    7) [000] d..3  4479.459820: sched_switch: prev_comm=rcu_preempt prev_pid=7 prev_prio=120 prev_state=S ==> next_comm=swapper/0 next_pid=0 next_prio=120
          <idle>-0     (-----) [005] d.s4  4479.463047: sched_waking: comm=kworker/u12:1 pid=6875 prio=120 target_cpu=005
          <idle>-0     (-----) [005] dns5  4479.463063: sched_wakeup: comm=kworker/u12:1 pid=6875 prio=120 target_cpu=005
          <idle>-0     (-----) [005] d..3  4479.463073: sched_switch: prev_comm=swapper/5 prev_pid=0 prev_prio=120 prev_state=R ==> next_comm=kworker/u12:1 next_pid=6875 next_prio=120
           <...>-6875  (-----) [005] d..3  4479.463101: sched_switch: prev_comm=kworker/u12:1 prev_pid=6875 prev_prio=120 prev_state=S ==> next_comm=swapper/5 next_pid=0 next_prio=120
          <idle>-0     (-----) [000] d.s3  4479.466391: sched_waking: comm=rcu_preempt pid=7 prio=120 target_cpu=000
          <idle>-0     (-----) [002] d.s3  4479.466415: sched_waking: comm=rcu_sched pid=8 prio=120 target_cpu=002
          <idle>-0     (-----) [000] dns4  4479.466425: sched_wakeup: comm=rcu_preempt pid=7 prio=120 target_cpu=000
          <idle>-0     (-----) [002] dns4  4479.466425: sched_wakeup: comm=rcu_sched pid=8 prio=120 target_cpu=002
          <idle>-0     (-----) [000] d..3  4479.466477: sched_switch: prev_comm=swapper/0 prev_pid=0 prev_prio=120 prev_state=R ==> next_comm=rcu_preempt next_pid=7 next_prio=120
          <idle>-0     (-----) [002] d..3  4479.466477: sched_switch: prev_comm=swapper/2 prev_pid=0 prev_prio=120 prev_state=R ==> next_comm=rcu_sched next_pid=8 next_prio=120
     rcu_preempt-7     (    7) [000] d..3  4479.466500: sched_switch: prev_comm=rcu_preempt prev_pid=7 prev_prio=120 prev_state=S ==> next_comm=swapper/0 next_pid=0 next_prio=120
       rcu_sched-8     (    8) [002] d..3  4479.466500: sched_switch: prev_comm=rcu_sched prev_pid=8 prev_prio=120 prev_state=S ==> next_comm=swapper/2 next_pid=0 next_prio=120
          <idle>-0     (-----) [000] d.s3  4479.473057: sched_waking: comm=rcu_preempt pid=7 prio=120 target_cpu=000
          <idle>-0     (-----) [000] dns4  4479.473089: sched_wakeup: comm=rcu_preempt pid=7 prio=120 target_cpu=000
          <idle>-0     (-----) [000] d..3  4479.473126: sched_switch: prev_comm=swapper/0 prev_pid=0 prev_prio=120 prev_state=R ==> next_comm=rcu_preempt next_pid=7 next_prio=120
     rcu_preempt-7     (    7) [000] d..3  4479.473157: sched_switch: prev_comm=rcu_preempt prev_pid=7 prev_prio=120 prev_state=S ==> next_comm=swapper/0 next_pid=0 next_prio=120
          <idle>-0     (-----) [000] d.s3  4479.479720: sched_waking: comm=rcu_preempt pid=7 prio=120 target_cpu=000
          <idle>-0     (-----) [000] dns4  4479.479750: sched_wakeup: comm=rcu_preempt pid=7 prio=120 target_cpu=000
          <idle>-0     (-----) [000] d..3  4479.479802: sched_switch: prev_comm=swapper/0 prev_pid=0 prev_prio=120 prev_state=R ==> next_comm=rcu_preempt next_pid=7 next_prio=120
     rcu_preempt-7     (    7) [000] d..3  4479.479831: sched_switch: prev_comm=rcu_preempt prev_pid=7 prev_prio=120 prev_state=S ==> next_comm=swapper/0 next_pid=0 next_prio=120
          <idle>-0     (-----) [003] d.h3  4479.492385: sched_waking: comm=listener pid=273 prio=120 target_cpu=003
          <idle>-0     (-----) [003] dnh4  4479.492418: sched_wakeup: comm=listener pid=273 prio=120 target_cpu=003
          <idle>-0     (-----) [003] d..3  4479.492461: sched_switch: prev_comm=swapper/3 prev_pid=0 prev_prio=120 prev_state=R ==> next_comm=listener next_pid=273 next_prio=120
           <...>-273   (-----) [003] d..3  4479.492552: sched_switch: prev_comm=listener prev_pid=273 prev_prio=120 prev_state=S ==> next_comm=swapper/3 next_pid=0 next_prio=120
          <idle>-0     (-----) [000] d.s4  4479.589732: sched_waking: comm=kworker/0:1 pid=114 prio=120 target_cpu=000
          <idle>-0     (-----) [000] dns5  4479.589758: sched_wakeup: comm=kworker/0:1 pid=114 prio=120 target_cpu=000
          <idle>-0     (-----) [000] d..3  4479.589809: sched_switch: prev_comm=swapper/0 prev_pid=0 prev_prio=120 prev_state=R ==> next_comm=kworker/0:1 next_pid=114 next_prio=120
           <...>-114   (-----) [000] d..3  4479.589847: sched_switch: prev_comm=kworker/0:1 prev_pid=114 prev_prio=120 prev_state=S ==> next_comm=swapper/0 next_pid=0 next_prio=120
          <idle>-0     (-----) [004] d.h3  4479.698245: sched_waking: comm=android.hardwar pid=282 prio=112 target_cpu=004
          <idle>-0     (-----) [004] dnh4  4479.698264: sched_wakeup: comm=android.hardwar pid=282 prio=112 target_cpu=004
          <idle>-0     (-----) [004] d..3  4479.698284: sched_switch: prev_comm=swapper/4 prev_pid=0 prev_prio=120 prev_state=R ==> next_comm=android.hardwar next_pid=282 next_prio=112
 android.hardwar-282   (  255) [004] d..3  4479.698322: sched_switch: prev_comm=android.hardwar prev_pid=282 prev_prio=112 prev_state=S ==> next_comm=swapper/4 next_pid=0 next_prio=120
          <idle>-0     (-----) [001] d.s4  4479.729731: sched_waking: comm=kworker/1:1 pid=146 prio=120 target_cpu=001
          <idle>-0     (-----) [001] dns5  4479.729757: sched_wakeup: comm=kworker/1:1 pid=146 prio=120 target_cpu=001
          <idle>-0     (-----) [001] d..3  4479.729811: sched_switch: prev_comm=swapper/1 prev_pid=0 prev_prio=120 prev_state=R ==> next_comm=kworker/1:1 next_pid=146 next_prio=120
     kworker/1:1-146   (  146) [001] d..3  4479.729859: sched_switch: prev_comm=kworker/1:1 prev_pid=146 prev_prio=120 prev_state=S ==> next_comm=swapper/1 next_pid=0 next_prio=120
          <idle>-0     (-----) [001] d.h3  4479.932395: sched_waking: comm=android.hardwar pid=284 prio=112 target_cpu=001
          <idle>-0     (-----) [001] dnh4  4479.932428: sched_wakeup: comm=android.hardwar pid=284 prio=112 target_cpu=001
          <idle>-0     (-----) [001] d..3  4479.932464: sched_switch: prev_comm=swapper/1 prev_pid=0 prev_prio=120 prev_state=R ==> next_comm=android.hardwar next_pid=284 next_prio=112
           <...>-284   (-----) [001] d..3  4479.932515: sched_switch: prev_comm=android.hardwar prev_pid=284 prev_prio=112 prev_state=S ==> next_comm=swapper/1 next_pid=0 next_prio=120
          <idle>-0     (-----) [003] d.h3  4479.993173: sched_waking: comm=listener pid=273 prio=120 target_cpu=003
          <idle>-0     (-----) [003] dnh4  4479.993207: sched_wakeup: comm=listener pid=273 prio=120 target_cpu=003
          <idle>-0     (-----) [003] d..3  4479.993243: sched_switch: prev_comm=swapper/3 prev_pid=0 prev_prio=120 prev_state=R ==> next_comm=listener next_pid=273 next_prio=120
           <...>-273   (-----) [003] d..3  4479.993325: sched_switch: prev_comm=listener prev_pid=273 prev_prio=120 prev_state=S ==> next_comm=swapper/3 next_pid=0 next_prio=120
          <idle>-0     (-----) [000] d.h3  4480.030145: sched_waking: comm=watchdog/0 pid=11 prio=0 target_cpu=000
          <idle>-0     (-----) [000] dnh4  4480.030172: sched_wakeup: comm=watchdog/0 pid=11 prio=0 target_cpu=000
          <idle>-0     (-----) [000] d..3  4480.030204: sched_switch: prev_comm=swapper/0 prev_pid=0 prev_prio=120 prev_state=R ==> next_comm=watchdog/0 next_pid=11 next_prio=0
      watchdog/0-11    (   11) [000] d..3  4480.030222: sched_switch: prev_comm=watchdog/0 prev_pid=11 prev_prio=0 prev_state=S ==> next_comm=swapper/0 next_pid=0 next_prio=120
          <idle>-0     (-----) [001] d.h3  4480.040141: sched_waking: comm=watchdog/1 pid=12 prio=0 target_cpu=001
          <idle>-0     (-----) [001] dnh4  4480.040162: sched_wakeup: comm=watchdog/1 pid=12 prio=0 target_cpu=001
          <idle>-0     (-----) [001] d..3  4480.040197: sched_switch: prev_comm=swapper/1 prev_pid=0 prev_prio=120 prev_state=R ==> next_comm=watchdog/1 next_pid=12 next_prio=0
      watchdog/1-12    (   12) [001] d..3  4480.040214: sched_switch: prev_comm=watchdog/1 prev_pid=12 prev_prio=0 prev_state=S ==> next_comm=swapper/1 next_pid=0 next_prio=120
          <idle>-0     (-----) [002] d.h3  4480.050140: sched_waking: comm=watchdog/2 pid=17 prio=0 target_cpu=002
          <idle>-0     (-----) [002] dnh4  4480.050162: sched_wakeup: comm=watchdog/2 pid=17 prio=0 target_cpu=002
          <idle>-0     (-----) [002] d..3  4480.050202: sched_switch: prev_comm=swapper/2 prev_pid=0 prev_prio=120 prev_state=R ==> next_comm=watchdog/2 next_pid=17 next_prio=0
      watchdog/2-17    (   17) [002] d..3  4480.050220: sched_switch: prev_comm=watchdog/2 prev_pid=17 prev_prio=0 prev_state=S ==> next_comm=swapper/2 next_pid=0 next_prio=120
          <idle>-0     (-----) [003] d.h3  4480.060141: sched_waking: comm=watchdog/3 pid=22 prio=0 target_cpu=003
          <idle>-0     (-----) [003] dnh4  4480.060162: sched_wakeup: comm=watchdog/3 pid=22 prio=0 target_cpu=003
          <idle>-0     (-----) [003] d..3  4480.060195: sched_switch: prev_comm=swapper/3 prev_pid=0 prev_prio=120 prev_state=R ==> next_comm=watchdog/3 next_pid=22 next_prio=0
      watchdog/3-22    (   22) [003] d..3  4480.060212: sched_switch: prev_comm=watchdog/3 prev_pid=22 prev_prio=0 prev_state=S ==> next_comm=swapper/3 next_pid=0 next_prio=120
          <idle>-0     (-----) [004] d.h3  4480.070111: sched_waking: comm=watchdog/4 pid=27 prio=0 target_cpu=004
          <idle>-0     (-----) [004] dnh4  4480.070123: sched_wakeup: comm=watchdog/4 pid=27 prio=0 target_cpu=004
          <idle>-0     (-----) [004] d..3  4480.070141: sched_switch: prev_comm=swapper/4 prev_pid=0 prev_prio=120 prev_state=R ==> next_comm=watchdog/4 next_pid=27 next_prio=0
      watchdog/4-27    (   27) [004] d..3  4480.070150: sched_switch: prev_comm=watchdog/4 prev_pid=27 prev_prio=0 prev_state=S ==> next_comm=swapper/4 next_pid=0 next_prio=120
          <idle>-0     (-----) [005] d.h3  4480.080111: sched_waking: comm=watchdog/5 pid=32 prio=0 target_cpu=005
          <idle>-0     (-----) [005] dnh4  4480.080123: sched_wakeup: comm=watchdog/5 pid=32 prio=0 target_cpu=005
          <idle>-0     (-----) [005] d..3  4480.080142: sched_switch: prev_comm=swapper/5 prev_pid=0 prev_prio=120 prev_state=R ==> next_comm=watchdog/5 next_pid=32 next_prio=0
      watchdog/5-32    (   32) [005] d..3  4480.080151: sched_switch: prev_comm=watchdog/5 prev_pid=32 prev_prio=0 prev_state=S ==> next_comm=swapper/5 next_pid=0 next_prio=120
          <idle>-0     (-----) [004] d.h3  4480.198471: sched_waking: comm=android.hardwar pid=282 prio=112 target_cpu=004
          <idle>-0     (-----) [004] dnh4  4480.198489: sched_wakeup: comm=android.hardwar pid=282 prio=112 target_cpu=004
          <idle>-0     (-----) [004] d..3  4480.198509: sched_switch: prev_comm=swapper/4 prev_pid=0 prev_prio=120 prev_state=R ==> next_comm=android.hardwar next_pid=282 next_prio=112
 android.hardwar-282   (  255) [004] d..3  4480.198542: sched_switch: prev_comm=android.hardwar prev_pid=282 prev_prio=112 prev_state=S ==> next_comm=swapper/4 next_pid=0 next_prio=120
          <idle>-0     (-----) [000] d.h3  4480.254163: sched_waking: comm=irq/236-dwc3 pid=1444 prio=49 target_cpu=001
          <idle>-0     (-----) [000] d.h4  4480.254189: sched_wakeup: comm=irq/236-dwc3 pid=1444 prio=49 target_cpu=001
          <idle>-0     (-----) [001] d..3  4480.254264: sched_switch: prev_comm=swapper/1 prev_pid=0 prev_prio=120 prev_state=R ==> next_comm=irq/236-dwc3 next_pid=1444 next_prio=49
           <...>-1444  (-----) [001] d..3  4480.254282: sched_waking: comm=<-transport pid=1447 prio=120 target_cpu=002
           <...>-1444  (-----) [001] d..4  4480.254307: sched_wakeup: comm=<-transport pid=1447 prio=120 target_cpu=002
           <...>-1444  (-----) [001] d..3  4480.254321: sched_switch: prev_comm=irq/236-dwc3 prev_pid=1444 prev_prio=49 prev_state=S ==> next_comm=swapper/1 next_pid=0 next_prio=120
          <idle>-0     (-----) [002] d..3  4480.254372: sched_switch: prev_comm=swapper/2 prev_pid=0 prev_prio=120 prev_state=R ==> next_comm=<-transport next_pid=1447 next_prio=120
          <idle>-0     (-----) [000] d.h3  4480.254378: sched_waking: comm=irq/236-dwc3 pid=1444 prio=49 target_cpu=001
          <idle>-0     (-----) [000] d.h4  4480.254382: sched_wakeup: comm=irq/236-dwc3 pid=1444 prio=49 target_cpu=001
           <...>-1447  (-----) [002] d..3  4480.254437: sched_switch: prev_comm=<-transport prev_pid=1447 prev_prio=120 prev_state=S ==> next_comm=swapper/2 next_pid=0 next_prio=120
          <idle>-0     (-----) [001] d..3  4480.254448: sched_switch: prev_comm=swapper/1 prev_pid=0 prev_prio=120 prev_state=R ==> next_comm=irq/236-dwc3 next_pid=1444 next_prio=49
           <...>-1444  (-----) [001] d..3  4480.254457: sched_switch: prev_comm=irq/236-dwc3 prev_pid=1444 prev_prio=49 prev_state=S ==> next_comm=swapper/1 next_pid=0 next_prio=120
          <idle>-0     (-----) [000] d.h3  4480.254619: sched_waking: comm=irq/236-dwc3 pid=1444 prio=49 target_cpu=001
          <idle>-0     (-----) [000] d.h4  4480.254648: sched_wakeup: comm=irq/236-dwc3 pid=1444 prio=49 target_cpu=001
          <idle>-0     (-----) [001] d..3  4480.254718: sched_switch: prev_comm=swapper/1 prev_pid=0 prev_prio=120 prev_state=R ==> next_comm=irq/236-dwc3 next_pid=1444 next_prio=49
           <...>-1444  (-----) [001] d..3  4480.254736: sched_waking: comm=<-transport pid=1447 prio=120 target_cpu=002
           <...>-1444  (-----) [001] d..4  4480.254759: sched_wakeup: comm=<-transport pid=1447 prio=120 target_cpu=002
           <...>-1444  (-----) [001] d..3  4480.254773: sched_switch: prev_comm=irq/236-dwc3 prev_pid=1444 prev_prio=49 prev_state=S ==> next_comm=swapper/1 next_pid=0 next_prio=120
          <idle>-0     (-----) [002] d..3  4480.254823: sched_switch: prev_comm=swapper/2 prev_pid=0 prev_prio=120 prev_state=R ==> next_comm=<-transport next_pid=1447 next_prio=120
           <...>-1447  (-----) [002] d..3  4480.254899: sched_waking: comm=adbd pid=1442 prio=120 target_cpu=004
           <...>-1447  (-----) [002] d..3  4480.254979: sched_switch: prev_comm=<-transport prev_pid=1447 prev_prio=120 prev_state=S ==> next_comm=swapper/2 next_pid=0 next_prio=120
          <idle>-0     (-----) [004] dnh3  4480.254998: sched_wakeup: comm=adbd pid=1442 prio=120 target_cpu=004
          <idle>-0     (-----) [004] d..3  4480.255016: sched_switch: prev_comm=swapper/4 prev_pid=0 prev_prio=120 prev_state=R ==> next_comm=adbd next_pid=1442 next_prio=120
           <...>-1442  (-----) [004] d..3  4480.255110: sched_waking: comm=->transport pid=1446 prio=120 target_cpu=004
           <...>-1442  (-----) [004] d..4  4480.255118: sched_wakeup: comm=->transport pid=1446 prio=120 target_cpu=004
           <...>-1442  (-----) [004] d..3  4480.255140: sched_waking: comm=shell svc 1464 pid=1465 prio=120 target_cpu=005
           <...>-1442  (-----) [004] d..4  4480.255146: sched_wakeup: comm=shell svc 1464 pid=1465 prio=120 target_cpu=005
          <idle>-0     (-----) [005] d..3  4480.255206: sched_switch: prev_comm=swapper/5 prev_pid=0 prev_prio=120 prev_state=R ==> next_comm=shell svc 1464 next_pid=1465 next_prio=120
           <...>-1442  (-----) [004] d..3  4480.255216: sched_switch: prev_comm=adbd prev_pid=1442 prev_prio=120 prev_state=S ==> next_comm=->transport next_pid=1446 next_prio=120
           <...>-1465  (-----) [005] d..4  4480.255244: sched_waking: comm=kworker/u12:1 pid=6875 prio=120 target_cpu=005
           <...>-1465  (-----) [005] d..5  4480.255249: sched_wakeup: comm=kworker/u12:1 pid=6875 prio=120 target_cpu=005
           <...>-1446  (-----) [004] d..3  4480.255259: sched_switch: prev_comm=->transport prev_pid=1446 prev_prio=120 prev_state=S ==> next_comm=swapper/4 next_pid=0 next_prio=120
           <...>-1465  (-----) [005] d..3  4480.255259: sched_switch: prev_comm=shell svc 1464 prev_pid=1465 prev_prio=120 prev_state=S ==> next_comm=kworker/u12:1 next_pid=6875 next_prio=120
           <...>-6875  (-----) [005] d..3  4480.255267: sched_waking: comm=sh pid=1464 prio=120 target_cpu=004
           <...>-6875  (-----) [005] d..4  4480.255272: sched_wakeup: comm=sh pid=1464 prio=120 target_cpu=005
           <...>-6875  (-----) [005] d..3  4480.255276: sched_switch: prev_comm=kworker/u12:1 prev_pid=6875 prev_prio=120 prev_state=S ==> next_comm=sh next_pid=1464 next_prio=120
           <...>-1464  (-----) [005] d..4  4480.255301: sched_waking: comm=kworker/u12:1 pid=6875 prio=120 target_cpu=005
           <...>-1464  (-----) [005] d..5  4480.255304: sched_wakeup: comm=kworker/u12:1 pid=6875 prio=120 target_cpu=004
           <...>-1464  (-----) [005] d..3  4480.255313: sched_switch: prev_comm=sh prev_pid=1464 prev_prio=120 prev_state=S ==> next_comm=swapper/5 next_pid=0 next_prio=120
          <idle>-0     (-----) [004] d..3  4480.255352: sched_switch: prev_comm=swapper/4 prev_pid=0 prev_prio=120 prev_state=R ==> next_comm=kworker/u12:1 next_pid=6875 next_prio=120
           <...>-6875  (-----) [004] d..3  4480.255355: sched_waking: comm=shell svc 1464 pid=1465 prio=120 target_cpu=005
           <...>-6875  (-----) [004] d..4  4480.255359: sched_wakeup: comm=shell svc 1464 pid=1465 prio=120 target_cpu=005
           <...>-6875  (-----) [004] d..3  4480.255362: sched_switch: prev_comm=kworker/u12:1 prev_pid=6875 prev_prio=120 prev_state=S ==> next_comm=swapper/4 next_pid=0 next_prio=120
          <idle>-0     (-----) [000] d.h3  4480.255373: sched_waking: comm=irq/236-dwc3 pid=1444 prio=49 target_cpu=001
          <idle>-0     (-----) [000] d.h4  4480.255393: sched_wakeup: comm=irq/236-dwc3 pid=1444 prio=49 target_cpu=001
          <idle>-0     (-----) [001] d..3  4480.255517: sched_switch: prev_comm=swapper/1 prev_pid=0 prev_prio=120 prev_state=R ==> next_comm=irq/236-dwc3 next_pid=1444 next_prio=49
           <...>-1444  (-----) [001] d..3  4480.255536: sched_waking: comm=->transport pid=1446 prio=120 target_cpu=004
          <idle>-0     (-----) [005] d..3  4480.255537: sched_switch: prev_comm=swapper/5 prev_pid=0 prev_prio=120 prev_state=R ==> next_comm=shell svc 1464 next_pid=1465 next_prio=120
           <...>-1444  (-----) [001] d..3  4480.255563: sched_switch: prev_comm=irq/236-dwc3 prev_pid=1444 prev_prio=49 prev_state=S ==> next_comm=swapper/1 next_pid=0 next_prio=120
           <...>-1465  (-----) [005] d..3  4480.255597: sched_waking: comm=adbd pid=1442 prio=120 target_cpu=004
           <...>-1465  (-----) [005] d..4  4480.255609: sched_wakeup: comm=adbd pid=1442 prio=120 target_cpu=005
          <idle>-0     (-----) [004] dnh3  4480.255609: sched_wakeup: comm=->transport pid=1446 prio=120 target_cpu=004
          <idle>-0     (-----) [004] d..3  4480.255618: sched_switch: prev_comm=swapper/4 prev_pid=0 prev_prio=120 prev_state=R ==> next_comm=->transport next_pid=1446 next_prio=120
          <idle>-0     (-----) [000] d.h3  4480.255619: sched_waking: comm=irq/236-dwc3 pid=1444 prio=49 target_cpu=001
          <idle>-0     (-----) [000] d.h4  4480.255623: sched_wakeup: comm=irq/236-dwc3 pid=1444 prio=49 target_cpu=001
           <...>-1465  (-----) [005] d..3  4480.255624: sched_switch: prev_comm=shell svc 1464 prev_pid=1465 prev_prio=120 prev_state=S ==> next_comm=adbd next_pid=1442 next_prio=120
