           <...>-1446  (-----) [004] d..3  4480.255694: sched_switch: prev_comm=->transport prev_pid=1446 prev_prio=120 prev_state=S ==> next_comm=swapper/4 next_pid=0 next_prio=120
           <...>-1442  (-----) [005] d..3  4480.255718: sched_waking: comm=->transport pid=1446 prio=120 target_cpu=004
           <...>-1442  (-----) [005] d..4  4480.255722: sched_wakeup: comm=->transport pid=1446 prio=120 target_cpu=005
           <...>-1442  (-----) [005] d..3  4480.255745: sched_switch: prev_comm=adbd prev_pid=1442 prev_prio=120 prev_state=S ==> next_comm=->transport next_pid=1446 next_prio=120
           <...>-1446  (-----) [005] d..3  4480.255771: sched_switch: prev_comm=->transport prev_pid=1446 prev_prio=120 prev_state=S ==> next_comm=swapper/5 next_pid=0 next_prio=120
          <idle>-0     (-----) [001] d..3  4480.255771: sched_switch: prev_comm=swapper/1 prev_pid=0 prev_prio=120 prev_state=R ==> next_comm=irq/236-dwc3 next_pid=1444 next_prio=49
           <...>-1444  (-----) [001] d..3  4480.255801: sched_switch: prev_comm=irq/236-dwc3 prev_pid=1444 prev_prio=49 prev_state=S ==> next_comm=swapper/1 next_pid=0 next_prio=120
          <idle>-0     (-----) [000] d.h3  4480.255946: sched_waking: comm=irq/236-dwc3 pid=1444 prio=49 target_cpu=001
          <idle>-0     (-----) [000] d.h4  4480.255959: sched_wakeup: comm=irq/236-dwc3 pid=1444 prio=49 target_cpu=001
          <idle>-0     (-----) [001] d..3  4480.256007: sched_switch: prev_comm=swapper/1 prev_pid=0 prev_prio=120 prev_state=R ==> next_comm=irq/236-dwc3 next_pid=1444 next_prio=49
           <...>-1444  (-----) [001] d..3  4480.256017: sched_waking: comm=->transport pid=1446 prio=120 target_cpu=005
           <...>-1444  (-----) [001] d..3  4480.256035: sched_switch: prev_comm=irq/236-dwc3 prev_pid=1444 prev_prio=49 prev_state=S ==> next_comm=swapper/1 next_pid=0 next_prio=120
          <idle>-0     (-----) [005] dnh3  4480.256181: sched_wakeup: comm=->transport pid=1446 prio=120 target_cpu=005
          <idle>-0     (-----) [005] d..3  4480.256204: sched_switch: prev_comm=swapper/5 prev_pid=0 prev_prio=120 prev_state=R ==> next_comm=->transport next_pid=1446 next_prio=120
           <...>-1446  (-----) [005] d.s3  4480.256247: sched_waking: comm=kworker/u12:1 pid=6875 prio=120 target_cpu=004
           <...>-1446  (-----) [005] d.s4  4480.256255: sched_wakeup: comm=kworker/u12:1 pid=6875 prio=120 target_cpu=005
           <...>-1446  (-----) [005] d..3  4480.256301: sched_switch: prev_comm=->transport prev_pid=1446 prev_prio=120 prev_state=S ==> next_comm=kworker/u12:1 next_pid=6875 next_prio=120
           <...>-6875  (-----) [005] d..3  4480.256332: sched_switch: prev_comm=kworker/u12:1 prev_pid=6875 prev_prio=120 prev_state=S ==> next_comm=swapper/5 next_pid=0 next_prio=120
          <idle>-0     (-----) [000] d.h3  4480.256421: sched_waking: comm=irq/236-dwc3 pid=1444 prio=49 target_cpu=001
          <idle>-0     (-----) [000] d.h4  4480.256447: sched_wakeup: comm=irq/236-dwc3 pid=1444 prio=49 target_cpu=001
          <idle>-0     (-----) [001] d..3  4480.256530: sched_switch: prev_comm=swapper/1 prev_pid=0 prev_prio=120 prev_state=R ==> next_comm=irq/236-dwc3 next_pid=1444 next_prio=49
           <...>-1444  (-----) [001] d..3  4480.256547: sched_waking: comm=->transport pid=1446 prio=120 target_cpu=005
           <...>-1444  (-----) [001] d..3  4480.256574: sched_switch: prev_comm=irq/236-dwc3 prev_pid=1444 prev_prio=49 prev_state=S ==> next_comm=swapper/1 next_pid=0 next_prio=120
          <idle>-0     (-----) [000] d.h3  4480.256616: sched_waking: comm=irq/236-dwc3 pid=1444 prio=49 target_cpu=001
          <idle>-0     (-----) [000] d.h4  4480.256619: sched_wakeup: comm=irq/236-dwc3 pid=1444 prio=49 target_cpu=001
          <idle>-0     (-----) [005] dnh3  4480.256653: sched_wakeup: comm=->transport pid=1446 prio=120 target_cpu=005
          <idle>-0     (-----) [005] d..3  4480.256677: sched_switch: prev_comm=swapper/5 prev_pid=0 prev_prio=120 prev_state=R ==> next_comm=->transport next_pid=1446 next_prio=120
           <...>-1446  (-----) [005] d..3  4480.256753: sched_switch: prev_comm=->transport prev_pid=1446 prev_prio=120 prev_state=S ==> next_comm=swapper/5 next_pid=0 next_prio=120
          <idle>-0     (-----) [001] d..3  4480.256772: sched_switch: prev_comm=swapper/1 prev_pid=0 prev_prio=120 prev_state=R ==> next_comm=irq/236-dwc3 next_pid=1444 next_prio=49
           <...>-1444  (-----) [001] d..3  4480.256794: sched_waking: comm=<-transport pid=1447 prio=120 target_cpu=002
           <...>-1444  (-----) [001] d..4  4480.256820: sched_wakeup: comm=<-transport pid=1447 prio=120 target_cpu=002
           <...>-1444  (-----) [001] d..3  4480.256841: sched_switch: prev_comm=irq/236-dwc3 prev_pid=1444 prev_prio=49 prev_state=S ==> next_comm=swapper/1 next_pid=0 next_prio=120
          <idle>-0     (-----) [002] d..3  4480.256921: sched_switch: prev_comm=swapper/2 prev_pid=0 prev_prio=120 prev_state=R ==> next_comm=<-transport next_pid=1447 next_prio=120
           <...>-1447  (-----) [002] d..3  4480.256998: sched_waking: comm=adbd pid=1442 prio=120 target_cpu=005
           <...>-1447  (-----) [002] d..3  4480.257082: sched_switch: prev_comm=<-transport prev_pid=1447 prev_prio=120 prev_state=S ==> next_comm=swapper/2 next_pid=0 next_prio=120
          <idle>-0     (-----) [005] dnh3  4480.257098: sched_wakeup: comm=adbd pid=1442 prio=120 target_cpu=005
          <idle>-0     (-----) [005] d..3  4480.257114: sched_switch: prev_comm=swapper/5 prev_pid=0 prev_prio=120 prev_state=R ==> next_comm=adbd next_pid=1442 next_prio=120
           <...>-1442  (-----) [005] d..3  4480.257207: sched_waking: comm=->transport pid=1446 prio=120 target_cpu=005
           <...>-1442  (-----) [005] d..4  4480.257215: sched_wakeup: comm=->transport pid=1446 prio=120 target_cpu=005
           <...>-1442  (-----) [005] d..3  4480.257269: sched_switch: prev_comm=adbd prev_pid=1442 prev_prio=120 prev_state=S ==> next_comm=->transport next_pid=1446 next_prio=120
           <...>-1446  (-----) [005] d..3  4480.257283: sched_switch: prev_comm=->transport prev_pid=1446 prev_prio=120 prev_state=S ==> next_comm=swapper/5 next_pid=0 next_prio=120
          <idle>-0     (-----) [000] d.h3  4480.372212: sched_waking: comm=irq/236-dwc3 pid=1444 prio=49 target_cpu=001
          <idle>-0     (-----) [000] d.h4  4480.372238: sched_wakeup: comm=irq/236-dwc3 pid=1444 prio=49 target_cpu=001
          <idle>-0     (-----) [001] d..3  4480.372313: sched_switch: prev_comm=swapper/1 prev_pid=0 prev_prio=120 prev_state=R ==> next_comm=irq/236-dwc3 next_pid=1444 next_prio=49
           <...>-1444  (-----) [001] d..3  4480.372331: sched_waking: comm=<-transport pid=1447 prio=120 target_cpu=002
           <...>-1444  (-----) [001] d..4  4480.372356: sched_wakeup: comm=<-transport pid=1447 prio=120 target_cpu=002
           <...>-1444  (-----) [001] d..3  4480.372372: sched_switch: prev_comm=irq/236-dwc3 prev_pid=1444 prev_prio=49 prev_state=S ==> next_comm=swapper/1 next_pid=0 next_prio=120
          <idle>-0     (-----) [002] d..3  4480.372420: sched_switch: prev_comm=swapper/2 prev_pid=0 prev_prio=120 prev_state=R ==> next_comm=<-transport next_pid=1447 next_prio=120
           <...>-1447  (-----) [002] d..3  4480.372481: sched_switch: prev_comm=<-transport prev_pid=1447 prev_prio=120 prev_state=S ==> next_comm=swapper/2 next_pid=0 next_prio=120
          <idle>-0     (-----) [000] d.h3  4480.372642: sched_waking: comm=irq/236-dwc3 pid=1444 prio=49 target_cpu=001
          <idle>-0     (-----) [000] d.h4  4480.372669: sched_wakeup: comm=irq/236-dwc3 pid=1444 prio=49 target_cpu=001
          <idle>-0     (-----) [001] d..3  4480.372741: sched_switch: prev_comm=swapper/1 prev_pid=0 prev_prio=120 prev_state=R ==> next_comm=irq/236-dwc3 next_pid=1444 next_prio=49
           <...>-1444  (-----) [001] d..3  4480.372759: sched_waking: comm=<-transport pid=1447 prio=120 target_cpu=002
           <...>-1444  (-----) [001] d..4  4480.372783: sched_wakeup: comm=<-transport pid=1447 prio=120 target_cpu=002
           <...>-1444  (-----) [001] d..3  4480.372797: sched_switch: prev_comm=irq/236-dwc3 prev_pid=1444 prev_prio=49 prev_state=S ==> next_comm=swapper/1 next_pid=0 next_prio=120
          <idle>-0     (-----) [002] d..3  4480.372846: sched_switch: prev_comm=swapper/2 prev_pid=0 prev_prio=120 prev_state=R ==> next_comm=<-transport next_pid=1447 next_prio=120
           <...>-1447  (-----) [002] d..3  4480.372990: sched_waking: comm=adbd pid=1442 prio=120 target_cpu=005
           <...>-1447  (-----) [002] d..3  4480.373070: sched_switch: prev_comm=<-transport prev_pid=1447 prev_prio=120 prev_state=S ==> next_comm=swapper/2 next_pid=0 next_prio=120
          <idle>-0     (-----) [005] dnh3  4480.373088: sched_wakeup: comm=adbd pid=1442 prio=120 target_cpu=005
          <idle>-0     (-----) [005] d..3  4480.373106: sched_switch: prev_comm=swapper/5 prev_pid=0 prev_prio=120 prev_state=R ==> next_comm=adbd next_pid=1442 next_prio=120
           <...>-1442  (-----) [005] d..3  4480.373199: sched_waking: comm=->transport pid=1446 prio=120 target_cpu=005
           <...>-1442  (-----) [005] d..4  4480.373207: sched_wakeup: comm=->transport pid=1446 prio=120 target_cpu=005
           <...>-1442  (-----) [005] d..3  4480.373229: sched_waking: comm=shell svc 1464 pid=1465 prio=120 target_cpu=005
           <...>-1442  (-----) [005] d..4  4480.373236: sched_wakeup: comm=shell svc 1464 pid=1465 prio=120 target_cpu=004
          <idle>-0     (-----) [004] d..3  4480.373296: sched_switch: prev_comm=swapper/4 prev_pid=0 prev_prio=120 prev_state=R ==> next_comm=shell svc 1464 next_pid=1465 next_prio=120
           <...>-1442  (-----) [005] d..3  4480.373304: sched_switch: prev_comm=adbd prev_pid=1442 prev_prio=120 prev_state=S ==> next_comm=->transport next_pid=1446 next_prio=120
           <...>-1465  (-----) [004] d..4  4480.373333: sched_waking: comm=kworker/u12:1 pid=6875 prio=120 target_cpu=005
           <...>-1465  (-----) [004] d..5  4480.373339: sched_wakeup: comm=kworker/u12:1 pid=6875 prio=120 target_cpu=004
           <...>-1465  (-----) [004] d..3  4480.373348: sched_switch: prev_comm=shell svc 1464 prev_pid=1465 prev_prio=120 prev_state=S ==> next_comm=kworker/u12:1 next_pid=6875 next_prio=120
           <...>-1446  (-----) [005] d..3  4480.373349: sched_switch: prev_comm=->transport prev_pid=1446 prev_prio=120 prev_state=S ==> next_comm=swapper/5 next_pid=0 next_prio=120
           <...>-6875  (-----) [004] d..3  4480.373358: sched_waking: comm=sh pid=1464 prio=120 target_cpu=005
           <...>-6875  (-----) [004] d..4  4480.373362: sched_wakeup: comm=sh pid=1464 prio=120 target_cpu=005
           <...>-6875  (-----) [004] d..3  4480.373371: sched_switch: prev_comm=kworker/u12:1 prev_pid=6875 prev_prio=120 prev_state=S ==> next_comm=swapper/4 next_pid=0 next_prio=120
          <idle>-0     (-----) [000] d.h3  4480.373462: sched_waking: comm=irq/236-dwc3 pid=1444 prio=49 target_cpu=001
          <idle>-0     (-----) [000] d.h4  4480.373486: sched_wakeup: comm=irq/236-dwc3 pid=1444 prio=49 target_cpu=001
          <idle>-0     (-----) [005] d..3  4480.373562: sched_switch: prev_comm=swapper/5 prev_pid=0 prev_prio=120 prev_state=R ==> next_comm=sh next_pid=1464 next_prio=120
          <idle>-0     (-----) [001] d..3  4480.373569: sched_switch: prev_comm=swapper/1 prev_pid=0 prev_prio=120 prev_state=R ==> next_comm=irq/236-dwc3 next_pid=1444 next_prio=49
           <...>-1444  (-----) [001] d..3  4480.373586: sched_waking: comm=->transport pid=1446 prio=120 target_cpu=005
           <...>-1464  (-----) [005] d..4  4480.373611: sched_waking: comm=kworker/u12:1 pid=6875 prio=120 target_cpu=004
           <...>-1444  (-----) [001] d..3  4480.373617: sched_switch: prev_comm=irq/236-dwc3 prev_pid=1444 prev_prio=49 prev_state=S ==> next_comm=swapper/1 next_pid=0 next_prio=120
           <...>-1464  (-----) [005] d..5  4480.373624: sched_wakeup: comm=kworker/u12:1 pid=6875 prio=120 target_cpu=005
           <...>-1464  (-----) [005] d..3  4480.373635: sched_switch: prev_comm=sh prev_pid=1464 prev_prio=120 prev_state=S ==> next_comm=kworker/u12:1 next_pid=6875 next_prio=120
           <...>-6875  (-----) [005] d..3  4480.373643: sched_waking: comm=shell svc 1464 pid=1465 prio=120 target_cpu=004
           <...>-6875  (-----) [005] d..4  4480.373647: sched_wakeup: comm=shell svc 1464 pid=1465 prio=120 target_cpu=005
           <...>-6875  (-----) [005] d..3  4480.373651: sched_switch: prev_comm=kworker/u12:1 prev_pid=6875 prev_prio=120 prev_state=S ==> next_comm=shell svc 1464 next_pid=1465 next_prio=120
          <idle>-0     (-----) [004] dnh3  4480.373661: sched_wakeup: comm=->transport pid=1446 prio=120 target_cpu=004
          <idle>-0     (-----) [004] d..3  4480.373671: sched_switch: prev_comm=swapper/4 prev_pid=0 prev_prio=120 prev_state=R ==> next_comm=->transport next_pid=1446 next_prio=120
           <...>-1465  (-----) [005] d..3  4480.373692: sched_waking: comm=adbd pid=1442 prio=120 target_cpu=005
           <...>-1465  (-----) [005] d..4  4480.373696: sched_wakeup: comm=adbd pid=1442 prio=120 target_cpu=005
           <...>-1465  (-----) [005] d..3  4480.373706: sched_switch: prev_comm=shell svc 1464 prev_pid=1465 prev_prio=120 prev_state=S ==> next_comm=adbd next_pid=1442 next_prio=120
           <...>-1446  (-----) [004] d..3  4480.373739: sched_switch: prev_comm=->transport prev_pid=1446 prev_prio=120 prev_state=S ==> next_comm=swapper/4 next_pid=0 next_prio=120
           <...>-1442  (-----) [005] d..3  4480.373792: sched_waking: comm=->transport pid=1446 prio=120 target_cpu=004
           <...>-1442  (-----) [005] d..4  4480.373797: sched_wakeup: comm=->transport pid=1446 prio=120 target_cpu=005
           <...>-1442  (-----) [005] d..3  4480.373818: sched_switch: prev_comm=adbd prev_pid=1442 prev_prio=120 prev_state=S ==> next_comm=->transport next_pid=1446 next_prio=120
           <...>-1446  (-----) [005] d..3  4480.373843: sched_switch: prev_comm=->transport prev_pid=1446 prev_prio=120 prev_state=S ==> next_comm=swapper/5 next_pid=0 next_prio=120
          <idle>-0     (-----) [000] d.h3  4480.374059: sched_waking: comm=irq/236-dwc3 pid=1444 prio=49 target_cpu=001
          <idle>-0     (-----) [000] d.h4  4480.374086: sched_wakeup: comm=irq/236-dwc3 pid=1444 prio=49 target_cpu=001
          <idle>-0     (-----) [001] d..3  4480.374159: sched_switch: prev_comm=swapper/1 prev_pid=0 prev_prio=120 prev_state=R ==> next_comm=irq/236-dwc3 next_pid=1444 next_prio=49
           <...>-1444  (-----) [001] d..3  4480.374177: sched_waking: comm=->transport pid=1446 prio=120 target_cpu=005
           <...>-1444  (-----) [001] d..3  4480.374202: sched_switch: prev_comm=irq/236-dwc3 prev_pid=1444 prev_prio=49 prev_state=S ==> next_comm=swapper/1 next_pid=0 next_prio=120
          <idle>-0     (-----) [005] dnh3  4480.374354: sched_wakeup: comm=->transport pid=1446 prio=120 target_cpu=005
          <idle>-0     (-----) [005] d..3  4480.374377: sched_switch: prev_comm=swapper/5 prev_pid=0 prev_prio=120 prev_state=R ==> next_comm=->transport next_pid=1446 next_prio=120
           <...>-1446  (-----) [005] d..3  4480.374423: sched_switch: prev_comm=->transport prev_pid=1446 prev_prio=120 prev_state=S ==> next_comm=swapper/5 next_pid=0 next_prio=120
          <idle>-0     (-----) [000] d.h3  4480.374630: sched_waking: comm=irq/236-dwc3 pid=1444 prio=49 target_cpu=001
          <idle>-0     (-----) [000] d.h4  4480.374655: sched_wakeup: comm=irq/236-dwc3 pid=1444 prio=49 target_cpu=001
          <idle>-0     (-----) [001] d..3  4480.374728: sched_switch: prev_comm=swapper/1 prev_pid=0 prev_prio=120 prev_state=R ==> next_comm=irq/236-dwc3 next_pid=1444 next_prio=49
           <...>-1444  (-----) [001] d..3  4480.374745: sched_waking: comm=->transport pid=1446 prio=120 target_cpu=005
           <...>-1444  (-----) [001] d..3  4480.374770: sched_switch: prev_comm=irq/236-dwc3 prev_pid=1444 prev_prio=49 prev_state=S ==> next_comm=swapper/1 next_pid=0 next_prio=120
          <idle>-0     (-----) [000] d.h3  4480.374811: sched_waking: comm=irq/236-dwc3 pid=1444 prio=49 target_cpu=001
          <idle>-0     (-----) [000] d.h4  4480.374815: sched_wakeup: comm=irq/236-dwc3 pid=1444 prio=49 target_cpu=001
          <idle>-0     (-----) [005] dnh3  4480.374849: sched_wakeup: comm=->transport pid=1446 prio=120 target_cpu=005
          <idle>-0     (-----) [005] d..3  4480.374872: sched_switch: prev_comm=swapper/5 prev_pid=0 prev_prio=120 prev_state=R ==> next_comm=->transport next_pid=1446 next_prio=120
           <...>-1446  (-----) [005] d..3  4480.374949: sched_switch: prev_comm=->transport prev_pid=1446 prev_prio=120 prev_state=S ==> next_comm=swapper/5 next_pid=0 next_prio=120
          <idle>-0     (-----) [001] d..3  4480.374969: sched_switch: prev_comm=swapper/1 prev_pid=0 prev_prio=120 prev_state=R ==> next_comm=irq/236-dwc3 next_pid=1444 next_prio=49
           <...>-1444  (-----) [001] d..3  4480.374992: sched_waking: comm=<-transport pid=1447 prio=120 target_cpu=002
           <...>-1444  (-----) [001] d..4  4480.375017: sched_wakeup: comm=<-transport pid=1447 prio=120 target_cpu=002
           <...>-1444  (-----) [001] d..3  4480.375038: sched_switch: prev_comm=irq/236-dwc3 prev_pid=1444 prev_prio=49 prev_state=S ==> next_comm=swapper/1 next_pid=0 next_prio=120
          <idle>-0     (-----) [002] d..3  4480.375117: sched_switch: prev_comm=swapper/2 prev_pid=0 prev_prio=120 prev_state=R ==> next_comm=<-transport next_pid=1447 next_prio=120
           <...>-1447  (-----) [002] d..3  4480.375194: sched_waking: comm=adbd pid=1442 prio=120 target_cpu=005
          <idle>-0     (-----) [005] dnh3  4480.375293: sched_wakeup: comm=adbd pid=1442 prio=120 target_cpu=005
           <...>-1447  (-----) [002] d..3  4480.375297: sched_switch: prev_comm=<-transport prev_pid=1447 prev_prio=120 prev_state=S ==> next_comm=swapper/2 next_pid=0 next_prio=120
          <idle>-0     (-----) [005] d..3  4480.375309: sched_switch: prev_comm=swapper/5 prev_pid=0 prev_prio=120 prev_state=R ==> next_comm=adbd next_pid=1442 next_prio=120
           <...>-1442  (-----) [005] d..3  4480.375400: sched_waking: comm=->transport pid=1446 prio=120 target_cpu=005
           <...>-1442  (-----) [005] d..4  4480.375409: sched_wakeup: comm=->transport pid=1446 prio=120 target_cpu=005
           <...>-1442  (-----) [005] d..3  4480.375467: sched_switch: prev_comm=adbd prev_pid=1442 prev_prio=120 prev_state=S ==> next_comm=->transport next_pid=1446 next_prio=120
           <...>-1446  (-----) [005] d..3  4480.375482: sched_switch: prev_comm=->transport prev_pid=1446 prev_prio=120 prev_state=S ==> next_comm=swapper/5 next_pid=0 next_prio=120
          <idle>-0     (-----) [005] d.s4  4480.419685: sched_waking: comm=kworker/5:2 pid=5043 prio=120 target_cpu=005
          <idle>-0     (-----) [005] dns5  4480.419700: sched_wakeup: comm=kworker/5:2 pid=5043 prio=120 target_cpu=005
          <idle>-0     (-----) [005] dns4  4480.419703: sched_waking: comm=kworker/u12:1 pid=6875 prio=120 target_cpu=005
          <idle>-0     (-----) [005] dns5  4480.419711: sched_wakeup: comm=kworker/u12:1 pid=6875 prio=120 target_cpu=004
          <idle>-0     (-----) [005] d..3  4480.419736: sched_switch: prev_comm=swapper/5 prev_pid=0 prev_prio=120 prev_state=R ==> next_comm=kworker/5:2 next_pid=5043 next_prio=120
     kworker/5:2-5043  ( 5043) [005] d..3  4480.419755: sched_switch: prev_comm=kworker/5:2 prev_pid=5043 prev_prio=120 prev_state=S ==> next_comm=swapper/5 next_pid=0 next_prio=120
          <idle>-0     (-----) [004] d..3  4480.419769: sched_switch: prev_comm=swapper/4 prev_pid=0 prev_prio=120 prev_state=R ==> next_comm=kworker/u12:1 next_pid=6875 next_prio=120
           <...>-6875  (-----) [004] d..3  4480.419774: sched_waking: comm=kworker/u12:2 pid=6285 prio=120 target_cpu=004
           <...>-6875  (-----) [004] d..4  4480.419780: sched_wakeup: comm=kworker/u12:2 pid=6285 prio=120 target_cpu=005
          <idle>-0     (-----) [005] d..3  4480.419846: sched_switch: prev_comm=swapper/5 prev_pid=0 prev_prio=120 prev_state=R ==> next_comm=kworker/u12:2 next_pid=6285 next_prio=120
   kworker/u12:2-6285  ( 6285) [005] d..3  4480.419851: sched_switch: prev_comm=kworker/u12:2 prev_pid=6285 prev_prio=120 prev_state=S ==> next_comm=swapper/5 next_pid=0 next_prio=120
           <...>-6875  (-----) [004] d..3  4480.420051: sched_switch: prev_comm=kworker/u12:1 prev_pid=6875 prev_prio=120 prev_state=S ==> next_comm=swapper/4 next_pid=0 next_prio=120
          <idle>-0     (-----) [005] d.h3  4480.429108: sched_waking: comm=sleep pid=7274 prio=120 target_cpu=005
          <idle>-0     (-----) [005] dnh4  4480.429127: sched_wakeup: comm=sleep pid=7274 prio=120 target_cpu=005
          <idle>-0     (-----) [005] d..3  4480.429147: sched_switch: prev_comm=swapper/5 prev_pid=0 prev_prio=120 prev_state=R ==> next_comm=sleep next_pid=7274 next_prio=120
           sleep-7274  ( 7274) [005] d..4  4480.429550: sched_waking: comm=vendor_boot pid=380 prio=120 target_cpu=005
           sleep-7274  ( 7274) [005] d..5  4480.429557: sched_wakeup: comm=vendor_boot pid=380 prio=120 target_cpu=004
           sleep-7274  ( 7274) [005] d.s4  4480.429579: sched_waking: comm=rcu_preempt pid=7 prio=120 target_cpu=000
           sleep-7274  ( 7274) [005] dns5  4480.429584: sched_wakeup: comm=rcu_preempt pid=7 prio=120 target_cpu=005
           sleep-7274  ( 7274) [005] dns4  4480.429586: sched_waking: comm=rcu_sched pid=8 prio=120 target_cpu=002
           sleep-7274  ( 7274) [005] d..3  4480.429593: sched_switch: prev_comm=sleep prev_pid=7274 prev_prio=120 prev_state=R+ ==> next_comm=rcu_preempt next_pid=7 next_prio=120
     rcu_preempt-7     (    7) [005] d..3  4480.429603: sched_switch: prev_comm=rcu_preempt prev_pid=7 prev_prio=120 prev_state=S ==> next_comm=sleep next_pid=7274 next_prio=120
          <idle>-0     (-----) [004] d..3  4480.429615: sched_switch: prev_comm=swapper/4 prev_pid=0 prev_prio=120 prev_state=R ==> next_comm=vendor_boot next_pid=380 next_prio=120
           sleep-7274  ( 7274) [005] d..3  4480.429615: sched_switch: prev_comm=sleep prev_pid=7274 prev_prio=120 prev_state=x ==> next_comm=swapper/5 next_pid=0 next_prio=120
          <idle>-0     (-----) [002] dnh3  4480.429698: sched_wakeup: comm=rcu_sched pid=8 prio=120 target_cpu=002
          <idle>-0     (-----) [002] d..3  4480.429722: sched_switch: prev_comm=swapper/2 prev_pid=0 prev_prio=120 prev_state=R ==> next_comm=rcu_sched next_pid=8 next_prio=120
       rcu_sched-8     (    8) [002] d..3  4480.429742: sched_switch: prev_comm=rcu_sched prev_pid=8 prev_prio=120 prev_state=S ==> next_comm=swapper/2 next_pid=0 next_prio=120
          <idle>-0     (-----) [003] d..3  4480.430304: sched_switch: prev_comm=swapper/3 prev_pid=0 prev_prio=120 prev_state=R ==> next_comm=vendor_boot next_pid=7275 next_prio=120
     vendor_boot-380   (  380) [004] d..3  4480.430359: sched_switch: prev_comm=vendor_boot prev_pid=380 prev_prio=120 prev_state=S ==> next_comm=swapper/4 next_pid=0 next_prio=120
           sleep-7275  ( 7275) [003] d..3  4480.430757: sched_waking: comm=migration/3 pid=23 prio=0 target_cpu=003
           sleep-7275  ( 7275) [003] dn.4  4480.430763: sched_wakeup: comm=migration/3 pid=23 prio=0 target_cpu=003
           sleep-7275  ( 7275) [003] d..3  4480.430770: sched_switch: prev_comm=vendor_boot prev_pid=7275 prev_prio=120 prev_state=R+ ==> next_comm=migration/3 next_pid=23 next_prio=0
     migration/3-23    (   23) [003] d..3  4480.430807: sched_switch: prev_comm=migration/3 prev_pid=23 prev_prio=0 prev_state=S ==> next_comm=swapper/3 next_pid=0 next_prio=120
          <idle>-0     (-----) [004] d..3  4480.430836: sched_switch: prev_comm=swapper/4 prev_pid=0 prev_prio=120 prev_state=R ==> next_comm=vendor_boot next_pid=7275 next_prio=120
          <idle>-0     (-----) [001] d.h3  4480.432663: sched_waking: comm=android.hardwar pid=284 prio=112 target_cpu=001
          <idle>-0     (-----) [001] dnh4  4480.432691: sched_wakeup: comm=android.hardwar pid=284 prio=112 target_cpu=001
          <idle>-0     (-----) [001] d..3  4480.432720: sched_switch: prev_comm=swapper/1 prev_pid=0 prev_prio=120 prev_state=R ==> next_comm=android.hardwar next_pid=284 next_prio=112
           <...>-284   (-----) [001] d..3  4480.432762: sched_switch: prev_comm=android.hardwar prev_pid=284 prev_prio=112 prev_state=S ==> next_comm=swapper/1 next_pid=0 next_prio=120
          <idle>-0     (-----) [002] d.s3  4480.436374: sched_waking: comm=rcu_sched pid=8 prio=120 target_cpu=002
          <idle>-0     (-----) [002] dns4  4480.436405: sched_wakeup: comm=rcu_sched pid=8 prio=120 target_cpu=002
          <idle>-0     (-----) [005] d.s3  4480.436415: sched_waking: comm=rcu_preempt pid=7 prio=120 target_cpu=005
          <idle>-0     (-----) [005] dns4  4480.436427: sched_wakeup: comm=rcu_preempt pid=7 prio=120 target_cpu=005
          <idle>-0     (-----) [005] d..3  4480.436441: sched_switch: prev_comm=swapper/5 prev_pid=0 prev_prio=120 prev_state=R ==> next_comm=rcu_preempt next_pid=7 next_prio=120
          <idle>-0     (-----) [002] d..3  4480.436455: sched_switch: prev_comm=swapper/2 prev_pid=0 prev_prio=120 prev_state=R ==> next_comm=rcu_sched next_pid=8 next_prio=120
     rcu_preempt-7     (    7) [005] d..3  4480.436458: sched_switch: prev_comm=rcu_preempt prev_pid=7 prev_prio=120 prev_state=S ==> next_comm=swapper/5 next_pid=0 next_prio=120
       rcu_sched-8     (    8) [002] d..3  4480.436480: sched_switch: prev_comm=rcu_sched prev_pid=8 prev_prio=120 prev_state=S ==> next_comm=swapper/2 next_pid=0 next_prio=120
           sleep-7275  ( 7275) [004] d..3  4480.439005: sched_switch: prev_comm=sleep prev_pid=7275 prev_prio=120 prev_state=S ==> next_comm=swapper/4 next_pid=0 next_prio=120
          <idle>-0     (-----) [002] d.s3  4480.443051: sched_waking: comm=rcu_sched pid=8 prio=120 target_cpu=002
          <idle>-0     (-----) [002] dns4  4480.443083: sched_wakeup: comm=rcu_sched pid=8 prio=120 target_cpu=002
          <idle>-0     (-----) [002] dns4  4480.443093: sched_waking: comm=rcu_preempt pid=7 prio=120 target_cpu=005
          <idle>-0     (-----) [005] dnH3  4480.443120: sched_wakeup: comm=rcu_preempt pid=7 prio=120 target_cpu=005
          <idle>-0     (-----) [002] d..3  4480.443132: sched_switch: prev_comm=swapper/2 prev_pid=0 prev_prio=120 prev_state=R ==> next_comm=rcu_sched next_pid=8 next_prio=120
          <idle>-0     (-----) [005] d..3  4480.443133: sched_switch: prev_comm=swapper/5 prev_pid=0 prev_prio=120 prev_state=R ==> next_comm=rcu_preempt next_pid=7 next_prio=120
     rcu_preempt-7     (    7) [005] d..3  4480.443149: sched_switch: prev_comm=rcu_preempt prev_pid=7 prev_prio=120 prev_state=S ==> next_comm=swapper/5 next_pid=0 next_prio=120
       rcu_sched-8     (    8) [002] d..3  4480.443156: sched_switch: prev_comm=rcu_sched prev_pid=8 prev_prio=120 prev_state=S ==> next_comm=swapper/2 next_pid=0 next_prio=120
          <idle>-0     (-----) [002] d.s3  4480.449718: sched_waking: comm=rcu_sched pid=8 prio=120 target_cpu=002
          <idle>-0     (-----) [002] dns4  4480.449751: sched_wakeup: comm=rcu_sched pid=8 prio=120 target_cpu=002
          <idle>-0     (-----) [005] d.s3  4480.449778: sched_waking: comm=rcu_preempt pid=7 prio=120 target_cpu=005
          <idle>-0     (-----) [005] dns4  4480.449790: sched_wakeup: comm=rcu_preempt pid=7 prio=120 target_cpu=005
          <idle>-0     (-----) [005] d..3  4480.449801: sched_switch: prev_comm=swapper/5 prev_pid=0 prev_prio=120 prev_state=R ==> next_comm=rcu_preempt next_pid=7 next_prio=120
          <idle>-0     (-----) [002] d..3  4480.449803: sched_switch: prev_comm=swapper/2 prev_pid=0 prev_prio=120 prev_state=R ==> next_comm=rcu_sched next_pid=8 next_prio=120
     rcu_preempt-7     (    7) [005] d..3  4480.449816: sched_switch: prev_comm=rcu_preempt prev_pid=7 prev_prio=120 prev_state=S ==> next_comm=swapper/5 next_pid=0 next_prio=120
       rcu_sched-8     (    8) [002] d..3  4480.449825: sched_switch: prev_comm=rcu_sched prev_pid=8 prev_prio=120 prev_state=S ==> next_comm=swapper/2 next_pid=0 next_prio=120
          <idle>-0     (-----) [005] d.s3  4480.456382: sched_waking: comm=rcu_preempt pid=7 prio=120 target_cpu=005
          <idle>-0     (-----) [005] dns4  4480.456399: sched_wakeup: comm=rcu_preempt pid=7 prio=120 target_cpu=005
          <idle>-0     (-----) [005] d..3  4480.456409: sched_switch: prev_comm=swapper/5 prev_pid=0 prev_prio=120 prev_state=R ==> next_comm=rcu_preempt next_pid=7 next_prio=120
     rcu_preempt-7     (    7) [005] d..3  4480.456426: sched_switch: prev_comm=rcu_preempt prev_pid=7 prev_prio=120 prev_state=S ==> next_comm=swapper/5 next_pid=0 next_prio=120
          <idle>-0     (-----) [005] d.s3  4480.463013: sched_waking: comm=rcu_preempt pid=7 prio=120 target_cpu=005
          <idle>-0     (-----) [005] dns4  4480.463030: sched_wakeup: comm=rcu_preempt pid=7 prio=120 target_cpu=005
          <idle>-0     (-----) [005] d..3  4480.463043: sched_switch: prev_comm=swapper/5 prev_pid=0 prev_prio=120 prev_state=R ==> next_comm=rcu_preempt next_pid=7 next_prio=120
          <idle>-0     (-----) [004] d.s4  4480.463056: sched_waking: comm=rcu_preempt pid=7 prio=120 target_cpu=005
     rcu_preempt-7     (    7) [005] d..3  4480.463058: sched_switch: prev_comm=rcu_preempt prev_pid=7 prev_prio=120 prev_state=S ==> next_comm=swapper/5 next_pid=0 next_prio=120
          <idle>-0     (-----) [004] dns5  4480.463063: sched_wakeup: comm=rcu_preempt pid=7 prio=120 target_cpu=004
          <idle>-0     (-----) [004] d..3  4480.463069: sched_switch: prev_comm=swapper/4 prev_pid=0 prev_prio=120 prev_state=R ==> next_comm=rcu_preempt next_pid=7 next_prio=120
     rcu_preempt-7     (    7) [004] d..3  4480.463077: sched_switch: prev_comm=rcu_preempt prev_pid=7 prev_prio=120 prev_state=S ==> next_comm=swapper/4 next_pid=0 next_prio=120
          <idle>-0     (-----) [004] d.s3  4480.469676: sched_waking: comm=rcu_preempt pid=7 prio=120 target_cpu=004
          <idle>-0     (-----) [004] dns4  4480.469693: sched_wakeup: comm=rcu_preempt pid=7 prio=120 target_cpu=004
          <idle>-0     (-----) [004] dns4  4480.469696: sched_waking: comm=kworker/u12:1 pid=6875 prio=120 target_cpu=004
          <idle>-0     (-----) [004] dns5  4480.469704: sched_wakeup: comm=kworker/u12:1 pid=6875 prio=120 target_cpu=005
          <idle>-0     (-----) [004] d..3  4480.469725: sched_switch: prev_comm=swapper/4 prev_pid=0 prev_prio=120 prev_state=R ==> next_comm=rcu_preempt next_pid=7 next_prio=120
     rcu_preempt-7     (    7) [004] d..3  4480.469743: sched_switch: prev_comm=rcu_preempt prev_pid=7 prev_prio=120 prev_state=S ==> next_comm=swapper/4 next_pid=0 next_prio=120
          <idle>-0     (-----) [005] d..3  4480.469765: sched_switch: prev_comm=swapper/5 prev_pid=0 prev_prio=120 prev_state=R ==> next_comm=kworker/u12:1 next_pid=6875 next_prio=120
           <...>-6875  (-----) [005] d..3  4480.469791: sched_switch: prev_comm=kworker/u12:1 prev_pid=6875 prev_prio=120 prev_state=S ==> next_comm=swapper/5 next_pid=0 next_prio=120
          <idle>-0     (-----) [004] d.s3  4480.476344: sched_waking: comm=rcu_preempt pid=7 prio=120 target_cpu=004
          <idle>-0     (-----) [004] dns4  4480.476360: sched_wakeup: comm=rcu_preempt pid=7 prio=120 target_cpu=004
          <idle>-0     (-----) [004] d..3  4480.476381: sched_switch: prev_comm=swapper/4 prev_pid=0 prev_prio=120 prev_state=R ==> next_comm=rcu_preempt next_pid=7 next_prio=120
     rcu_preempt-7     (    7) [004] d..3  4480.476396: sched_switch: prev_comm=rcu_preempt prev_pid=7 prev_prio=120 prev_state=S ==> next_comm=swapper/4 next_pid=0 next_prio=120
          <idle>-0     (-----) [004] d.s4  4480.479680: sched_waking: comm=kworker/u12:1 pid=6875 prio=120 target_cpu=005
          <idle>-0     (-----) [004] dns5  4480.479698: sched_wakeup: comm=kworker/u12:1 pid=6875 prio=120 target_cpu=004
          <idle>-0     (-----) [004] d..3  4480.479709: sched_switch: prev_comm=swapper/4 prev_pid=0 prev_prio=120 prev_state=R ==> next_comm=kworker/u12:1 next_pid=6875 next_prio=120
           <...>-6875  (-----) [004] d..3  4480.479731: sched_switch: prev_comm=kworker/u12:1 prev_pid=6875 prev_prio=120 prev_state=S ==> next_comm=swapper/4 next_pid=0 next_prio=120
          <idle>-0     (-----) [003] d.h3  4480.493947: sched_waking: comm=listener pid=273 prio=120 target_cpu=003
          <idle>-0     (-----) [003] dnh4  4480.493980: sched_wakeup: comm=listener pid=273 prio=120 target_cpu=003
          <idle>-0     (-----) [003] d..3  4480.494022: sched_switch: prev_comm=swapper/3 prev_pid=0 prev_prio=120 prev_state=R ==> next_comm=listener next_pid=273 next_prio=120
           <...>-273   (-----) [003] d..3  4480.494114: sched_switch: prev_comm=listener prev_pid=273 prev_prio=120 prev_state=S ==> next_comm=swapper/3 next_pid=0 next_prio=120
          <idle>-0     (-----) [000] d.s4  4480.593070: sched_waking: comm=kworker/0:1 pid=114 prio=120 target_cpu=000
          <idle>-0     (-----) [000] dns5  4480.593097: sched_wakeup: comm=kworker/0:1 pid=114 prio=120 target_cpu=000
          <idle>-0     (-----) [000] d..3  4480.593152: sched_switch: prev_comm=swapper/0 prev_pid=0 prev_prio=120 prev_state=R ==> next_comm=kworker/0:1 next_pid=114 next_prio=120
           <...>-114   (-----) [000] d..3  4480.593191: sched_switch: prev_comm=kworker/0:1 prev_pid=114 prev_prio=120 prev_state=S ==> next_comm=swapper/0 next_pid=0 next_prio=120
          <idle>-0     (-----) [000] d.h3  4480.636286: sched_waking: comm=irq/236-dwc3 pid=1444 prio=49 target_cpu=001
          <idle>-0     (-----) [000] d.h4  4480.636312: sched_wakeup: comm=irq/236-dwc3 pid=1444 prio=49 target_cpu=001
          <idle>-0     (-----) [001] d..3  4480.636383: sched_switch: prev_comm=swapper/1 prev_pid=0 prev_prio=120 prev_state=R ==> next_comm=irq/236-dwc3 next_pid=1444 next_prio=49
           <...>-1444  (-----) [001] d..3  4480.636402: sched_waking: comm=<-transport pid=1447 prio=120 target_cpu=002
           <...>-1444  (-----) [001] d..4  4480.636428: sched_wakeup: comm=<-transport pid=1447 prio=120 target_cpu=002
           <...>-1444  (-----) [001] d..3  4480.636444: sched_switch: prev_comm=irq/236-dwc3 prev_pid=1444 prev_prio=49 prev_state=S ==> next_comm=swapper/1 next_pid=0 next_prio=120
          <idle>-0     (-----) [002] d..3  4480.636492: sched_switch: prev_comm=swapper/2 prev_pid=0 prev_prio=120 prev_state=R ==> next_comm=<-transport next_pid=1447 next_prio=120
           <...>-1447  (-----) [002] d..3  4480.636553: sched_switch: prev_comm=<-transport prev_pid=1447 prev_prio=120 prev_state=S ==> next_comm=swapper/2 next_pid=0 next_prio=120
          <idle>-0     (-----) [000] d.h3  4480.636714: sched_waking: comm=irq/236-dwc3 pid=1444 prio=49 target_cpu=001
          <idle>-0     (-----) [000] d.h4  4480.636740: sched_wakeup: comm=irq/236-dwc3 pid=1444 prio=49 target_cpu=001
          <idle>-0     (-----) [001] d..3  4480.636809: sched_switch: prev_comm=swapper/1 prev_pid=0 prev_prio=120 prev_state=R ==> next_comm=irq/236-dwc3 next_pid=1444 next_prio=49
           <...>-1444  (-----) [001] d..3  4480.636827: sched_waking: comm=<-transport pid=1447 prio=120 target_cpu=002
           <...>-1444  (-----) [001] d..4  4480.636851: sched_wakeup: comm=<-transport pid=1447 prio=120 target_cpu=002
           <...>-1444  (-----) [001] d..3  4480.636866: sched_switch: prev_comm=irq/236-dwc3 prev_pid=1444 prev_prio=49 prev_state=S ==> next_comm=swapper/1 next_pid=0 next_prio=120
          <idle>-0     (-----) [002] d..3  4480.636915: sched_switch: prev_comm=swapper/2 prev_pid=0 prev_prio=120 prev_state=R ==> next_comm=<-transport next_pid=1447 next_prio=120
           <...>-1447  (-----) [002] d..3  4480.636992: sched_waking: comm=adbd pid=1442 prio=120 target_cpu=005
           <...>-1447  (-----) [002] d..3  4480.637074: sched_switch: prev_comm=<-transport prev_pid=1447 prev_prio=120 prev_state=S ==> next_comm=swapper/2 next_pid=0 next_prio=120
          <idle>-0     (-----) [005] dnh3  4480.637091: sched_wakeup: comm=adbd pid=1442 prio=120 target_cpu=005
          <idle>-0     (-----) [005] d..3  4480.637109: sched_switch: prev_comm=swapper/5 prev_pid=0 prev_prio=120 prev_state=R ==> next_comm=adbd next_pid=1442 next_prio=120
           <...>-1442  (-----) [005] d..3  4480.637204: sched_waking: comm=->transport pid=1446 prio=120 target_cpu=005
           <...>-1442  (-----) [005] d..4  4480.637212: sched_wakeup: comm=->transport pid=1446 prio=120 target_cpu=005
           <...>-1442  (-----) [005] d..3  4480.637233: sched_waking: comm=shell svc 1464 pid=1465 prio=120 target_cpu=005
           <...>-1442  (-----) [005] d..4  4480.637241: sched_wakeup: comm=shell svc 1464 pid=1465 prio=120 target_cpu=004
          <idle>-0     (-----) [004] d..3  4480.637301: sched_switch: prev_comm=swapper/4 prev_pid=0 prev_prio=120 prev_state=R ==> next_comm=shell svc 1464 next_pid=1465 next_prio=120
           <...>-1442  (-----) [005] d..3  4480.637308: sched_switch: prev_comm=adbd prev_pid=1442 prev_prio=120 prev_state=S ==> next_comm=->transport next_pid=1446 next_prio=120
           <...>-1465  (-----) [004] d..4  4480.637338: sched_waking: comm=kworker/u12:1 pid=6875 prio=120 target_cpu=004
           <...>-1465  (-----) [004] d..5  4480.637344: sched_wakeup: comm=kworker/u12:1 pid=6875 prio=120 target_cpu=004
           <...>-1446  (-----) [005] d..3  4480.637350: sched_switch: prev_comm=->transport prev_pid=1446 prev_prio=120 prev_state=S ==> next_comm=swapper/5 next_pid=0 next_prio=120
           <...>-1465  (-----) [004] d..3  4480.637353: sched_switch: prev_comm=shell svc 1464 prev_pid=1465 prev_prio=120 prev_state=S ==> next_comm=kworker/u12:1 next_pid=6875 next_prio=120
           <...>-6875  (-----) [004] d..3  4480.637362: sched_waking: comm=sh pid=1464 prio=120 target_cpu=005
           <...>-6875  (-----) [004] d..4  4480.637366: sched_wakeup: comm=sh pid=1464 prio=120 target_cpu=005
           <...>-6875  (-----) [004] d..3  4480.637375: sched_switch: prev_comm=kworker/u12:1 prev_pid=6875 prev_prio=120 prev_state=S ==> next_comm=swapper/4 next_pid=0 next_prio=120
          <idle>-0     (-----) [000] d.h3  4480.637466: sched_waking: comm=irq/236-dwc3 pid=1444 prio=49 target_cpu=001
          <idle>-0     (-----) [000] d.h4  4480.637491: sched_wakeup: comm=irq/236-dwc3 pid=1444 prio=49 target_cpu=001
          <idle>-0     (-----) [005] d..3  4480.637565: sched_switch: prev_comm=swapper/5 prev_pid=0 prev_prio=120 prev_state=R ==> next_comm=sh next_pid=1464 next_prio=120
          <idle>-0     (-----) [001] d..3  4480.637570: sched_switch: prev_comm=swapper/1 prev_pid=0 prev_prio=120 prev_state=R ==> next_comm=irq/236-dwc3 next_pid=1444 next_prio=49
           <...>-1444  (-----) [001] d..3  4480.637588: sched_waking: comm=->transport pid=1446 prio=120 target_cpu=005
           <...>-1444  (-----) [001] d..3  4480.637619: sched_switch: prev_comm=irq/236-dwc3 prev_pid=1444 prev_prio=49 prev_state=S ==> next_comm=swapper/1 next_pid=0 next_prio=120
          <idle>-0     (-----) [004] dnh3  4480.637670: sched_wakeup: comm=->transport pid=1446 prio=120 target_cpu=004
          <idle>-0     (-----) [004] d..3  4480.637680: sched_switch: prev_comm=swapper/4 prev_pid=0 prev_prio=120 prev_state=R ==> next_comm=->transport next_pid=1446 next_prio=120
           <...>-1464  (-----) [005] d..4  4480.637741: sched_waking: comm=kworker/u12:1 pid=6875 prio=120 target_cpu=004
           <...>-1446  (-----) [004] d..3  4480.637745: sched_switch: prev_comm=->transport prev_pid=1446 prev_prio=120 prev_state=S ==> next_comm=swapper/4 next_pid=0 next_prio=120
           <...>-1464  (-----) [005] d..5  4480.637754: sched_wakeup: comm=kworker/u12:1 pid=6875 prio=120 target_cpu=004
          <idle>-0     (-----) [004] d..3  4480.637757: sched_switch: prev_comm=swapper/4 prev_pid=0 prev_prio=120 prev_state=R ==> next_comm=kworker/u12:1 next_pid=6875 next_prio=120
           <...>-1464  (-----) [005] d..3  4480.637764: sched_switch: prev_comm=sh prev_pid=1464 prev_prio=120 prev_state=S ==> next_comm=swapper/5 next_pid=0 next_prio=120
           <...>-6875  (-----) [004] d..3  4480.637764: sched_waking: comm=shell svc 1464 pid=1465 prio=120 target_cpu=004
           <...>-6875  (-----) [004] d..4  4480.637771: sched_wakeup: comm=shell svc 1464 pid=1465 prio=120 target_cpu=005
           <...>-6875  (-----) [004] d..3  4480.637775: sched_switch: prev_comm=kworker/u12:1 prev_pid=6875 prev_prio=120 prev_state=S ==> next_comm=swapper/4 next_pid=0 next_prio=120
          <idle>-0     (-----) [005] d..3  4480.637847: sched_switch: prev_comm=swapper/5 prev_pid=0 prev_prio=120 prev_state=R ==> next_comm=shell svc 1464 next_pid=1465 next_prio=120
           <...>-1465  (-----) [005] d..3  4480.637882: sched_waking: comm=adbd pid=1442 prio=120 target_cpu=005
           <...>-1465  (-----) [005] d..4  4480.637887: sched_wakeup: comm=adbd pid=1442 prio=120 target_cpu=004
           <...>-1465  (-----) [005] d..3  4480.637897: sched_switch: prev_comm=shell svc 1464 prev_pid=1465 prev_prio=120 prev_state=S ==> next_comm=swapper/5 next_pid=0 next_prio=120
          <idle>-0     (-----) [004] d..3  4480.637934: sched_switch: prev_comm=swapper/4 prev_pid=0 prev_prio=120 prev_state=R ==> next_comm=adbd next_pid=1442 next_prio=120
           <...>-1442  (-----) [004] d..3  4480.638022: sched_waking: comm=->transport pid=1446 prio=120 target_cpu=004
           <...>-1442  (-----) [004] d..4  4480.638027: sched_wakeup: comm=->transport pid=1446 prio=120 target_cpu=004
           <...>-1442  (-----) [004] d..3  4480.638049: sched_switch: prev_comm=adbd prev_pid=1442 prev_prio=120 prev_state=S ==> next_comm=->transport next_pid=1446 next_prio=120
           <...>-1446  (-----) [004] d..3  4480.638078: sched_switch: prev_comm=->transport prev_pid=1446 prev_prio=120 prev_state=S ==> next_comm=swapper/4 next_pid=0 next_prio=120
          <idle>-0     (-----) [000] d.h3  4480.638204: sched_waking: comm=irq/236-dwc3 pid=1444 prio=49 target_cpu=001
          <idle>-0     (-----) [000] d.h4  4480.638224: sched_wakeup: comm=irq/236-dwc3 pid=1444 prio=49 target_cpu=001
          <idle>-0     (-----) [001] d..3  4480.638286: sched_switch: prev_comm=swapper/1 prev_pid=0 prev_prio=120 prev_state=R ==> next_comm=irq/236-dwc3 next_pid=1444 next_prio=49
           <...>-1444  (-----) [001] d..3  4480.638301: sched_waking: comm=->transport pid=1446 prio=120 target_cpu=004
           <...>-1444  (-----) [001] d..3  4480.638322: sched_switch: prev_comm=irq/236-dwc3 prev_pid=1444 prev_prio=49 prev_state=S ==> next_comm=swapper/1 next_pid=0 next_prio=120
          <idle>-0     (-----) [004] dnh3  4480.638354: sched_wakeup: comm=->transport pid=1446 prio=120 target_cpu=004
          <idle>-0     (-----) [004] d..3  4480.638359: sched_switch: prev_comm=swapper/4 prev_pid=0 prev_prio=120 prev_state=R ==> next_comm=->transport next_pid=1446 next_prio=120
           <...>-1446  (-----) [004] d..3  4480.638373: sched_switch: prev_comm=->transport prev_pid=1446 prev_prio=120 prev_state=S ==> next_comm=swapper/4 next_pid=0 next_prio=120
          <idle>-0     (-----) [000] d.h3  4480.638495: sched_waking: comm=irq/236-dwc3 pid=1444 prio=49 target_cpu=001
          <idle>-0     (-----) [000] d.h4  4480.638514: sched_wakeup: comm=irq/236-dwc3 pid=1444 prio=49 target_cpu=001
          <idle>-0     (-----) [001] d..3  4480.638575: sched_switch: prev_comm=swapper/1 prev_pid=0 prev_prio=120 prev_state=R ==> next_comm=irq/236-dwc3 next_pid=1444 next_prio=49
           <...>-1444  (-----) [001] d..3  4480.638590: sched_waking: comm=->transport pid=1446 prio=120 target_cpu=004
           <...>-1444  (-----) [001] d..3  4480.638612: sched_switch: prev_comm=irq/236-dwc3 prev_pid=1444 prev_prio=49 prev_state=S ==> next_comm=swapper/1 next_pid=0 next_prio=120
          <idle>-0     (-----) [004] dnh3  4480.638645: sched_wakeup: comm=->transport pid=1446 prio=120 target_cpu=004
          <idle>-0     (-----) [004] d..3  4480.638650: sched_switch: prev_comm=swapper/4 prev_pid=0 prev_prio=120 prev_state=R ==> next_comm=->transport next_pid=1446 next_prio=120
          <idle>-0     (-----) [000] d.h3  4480.638659: sched_waking: comm=irq/236-dwc3 pid=1444 prio=49 target_cpu=001
          <idle>-0     (-----) [000] d.h4  4480.638663: sched_wakeup: comm=irq/236-dwc3 pid=1444 prio=49 target_cpu=001
           <...>-1446  (-----) [004] d..3  4480.638668: sched_switch: prev_comm=->transport prev_pid=1446 prev_prio=120 prev_state=S ==> next_comm=swapper/4 next_pid=0 next_prio=120
          <idle>-0     (-----) [001] d..3  4480.638810: sched_switch: prev_comm=swapper/1 prev_pid=0 prev_prio=120 prev_state=R ==> next_comm=irq/236-dwc3 next_pid=1444 next_prio=49
           <...>-1444  (-----) [001] d..3  4480.638829: sched_waking: comm=<-transport pid=1447 prio=120 target_cpu=002
           <...>-1444  (-----) [001] d..4  4480.638852: sched_wakeup: comm=<-transport pid=1447 prio=120 target_cpu=002
           <...>-1444  (-----) [001] d..3  4480.638869: sched_switch: prev_comm=irq/236-dwc3 prev_pid=1444 prev_prio=49 prev_state=S ==> next_comm=swapper/1 next_pid=0 next_prio=120
          <idle>-0     (-----) [002] d..3  4480.638910: sched_switch: prev_comm=swapper/2 prev_pid=0 prev_prio=120 prev_state=R ==> next_comm=<-transport next_pid=1447 next_prio=120
           <...>-1447  (-----) [002] d..3  4480.638962: sched_waking: comm=adbd pid=1442 prio=120 target_cpu=004
          <idle>-0     (-----) [004] dnh3  4480.639015: sched_wakeup: comm=adbd pid=1442 prio=120 target_cpu=004
           <...>-1447  (-----) [002] d..3  4480.639018: sched_switch: prev_comm=<-transport prev_pid=1447 prev_prio=120 prev_state=S ==> next_comm=swapper/2 next_pid=0 next_prio=120
          <idle>-0     (-----) [004] d..3  4480.639020: sched_switch: prev_comm=swapper/4 prev_pid=0 prev_prio=120 prev_state=R ==> next_comm=adbd next_pid=1442 next_prio=120
           <...>-1442  (-----) [004] d..3  4480.639047: sched_waking: comm=->transport pid=1446 prio=120 target_cpu=004
           <...>-1442  (-----) [004] d..4  4480.639051: sched_wakeup: comm=->transport pid=1446 prio=120 target_cpu=004
           <...>-1442  (-----) [004] d..3  4480.639079: sched_switch: prev_comm=adbd prev_pid=1442 prev_prio=120 prev_state=S ==> next_comm=->transport next_pid=1446 next_prio=120
           <...>-1446  (-----) [004] d..3  4480.639085: sched_switch: prev_comm=->transport prev_pid=1446 prev_prio=120 prev_state=S ==> next_comm=swapper/4 next_pid=0 next_prio=120
          <idle>-0     (-----) [005] d.s4  4480.639616: sched_waking: comm=kworker/u12:1 pid=6875 prio=120 target_cpu=004
          <idle>-0     (-----) [005] dns5  4480.639620: sched_wakeup: comm=kworker/u12:1 pid=6875 prio=120 target_cpu=005
          <idle>-0     (-----) [005] dns4  4480.639628: sched_waking: comm=rcu_preempt pid=7 prio=120 target_cpu=004
          <idle>-0     (-----) [005] dns5  4480.639631: sched_wakeup: comm=rcu_preempt pid=7 prio=120 target_cpu=004
          <idle>-0     (-----) [005] d..3  4480.639636: sched_switch: prev_comm=swapper/5 prev_pid=0 prev_prio=120 prev_state=R ==> next_comm=kworker/u12:1 next_pid=6875 next_prio=120
           <...>-6875  (-----) [005] d..3  4480.639656: sched_switch: prev_comm=kworker/u12:1 prev_pid=6875 prev_prio=120 prev_state=S ==> next_comm=swapper/5 next_pid=0 next_prio=120
          <idle>-0     (-----) [004] d..3  4480.639680: sched_switch: prev_comm=swapper/4 prev_pid=0 prev_prio=120 prev_state=R ==> next_comm=rcu_preempt next_pid=7 next_prio=120
     rcu_preempt-7     (    7) [004] d..3  4480.639687: sched_switch: prev_comm=rcu_preempt prev_pid=7 prev_prio=120 prev_state=S ==> next_comm=swapper/4 next_pid=0 next_prio=120
          <idle>-0     (-----) [004] d.s3  4480.646345: sched_waking: comm=rcu_preempt pid=7 prio=120 target_cpu=004
          <idle>-0     (-----) [004] dns4  4480.646362: sched_wakeup: comm=rcu_preempt pid=7 prio=120 target_cpu=004
          <idle>-0     (-----) [004] d..3  4480.646389: sched_switch: prev_comm=swapper/4 prev_pid=0 prev_prio=120 prev_state=R ==> next_comm=rcu_preempt next_pid=7 next_prio=120
     rcu_preempt-7     (    7) [004] d..3  4480.646406: sched_switch: prev_comm=rcu_preempt prev_pid=7 prev_prio=120 prev_state=S ==> next_comm=swapper/4 next_pid=0 next_prio=120
          <idle>-0     (-----) [004] d.s3  4480.653008: sched_waking: comm=rcu_preempt pid=7 prio=120 target_cpu=004
          <idle>-0     (-----) [004] dns4  4480.653025: sched_wakeup: comm=rcu_preempt pid=7 prio=120 target_cpu=004
          <idle>-0     (-----) [004] d..3  4480.653051: sched_switch: prev_comm=swapper/4 prev_pid=0 prev_prio=120 prev_state=R ==> next_comm=rcu_preempt next_pid=7 next_prio=120
     rcu_preempt-7     (    7) [004] d..3  4480.653065: sched_switch: prev_comm=rcu_preempt prev_pid=7 prev_prio=120 prev_state=S ==> next_comm=swapper/4 next_pid=0 next_prio=120
          <idle>-0     (-----) [004] d.h3  4480.698691: sched_waking: comm=android.hardwar pid=282 prio=112 target_cpu=004
          <idle>-0     (-----) [004] dnh4  4480.698710: sched_wakeup: comm=android.hardwar pid=282 prio=112 target_cpu=004
          <idle>-0     (-----) [004] d..3  4480.698729: sched_switch: prev_comm=swapper/4 prev_pid=0 prev_prio=120 prev_state=R ==> next_comm=android.hardwar next_pid=282 next_prio=112
 android.hardwar-282   (  255) [004] d..3  4480.698762: sched_switch: prev_comm=android.hardwar prev_pid=282 prev_prio=112 prev_state=S ==> next_comm=swapper/4 next_pid=0 next_prio=120
          <idle>-0     (-----) [004] d.h3  4480.712117: sched_waking: comm=watchdog pid=706 prio=120 target_cpu=004
          <idle>-0     (-----) [004] dnh4  4480.712134: sched_wakeup: comm=watchdog pid=706 prio=120 target_cpu=004
