           <...>-1446  (-----) [004] d..3  4477.870449: sched_switch: prev_comm=->transport prev_pid=1446 prev_prio=120 prev_state=S ==> next_comm=swapper/4 next_pid=0 next_prio=120
          <idle>-0     (-----) [001] d.h3  4477.931307: sched_waking: comm=android.hardwar pid=284 prio=112 target_cpu=001
          <idle>-0     (-----) [001] dnh4  4477.931340: sched_wakeup: comm=android.hardwar pid=284 prio=112 target_cpu=001
          <idle>-0     (-----) [001] d..3  4477.931376: sched_switch: prev_comm=swapper/1 prev_pid=0 prev_prio=120 prev_state=R ==> next_comm=android.hardwar next_pid=284 next_prio=112
           <...>-284   (-----) [001] d..3  4477.931428: sched_switch: prev_comm=android.hardwar prev_pid=284 prev_prio=112 prev_state=S ==> next_comm=swapper/1 next_pid=0 next_prio=120
          <idle>-0     (-----) [003] d.h3  4477.990050: sched_waking: comm=listener pid=273 prio=120 target_cpu=003
          <idle>-0     (-----) [003] dnh4  4477.990084: sched_wakeup: comm=listener pid=273 prio=120 target_cpu=003
          <idle>-0     (-----) [003] d..3  4477.990126: sched_switch: prev_comm=swapper/3 prev_pid=0 prev_prio=120 prev_state=R ==> next_comm=listener next_pid=273 next_prio=120
           <...>-273   (-----) [003] d..3  4477.990209: sched_switch: prev_comm=listener prev_pid=273 prev_prio=120 prev_state=S ==> next_comm=swapper/3 next_pid=0 next_prio=120
          <idle>-0     (-----) [005] d.h3  4478.069013: sched_waking: comm=rild pid=416 prio=120 target_cpu=005
          <idle>-0     (-----) [005] dnh4  4478.069031: sched_wakeup: comm=rild pid=416 prio=120 target_cpu=005
          <idle>-0     (-----) [005] d..3  4478.069050: sched_switch: prev_comm=swapper/5 prev_pid=0 prev_prio=120 prev_state=R ==> next_comm=rild next_pid=416 next_prio=120
            rild-416   (  400) [005] d.s4  4478.069575: sched_waking: comm=kworker/u12:1 pid=6875 prio=120 target_cpu=004
            rild-416   (  400) [005] d.s5  4478.069582: sched_wakeup: comm=kworker/u12:1 pid=6875 prio=120 target_cpu=004
            rild-416   (  400) [005] d.s4  4478.069595: sched_waking: comm=rcu_preempt pid=7 prio=120 target_cpu=000
          <idle>-0     (-----) [004] d..3  4478.069638: sched_switch: prev_comm=swapper/4 prev_pid=0 prev_prio=120 prev_state=R ==> next_comm=kworker/u12:1 next_pid=6875 next_prio=120
           <...>-6875  (-----) [004] d..3  4478.069643: sched_waking: comm=kworker/u12:2 pid=6285 prio=120 target_cpu=005
           <...>-6875  (-----) [004] d..4  4478.069650: sched_wakeup: comm=kworker/u12:2 pid=6285 prio=120 target_cpu=004
           <...>-6875  (-----) [004] d..3  4478.069661: sched_switch: prev_comm=kworker/u12:1 prev_pid=6875 prev_prio=120 prev_state=S ==> next_comm=kworker/u12:2 next_pid=6285 next_prio=120
   kworker/u12:2-6285  ( 6285) [004] d..3  4478.069675: sched_switch: prev_comm=kworker/u12:2 prev_pid=6285 prev_prio=120 prev_state=S ==> next_comm=swapper/4 next_pid=0 next_prio=120
          <idle>-0     (-----) [000] dnh3  4478.069710: sched_wakeup: comm=rcu_preempt pid=7 prio=120 target_cpu=000
          <idle>-0     (-----) [000] d..3  4478.069737: sched_switch: prev_comm=swapper/0 prev_pid=0 prev_prio=120 prev_state=R ==> next_comm=rcu_preempt next_pid=7 next_prio=120
     rcu_preempt-7     (    7) [000] d..3  4478.069759: sched_switch: prev_comm=rcu_preempt prev_pid=7 prev_prio=120 prev_state=S ==> next_comm=swapper/0 next_pid=0 next_prio=120
            rild-416   (  400) [005] d..3  4478.070006: sched_waking: comm=logd.writer pid=231 prio=130 target_cpu=002
            rild-416   (  400) [005] d..3  4478.070031: sched_switch: prev_comm=rild prev_pid=416 prev_prio=120 prev_state=S ==> next_comm=swapper/5 next_pid=0 next_prio=120
          <idle>-0     (-----) [000] dnh3  4478.070134: sched_wakeup: comm=logd.writer pid=231 prio=130 target_cpu=000
          <idle>-0     (-----) [000] d..3  4478.070159: sched_switch: prev_comm=swapper/0 prev_pid=0 prev_prio=120 prev_state=R ==> next_comm=logd.writer next_pid=231 next_prio=130
     logd.writer-231   (  225) [000] d..2  4478.070300: sched_waking: comm=logd.reader.per pid=5725 prio=130 target_cpu=000
     logd.writer-231   (  225) [000] d..3  4478.070316: sched_wakeup: comm=logd.reader.per pid=5725 prio=130 target_cpu=001
     logd.writer-231   (  225) [000] d..3  4478.070335: sched_switch: prev_comm=logd.writer prev_pid=231 prev_prio=130 prev_state=S ==> next_comm=swapper/0 next_pid=0 next_prio=120
          <idle>-0     (-----) [001] d..3  4478.070374: sched_switch: prev_comm=swapper/1 prev_pid=0 prev_prio=120 prev_state=R ==> next_comm=logd.reader.per next_pid=5725 next_prio=130
 logd.reader.per-5725  (  225) [001] d..3  4478.070396: sched_switch: prev_comm=logd.reader.per prev_pid=5725 prev_prio=130 prev_state=S ==> next_comm=swapper/1 next_pid=0 next_prio=120
          <idle>-0     (-----) [000] d.s3  4478.076392: sched_waking: comm=rcu_preempt pid=7 prio=120 target_cpu=000
          <idle>-0     (-----) [000] dns4  4478.076425: sched_wakeup: comm=rcu_preempt pid=7 prio=120 target_cpu=000
          <idle>-0     (-----) [000] d..3  4478.076475: sched_switch: prev_comm=swapper/0 prev_pid=0 prev_prio=120 prev_state=R ==> next_comm=rcu_preempt next_pid=7 next_prio=120
     rcu_preempt-7     (    7) [000] d..3  4478.076508: sched_switch: prev_comm=rcu_preempt prev_pid=7 prev_prio=120 prev_state=S ==> next_comm=swapper/0 next_pid=0 next_prio=120
          <idle>-0     (-----) [000] d.s3  4478.083056: sched_waking: comm=rcu_preempt pid=7 prio=120 target_cpu=000
          <idle>-0     (-----) [000] dns4  4478.083088: sched_wakeup: comm=rcu_preempt pid=7 prio=120 target_cpu=000
          <idle>-0     (-----) [000] d..3  4478.083122: sched_switch: prev_comm=swapper/0 prev_pid=0 prev_prio=120 prev_state=R ==> next_comm=rcu_preempt next_pid=7 next_prio=120
     rcu_preempt-7     (    7) [000] d..3  4478.083156: sched_switch: prev_comm=rcu_preempt prev_pid=7 prev_prio=120 prev_state=S ==> next_comm=swapper/0 next_pid=0 next_prio=120
          <idle>-0     (-----) [000] d.s3  4478.089721: sched_waking: comm=rcu_preempt pid=7 prio=120 target_cpu=000
          <idle>-0     (-----) [000] dns4  4478.089752: sched_wakeup: comm=rcu_preempt pid=7 prio=120 target_cpu=000
          <idle>-0     (-----) [000] d..3  4478.089804: sched_switch: prev_comm=swapper/0 prev_pid=0 prev_prio=120 prev_state=R ==> next_comm=rcu_preempt next_pid=7 next_prio=120
     rcu_preempt-7     (    7) [000] d..3  4478.089832: sched_switch: prev_comm=rcu_preempt prev_pid=7 prev_prio=120 prev_state=S ==> next_comm=swapper/0 next_pid=0 next_prio=120
          <idle>-0     (-----) [000] d.h3  4478.185829: sched_waking: comm=irq/236-dwc3 pid=1444 prio=49 target_cpu=001
          <idle>-0     (-----) [000] d.h4  4478.185861: sched_wakeup: comm=irq/236-dwc3 pid=1444 prio=49 target_cpu=001
          <idle>-0     (-----) [001] d..3  4478.185932: sched_switch: prev_comm=swapper/1 prev_pid=0 prev_prio=120 prev_state=R ==> next_comm=irq/236-dwc3 next_pid=1444 next_prio=49
           <...>-1444  (-----) [001] d..3  4478.185952: sched_waking: comm=<-transport pid=1447 prio=120 target_cpu=002
           <...>-1444  (-----) [001] d..4  4478.185978: sched_wakeup: comm=<-transport pid=1447 prio=120 target_cpu=002
           <...>-1444  (-----) [001] d..3  4478.185993: sched_switch: prev_comm=irq/236-dwc3 prev_pid=1444 prev_prio=49 prev_state=S ==> next_comm=swapper/1 next_pid=0 next_prio=120
          <idle>-0     (-----) [002] d..3  4478.186044: sched_switch: prev_comm=swapper/2 prev_pid=0 prev_prio=120 prev_state=R ==> next_comm=<-transport next_pid=1447 next_prio=120
          <idle>-0     (-----) [000] d.h3  4478.186048: sched_waking: comm=irq/236-dwc3 pid=1444 prio=49 target_cpu=001
          <idle>-0     (-----) [000] d.h4  4478.186052: sched_wakeup: comm=irq/236-dwc3 pid=1444 prio=49 target_cpu=001
           <...>-1447  (-----) [002] d..3  4478.186109: sched_switch: prev_comm=<-transport prev_pid=1447 prev_prio=120 prev_state=S ==> next_comm=swapper/2 next_pid=0 next_prio=120
          <idle>-0     (-----) [001] d..3  4478.186118: sched_switch: prev_comm=swapper/1 prev_pid=0 prev_prio=120 prev_state=R ==> next_comm=irq/236-dwc3 next_pid=1444 next_prio=49
           <...>-1444  (-----) [001] d..3  4478.186127: sched_switch: prev_comm=irq/236-dwc3 prev_pid=1444 prev_prio=49 prev_state=S ==> next_comm=swapper/1 next_pid=0 next_prio=120
          <idle>-0     (-----) [000] d.h3  4478.186294: sched_waking: comm=irq/236-dwc3 pid=1444 prio=49 target_cpu=001
          <idle>-0     (-----) [000] d.h4  4478.186321: sched_wakeup: comm=irq/236-dwc3 pid=1444 prio=49 target_cpu=001
          <idle>-0     (-----) [001] d..3  4478.186395: sched_switch: prev_comm=swapper/1 prev_pid=0 prev_prio=120 prev_state=R ==> next_comm=irq/236-dwc3 next_pid=1444 next_prio=49
           <...>-1444  (-----) [001] d..3  4478.186413: sched_waking: comm=<-transport pid=1447 prio=120 target_cpu=002
           <...>-1444  (-----) [001] d..4  4478.186437: sched_wakeup: comm=<-transport pid=1447 prio=120 target_cpu=002
           <...>-1444  (-----) [001] d..3  4478.186451: sched_switch: prev_comm=irq/236-dwc3 prev_pid=1444 prev_prio=49 prev_state=S ==> next_comm=swapper/1 next_pid=0 next_prio=120
          <idle>-0     (-----) [002] d..3  4478.186501: sched_switch: prev_comm=swapper/2 prev_pid=0 prev_prio=120 prev_state=R ==> next_comm=<-transport next_pid=1447 next_prio=120
           <...>-1447  (-----) [002] d..3  4478.186577: sched_waking: comm=adbd pid=1442 prio=120 target_cpu=004
           <...>-1447  (-----) [002] d..3  4478.186659: sched_switch: prev_comm=<-transport prev_pid=1447 prev_prio=120 prev_state=S ==> next_comm=swapper/2 next_pid=0 next_prio=120
          <idle>-0     (-----) [004] dnh3  4478.186676: sched_wakeup: comm=adbd pid=1442 prio=120 target_cpu=004
          <idle>-0     (-----) [004] d..3  4478.186693: sched_switch: prev_comm=swapper/4 prev_pid=0 prev_prio=120 prev_state=R ==> next_comm=adbd next_pid=1442 next_prio=120
           <...>-1442  (-----) [004] d..3  4478.186785: sched_waking: comm=->transport pid=1446 prio=120 target_cpu=004
           <...>-1442  (-----) [004] d..4  4478.186794: sched_wakeup: comm=->transport pid=1446 prio=120 target_cpu=004
           <...>-1442  (-----) [004] d..3  4478.186815: sched_waking: comm=shell svc 1464 pid=1465 prio=120 target_cpu=004
           <...>-1442  (-----) [004] d..4  4478.186818: sched_wakeup: comm=shell svc 1464 pid=1465 prio=120 target_cpu=004
           <...>-1442  (-----) [004] d..3  4478.186884: sched_switch: prev_comm=adbd prev_pid=1442 prev_prio=120 prev_state=S ==> next_comm=->transport next_pid=1446 next_prio=120
           <...>-1446  (-----) [004] d..3  4478.186914: sched_switch: prev_comm=->transport prev_pid=1446 prev_prio=120 prev_state=S ==> next_comm=shell svc 1464 next_pid=1465 next_prio=120
           <...>-1465  (-----) [004] d..4  4478.186943: sched_waking: comm=kworker/u12:2 pid=6285 prio=120 target_cpu=004
           <...>-1465  (-----) [004] d..5  4478.186951: sched_wakeup: comm=kworker/u12:2 pid=6285 prio=120 target_cpu=005
           <...>-1465  (-----) [004] d..3  4478.186972: sched_switch: prev_comm=shell svc 1464 prev_pid=1465 prev_prio=120 prev_state=S ==> next_comm=swapper/4 next_pid=0 next_prio=120
          <idle>-0     (-----) [005] d..3  4478.187015: sched_switch: prev_comm=swapper/5 prev_pid=0 prev_prio=120 prev_state=R ==> next_comm=kworker/u12:2 next_pid=6285 next_prio=120
          <idle>-0     (-----) [000] d.h3  4478.187024: sched_waking: comm=irq/236-dwc3 pid=1444 prio=49 target_cpu=001
   kworker/u12:2-6285  ( 6285) [005] d..3  4478.187024: sched_waking: comm=sh pid=1464 prio=120 target_cpu=005
   kworker/u12:2-6285  ( 6285) [005] d..4  4478.187030: sched_wakeup: comm=sh pid=1464 prio=120 target_cpu=005
   kworker/u12:2-6285  ( 6285) [005] d..3  4478.187035: sched_switch: prev_comm=kworker/u12:2 prev_pid=6285 prev_prio=120 prev_state=S ==> next_comm=sh next_pid=1464 next_prio=120
          <idle>-0     (-----) [000] d.h4  4478.187045: sched_wakeup: comm=irq/236-dwc3 pid=1444 prio=49 target_cpu=001
           <...>-1464  (-----) [005] d..4  4478.187061: sched_waking: comm=kworker/u12:2 pid=6285 prio=120 target_cpu=005
           <...>-1464  (-----) [005] d..5  4478.187064: sched_wakeup: comm=kworker/u12:2 pid=6285 prio=120 target_cpu=005
           <...>-1464  (-----) [005] d..3  4478.187070: sched_switch: prev_comm=sh prev_pid=1464 prev_prio=120 prev_state=S ==> next_comm=kworker/u12:2 next_pid=6285 next_prio=120
   kworker/u12:2-6285  ( 6285) [005] d..3  4478.187072: sched_waking: comm=shell svc 1464 pid=1465 prio=120 target_cpu=004
   kworker/u12:2-6285  ( 6285) [005] d..4  4478.187075: sched_wakeup: comm=shell svc 1464 pid=1465 prio=120 target_cpu=004
   kworker/u12:2-6285  ( 6285) [005] d..3  4478.187082: sched_switch: prev_comm=kworker/u12:2 prev_pid=6285 prev_prio=120 prev_state=S ==> next_comm=swapper/5 next_pid=0 next_prio=120
          <idle>-0     (-----) [001] d..3  4478.187113: sched_switch: prev_comm=swapper/1 prev_pid=0 prev_prio=120 prev_state=R ==> next_comm=irq/236-dwc3 next_pid=1444 next_prio=49
           <...>-1444  (-----) [001] d..3  4478.187133: sched_waking: comm=->transport pid=1446 prio=120 target_cpu=004
          <idle>-0     (-----) [004] d..3  4478.187133: sched_switch: prev_comm=swapper/4 prev_pid=0 prev_prio=120 prev_state=R ==> next_comm=shell svc 1464 next_pid=1465 next_prio=120
           <...>-1465  (-----) [004] d..3  4478.187147: sched_waking: comm=adbd pid=1442 prio=120 target_cpu=004
           <...>-1465  (-----) [004] d..4  4478.187151: sched_wakeup: comm=adbd pid=1442 prio=120 target_cpu=004
           <...>-1465  (-----) [004] d..3  4478.187159: sched_switch: prev_comm=shell svc 1464 prev_pid=1465 prev_prio=120 prev_state=S ==> next_comm=adbd next_pid=1442 next_prio=120
           <...>-1444  (-----) [001] d..3  4478.187172: sched_switch: prev_comm=irq/236-dwc3 prev_pid=1444 prev_prio=49 prev_state=S ==> next_comm=swapper/1 next_pid=0 next_prio=120
          <idle>-0     (-----) [005] dnh3  4478.187192: sched_wakeup: comm=->transport pid=1446 prio=120 target_cpu=005
          <idle>-0     (-----) [005] d..3  4478.187197: sched_switch: prev_comm=swapper/5 prev_pid=0 prev_prio=120 prev_state=R ==> next_comm=->transport next_pid=1446 next_prio=120
           <...>-1442  (-----) [004] d..3  4478.187209: sched_switch: prev_comm=adbd prev_pid=1442 prev_prio=120 prev_state=S ==> next_comm=swapper/4 next_pid=0 next_prio=120
          <idle>-0     (-----) [000] d.h3  4478.187222: sched_waking: comm=irq/236-dwc3 pid=1444 prio=49 target_cpu=001
          <idle>-0     (-----) [000] d.h4  4478.187226: sched_wakeup: comm=irq/236-dwc3 pid=1444 prio=49 target_cpu=001
           <...>-1446  (-----) [005] d..3  4478.187227: sched_switch: prev_comm=->transport prev_pid=1446 prev_prio=120 prev_state=S ==> next_comm=swapper/5 next_pid=0 next_prio=120
          <idle>-0     (-----) [001] d..3  4478.187507: sched_switch: prev_comm=swapper/1 prev_pid=0 prev_prio=120 prev_state=R ==> next_comm=irq/236-dwc3 next_pid=1444 next_prio=49
           <...>-1444  (-----) [001] d..3  4478.187546: sched_switch: prev_comm=irq/236-dwc3 prev_pid=1444 prev_prio=49 prev_state=S ==> next_comm=swapper/1 next_pid=0 next_prio=120
          <idle>-0     (-----) [000] d.h3  4478.187600: sched_waking: comm=irq/236-dwc3 pid=1444 prio=49 target_cpu=001
          <idle>-0     (-----) [000] d.h4  4478.187612: sched_wakeup: comm=irq/236-dwc3 pid=1444 prio=49 target_cpu=001
          <idle>-0     (-----) [001] d..3  4478.187660: sched_switch: prev_comm=swapper/1 prev_pid=0 prev_prio=120 prev_state=R ==> next_comm=irq/236-dwc3 next_pid=1444 next_prio=49
           <...>-1444  (-----) [001] d..3  4478.187670: sched_waking: comm=->transport pid=1446 prio=120 target_cpu=005
           <...>-1444  (-----) [001] d..3  4478.187687: sched_switch: prev_comm=irq/236-dwc3 prev_pid=1444 prev_prio=49 prev_state=S ==> next_comm=swapper/1 next_pid=0 next_prio=120
          <idle>-0     (-----) [005] dnh3  4478.187834: sched_wakeup: comm=->transport pid=1446 prio=120 target_cpu=005
          <idle>-0     (-----) [005] d..3  4478.187856: sched_switch: prev_comm=swapper/5 prev_pid=0 prev_prio=120 prev_state=R ==> next_comm=->transport next_pid=1446 next_prio=120
           <...>-1446  (-----) [005] d..3  4478.187902: sched_switch: prev_comm=->transport prev_pid=1446 prev_prio=120 prev_state=S ==> next_comm=swapper/5 next_pid=0 next_prio=120
          <idle>-0     (-----) [000] d.h3  4478.188107: sched_waking: comm=irq/236-dwc3 pid=1444 prio=49 target_cpu=001
          <idle>-0     (-----) [000] d.h4  4478.188133: sched_wakeup: comm=irq/236-dwc3 pid=1444 prio=49 target_cpu=001
          <idle>-0     (-----) [001] d..3  4478.188205: sched_switch: prev_comm=swapper/1 prev_pid=0 prev_prio=120 prev_state=R ==> next_comm=irq/236-dwc3 next_pid=1444 next_prio=49
           <...>-1444  (-----) [001] d..3  4478.188223: sched_waking: comm=->transport pid=1446 prio=120 target_cpu=005
           <...>-1444  (-----) [001] d..3  4478.188248: sched_switch: prev_comm=irq/236-dwc3 prev_pid=1444 prev_prio=49 prev_state=S ==> next_comm=swapper/1 next_pid=0 next_prio=120
          <idle>-0     (-----) [000] d.h3  4478.188288: sched_waking: comm=irq/236-dwc3 pid=1444 prio=49 target_cpu=001
          <idle>-0     (-----) [000] d.h4  4478.188292: sched_wakeup: comm=irq/236-dwc3 pid=1444 prio=49 target_cpu=001
          <idle>-0     (-----) [005] dnh3  4478.188326: sched_wakeup: comm=->transport pid=1446 prio=120 target_cpu=005
          <idle>-0     (-----) [005] d..3  4478.188349: sched_switch: prev_comm=swapper/5 prev_pid=0 prev_prio=120 prev_state=R ==> next_comm=->transport next_pid=1446 next_prio=120
           <...>-1446  (-----) [005] d..3  4478.188420: sched_switch: prev_comm=->transport prev_pid=1446 prev_prio=120 prev_state=S ==> next_comm=swapper/5 next_pid=0 next_prio=120
          <idle>-0     (-----) [001] d..3  4478.188445: sched_switch: prev_comm=swapper/1 prev_pid=0 prev_prio=120 prev_state=R ==> next_comm=irq/236-dwc3 next_pid=1444 next_prio=49
           <...>-1444  (-----) [001] d..3  4478.188467: sched_waking: comm=<-transport pid=1447 prio=120 target_cpu=002
           <...>-1444  (-----) [001] d..4  4478.188493: sched_wakeup: comm=<-transport pid=1447 prio=120 target_cpu=002
           <...>-1444  (-----) [001] d..3  4478.188514: sched_switch: prev_comm=irq/236-dwc3 prev_pid=1444 prev_prio=49 prev_state=S ==> next_comm=swapper/1 next_pid=0 next_prio=120
          <idle>-0     (-----) [002] d..3  4478.188584: sched_switch: prev_comm=swapper/2 prev_pid=0 prev_prio=120 prev_state=R ==> next_comm=<-transport next_pid=1447 next_prio=120
           <...>-1447  (-----) [002] d..3  4478.188662: sched_waking: comm=adbd pid=1442 prio=120 target_cpu=004
           <...>-1447  (-----) [002] d..3  4478.188744: sched_switch: prev_comm=<-transport prev_pid=1447 prev_prio=120 prev_state=S ==> next_comm=swapper/2 next_pid=0 next_prio=120
          <idle>-0     (-----) [004] dnh3  4478.188760: sched_wakeup: comm=adbd pid=1442 prio=120 target_cpu=004
          <idle>-0     (-----) [004] d..3  4478.188776: sched_switch: prev_comm=swapper/4 prev_pid=0 prev_prio=120 prev_state=R ==> next_comm=adbd next_pid=1442 next_prio=120
           <...>-1442  (-----) [004] d..3  4478.188869: sched_waking: comm=->transport pid=1446 prio=120 target_cpu=005
           <...>-1442  (-----) [004] d..4  4478.188879: sched_wakeup: comm=->transport pid=1446 prio=120 target_cpu=004
           <...>-1442  (-----) [004] d..3  4478.188938: sched_switch: prev_comm=adbd prev_pid=1442 prev_prio=120 prev_state=S ==> next_comm=->transport next_pid=1446 next_prio=120
           <...>-1446  (-----) [004] d..3  4478.188953: sched_switch: prev_comm=->transport prev_pid=1446 prev_prio=120 prev_state=S ==> next_comm=swapper/4 next_pid=0 next_prio=120
          <idle>-0     (-----) [004] d.h3  4478.197583: sched_waking: comm=android.hardwar pid=282 prio=112 target_cpu=004
          <idle>-0     (-----) [004] dnh4  4478.197601: sched_wakeup: comm=android.hardwar pid=282 prio=112 target_cpu=004
          <idle>-0     (-----) [004] d..3  4478.197620: sched_switch: prev_comm=swapper/4 prev_pid=0 prev_prio=120 prev_state=R ==> next_comm=android.hardwar next_pid=282 next_prio=112
 android.hardwar-282   (  255) [004] d..3  4478.197654: sched_switch: prev_comm=android.hardwar prev_pid=282 prev_prio=112 prev_state=S ==> next_comm=swapper/4 next_pid=0 next_prio=120
          <idle>-0     (-----) [000] d.h3  4478.395267: sched_waking: comm=irq/236-dwc3 pid=1444 prio=49 target_cpu=001
          <idle>-0     (-----) [000] d.h4  4478.395294: sched_wakeup: comm=irq/236-dwc3 pid=1444 prio=49 target_cpu=001
          <idle>-0     (-----) [001] d..3  4478.395368: sched_switch: prev_comm=swapper/1 prev_pid=0 prev_prio=120 prev_state=R ==> next_comm=irq/236-dwc3 next_pid=1444 next_prio=49
           <...>-1444  (-----) [001] d..3  4478.395387: sched_waking: comm=<-transport pid=1447 prio=120 target_cpu=002
           <...>-1444  (-----) [001] d..4  4478.395412: sched_wakeup: comm=<-transport pid=1447 prio=120 target_cpu=002
           <...>-1444  (-----) [001] d..3  4478.395427: sched_switch: prev_comm=irq/236-dwc3 prev_pid=1444 prev_prio=49 prev_state=S ==> next_comm=swapper/1 next_pid=0 next_prio=120
          <idle>-0     (-----) [002] d..3  4478.395477: sched_switch: prev_comm=swapper/2 prev_pid=0 prev_prio=120 prev_state=R ==> next_comm=<-transport next_pid=1447 next_prio=120
           <...>-1447  (-----) [002] d..3  4478.395538: sched_switch: prev_comm=<-transport prev_pid=1447 prev_prio=120 prev_state=S ==> next_comm=swapper/2 next_pid=0 next_prio=120
          <idle>-0     (-----) [000] d.h3  4478.395700: sched_waking: comm=irq/236-dwc3 pid=1444 prio=49 target_cpu=001
          <idle>-0     (-----) [000] d.h4  4478.395726: sched_wakeup: comm=irq/236-dwc3 pid=1444 prio=49 target_cpu=001
          <idle>-0     (-----) [001] d..3  4478.395799: sched_switch: prev_comm=swapper/1 prev_pid=0 prev_prio=120 prev_state=R ==> next_comm=irq/236-dwc3 next_pid=1444 next_prio=49
           <...>-1444  (-----) [001] d..3  4478.395817: sched_waking: comm=<-transport pid=1447 prio=120 target_cpu=002
           <...>-1444  (-----) [001] d..4  4478.395841: sched_wakeup: comm=<-transport pid=1447 prio=120 target_cpu=002
           <...>-1444  (-----) [001] d..3  4478.395855: sched_switch: prev_comm=irq/236-dwc3 prev_pid=1444 prev_prio=49 prev_state=S ==> next_comm=swapper/1 next_pid=0 next_prio=120
          <idle>-0     (-----) [002] d..3  4478.395904: sched_switch: prev_comm=swapper/2 prev_pid=0 prev_prio=120 prev_state=R ==> next_comm=<-transport next_pid=1447 next_prio=120
           <...>-1447  (-----) [002] d..3  4478.395979: sched_waking: comm=adbd pid=1442 prio=120 target_cpu=004
           <...>-1447  (-----) [002] d..3  4478.396059: sched_switch: prev_comm=<-transport prev_pid=1447 prev_prio=120 prev_state=S ==> next_comm=swapper/2 next_pid=0 next_prio=120
          <idle>-0     (-----) [004] dnh3  4478.396078: sched_wakeup: comm=adbd pid=1442 prio=120 target_cpu=004
          <idle>-0     (-----) [004] d..3  4478.396097: sched_switch: prev_comm=swapper/4 prev_pid=0 prev_prio=120 prev_state=R ==> next_comm=adbd next_pid=1442 next_prio=120
           <...>-1442  (-----) [004] d..3  4478.396190: sched_waking: comm=->transport pid=1446 prio=120 target_cpu=004
           <...>-1442  (-----) [004] d..4  4478.396198: sched_wakeup: comm=->transport pid=1446 prio=120 target_cpu=004
           <...>-1442  (-----) [004] d..3  4478.396220: sched_waking: comm=shell svc 1464 pid=1465 prio=120 target_cpu=004
           <...>-1442  (-----) [004] d..4  4478.396227: sched_wakeup: comm=shell svc 1464 pid=1465 prio=120 target_cpu=005
           <...>-1442  (-----) [004] d.s4  4478.396255: sched_waking: comm=kworker/u12:2 pid=6285 prio=120 target_cpu=005
           <...>-1442  (-----) [004] d.s5  4478.396259: sched_wakeup: comm=kworker/u12:2 pid=6285 prio=120 target_cpu=004
          <idle>-0     (-----) [005] d..3  4478.396286: sched_switch: prev_comm=swapper/5 prev_pid=0 prev_prio=120 prev_state=R ==> next_comm=shell svc 1464 next_pid=1465 next_prio=120
           <...>-1465  (-----) [005] d..3  4478.396342: sched_switch: prev_comm=shell svc 1464 prev_pid=1465 prev_prio=120 prev_state=S ==> next_comm=swapper/5 next_pid=0 next_prio=120
           <...>-1442  (-----) [004] d..3  4478.396345: sched_switch: prev_comm=adbd prev_pid=1442 prev_prio=120 prev_state=S ==> next_comm=kworker/u12:2 next_pid=6285 next_prio=120
   kworker/u12:2-6285  ( 6285) [004] d..3  4478.396349: sched_waking: comm=kworker/u12:1 pid=6875 prio=120 target_cpu=004
   kworker/u12:2-6285  ( 6285) [004] d..4  4478.396355: sched_wakeup: comm=kworker/u12:1 pid=6875 prio=120 target_cpu=005
   kworker/u12:2-6285  ( 6285) [004] d..3  4478.396378: sched_waking: comm=sh pid=1464 prio=120 target_cpu=005
   kworker/u12:2-6285  ( 6285) [004] d..4  4478.396382: sched_wakeup: comm=sh pid=1464 prio=120 target_cpu=004
   kworker/u12:2-6285  ( 6285) [004] d..3  4478.396386: sched_switch: prev_comm=kworker/u12:2 prev_pid=6285 prev_prio=120 prev_state=S ==> next_comm=sh next_pid=1464 next_prio=120
           <...>-1464  (-----) [004] d..4  4478.396411: sched_waking: comm=kworker/u12:2 pid=6285 prio=120 target_cpu=004
           <...>-1464  (-----) [004] d..5  4478.396414: sched_wakeup: comm=kworker/u12:2 pid=6285 prio=120 target_cpu=004
           <...>-1464  (-----) [004] d..3  4478.396420: sched_switch: prev_comm=sh prev_pid=1464 prev_prio=120 prev_state=S ==> next_comm=kworker/u12:2 next_pid=6285 next_prio=120
   kworker/u12:2-6285  ( 6285) [004] d..3  4478.396422: sched_waking: comm=shell svc 1464 pid=1465 prio=120 target_cpu=005
   kworker/u12:2-6285  ( 6285) [004] d..4  4478.396425: sched_wakeup: comm=shell svc 1464 pid=1465 prio=120 target_cpu=004
   kworker/u12:2-6285  ( 6285) [004] d..3  4478.396427: sched_switch: prev_comm=kworker/u12:2 prev_pid=6285 prev_prio=120 prev_state=S ==> next_comm=->transport next_pid=1446 next_prio=120
          <idle>-0     (-----) [005] d..3  4478.396437: sched_switch: prev_comm=swapper/5 prev_pid=0 prev_prio=120 prev_state=R ==> next_comm=kworker/u12:1 next_pid=6875 next_prio=120
           <...>-6875  (-----) [005] d..3  4478.396446: sched_switch: prev_comm=kworker/u12:1 prev_pid=6875 prev_prio=120 prev_state=S ==> next_comm=swapper/5 next_pid=0 next_prio=120
           <...>-1446  (-----) [004] d..3  4478.396455: sched_switch: prev_comm=->transport prev_pid=1446 prev_prio=120 prev_state=S ==> next_comm=shell svc 1464 next_pid=1465 next_prio=120
           <...>-1465  (-----) [004] d..3  4478.396466: sched_waking: comm=adbd pid=1442 prio=120 target_cpu=004
           <...>-1465  (-----) [004] d..4  4478.396470: sched_wakeup: comm=adbd pid=1442 prio=120 target_cpu=005
           <...>-1465  (-----) [004] d..3  4478.396480: sched_switch: prev_comm=shell svc 1464 prev_pid=1465 prev_prio=120 prev_state=S ==> next_comm=swapper/4 next_pid=0 next_prio=120
          <idle>-0     (-----) [005] d..3  4478.396547: sched_switch: prev_comm=swapper/5 prev_pid=0 prev_prio=120 prev_state=R ==> next_comm=adbd next_pid=1442 next_prio=120
           <...>-1442  (-----) [005] d..3  4478.396604: sched_switch: prev_comm=adbd prev_pid=1442 prev_prio=120 prev_state=S ==> next_comm=swapper/5 next_pid=0 next_prio=120
          <idle>-0     (-----) [000] d.h3  4478.396608: sched_waking: comm=irq/236-dwc3 pid=1444 prio=49 target_cpu=001
          <idle>-0     (-----) [000] d.h4  4478.396627: sched_wakeup: comm=irq/236-dwc3 pid=1444 prio=49 target_cpu=001
          <idle>-0     (-----) [001] d..3  4478.396692: sched_switch: prev_comm=swapper/1 prev_pid=0 prev_prio=120 prev_state=R ==> next_comm=irq/236-dwc3 next_pid=1444 next_prio=49
           <...>-1444  (-----) [001] d..3  4478.396707: sched_waking: comm=->transport pid=1446 prio=120 target_cpu=004
           <...>-1444  (-----) [001] d..3  4478.396727: sched_switch: prev_comm=irq/236-dwc3 prev_pid=1444 prev_prio=49 prev_state=S ==> next_comm=swapper/1 next_pid=0 next_prio=120
          <idle>-0     (-----) [004] dnh3  4478.396761: sched_wakeup: comm=->transport pid=1446 prio=120 target_cpu=004
          <idle>-0     (-----) [004] d..3  4478.396766: sched_switch: prev_comm=swapper/4 prev_pid=0 prev_prio=120 prev_state=R ==> next_comm=->transport next_pid=1446 next_prio=120
           <...>-1446  (-----) [004] d..3  4478.396797: sched_switch: prev_comm=->transport prev_pid=1446 prev_prio=120 prev_state=S ==> next_comm=swapper/4 next_pid=0 next_prio=120
          <idle>-0     (-----) [000] d.h3  4478.396924: sched_waking: comm=irq/236-dwc3 pid=1444 prio=49 target_cpu=001
          <idle>-0     (-----) [000] d.h4  4478.396944: sched_wakeup: comm=irq/236-dwc3 pid=1444 prio=49 target_cpu=001
          <idle>-0     (-----) [001] d..3  4478.397008: sched_switch: prev_comm=swapper/1 prev_pid=0 prev_prio=120 prev_state=R ==> next_comm=irq/236-dwc3 next_pid=1444 next_prio=49
           <...>-1444  (-----) [001] d..3  4478.397023: sched_waking: comm=->transport pid=1446 prio=120 target_cpu=004
           <...>-1444  (-----) [001] d..3  4478.397043: sched_switch: prev_comm=irq/236-dwc3 prev_pid=1444 prev_prio=49 prev_state=S ==> next_comm=swapper/1 next_pid=0 next_prio=120
          <idle>-0     (-----) [004] dnh3  4478.397077: sched_wakeup: comm=->transport pid=1446 prio=120 target_cpu=004
          <idle>-0     (-----) [004] d..3  4478.397083: sched_switch: prev_comm=swapper/4 prev_pid=0 prev_prio=120 prev_state=R ==> next_comm=->transport next_pid=1446 next_prio=120
           <...>-1446  (-----) [004] d..3  4478.397096: sched_switch: prev_comm=->transport prev_pid=1446 prev_prio=120 prev_state=S ==> next_comm=swapper/4 next_pid=0 next_prio=120
          <idle>-0     (-----) [000] d.h3  4478.397209: sched_waking: comm=irq/236-dwc3 pid=1444 prio=49 target_cpu=001
          <idle>-0     (-----) [000] d.h4  4478.397229: sched_wakeup: comm=irq/236-dwc3 pid=1444 prio=49 target_cpu=001
          <idle>-0     (-----) [001] d..3  4478.397294: sched_switch: prev_comm=swapper/1 prev_pid=0 prev_prio=120 prev_state=R ==> next_comm=irq/236-dwc3 next_pid=1444 next_prio=49
           <...>-1444  (-----) [001] d..3  4478.397308: sched_waking: comm=->transport pid=1446 prio=120 target_cpu=004
           <...>-1444  (-----) [001] d..3  4478.397328: sched_switch: prev_comm=irq/236-dwc3 prev_pid=1444 prev_prio=49 prev_state=S ==> next_comm=swapper/1 next_pid=0 next_prio=120
          <idle>-0     (-----) [004] dnh3  4478.397362: sched_wakeup: comm=->transport pid=1446 prio=120 target_cpu=004
          <idle>-0     (-----) [004] d..3  4478.397367: sched_switch: prev_comm=swapper/4 prev_pid=0 prev_prio=120 prev_state=R ==> next_comm=->transport next_pid=1446 next_prio=120
          <idle>-0     (-----) [000] d.h3  4478.397377: sched_waking: comm=irq/236-dwc3 pid=1444 prio=49 target_cpu=001
          <idle>-0     (-----) [000] d.h4  4478.397381: sched_wakeup: comm=irq/236-dwc3 pid=1444 prio=49 target_cpu=001
           <...>-1446  (-----) [004] d..3  4478.397385: sched_switch: prev_comm=->transport prev_pid=1446 prev_prio=120 prev_state=S ==> next_comm=swapper/4 next_pid=0 next_prio=120
          <idle>-0     (-----) [001] d..3  4478.397529: sched_switch: prev_comm=swapper/1 prev_pid=0 prev_prio=120 prev_state=R ==> next_comm=irq/236-dwc3 next_pid=1444 next_prio=49
           <...>-1444  (-----) [001] d..3  4478.397549: sched_waking: comm=<-transport pid=1447 prio=120 target_cpu=002
           <...>-1444  (-----) [001] d..4  4478.397572: sched_wakeup: comm=<-transport pid=1447 prio=120 target_cpu=002
           <...>-1444  (-----) [001] d..3  4478.397589: sched_switch: prev_comm=irq/236-dwc3 prev_pid=1444 prev_prio=49 prev_state=S ==> next_comm=swapper/1 next_pid=0 next_prio=120
          <idle>-0     (-----) [002] d..3  4478.397633: sched_switch: prev_comm=swapper/2 prev_pid=0 prev_prio=120 prev_state=R ==> next_comm=<-transport next_pid=1447 next_prio=120
           <...>-1447  (-----) [002] d..3  4478.397685: sched_waking: comm=adbd pid=1442 prio=120 target_cpu=005
          <idle>-0     (-----) [005] dnh3  4478.397738: sched_wakeup: comm=adbd pid=1442 prio=120 target_cpu=005
           <...>-1447  (-----) [002] d..3  4478.397742: sched_switch: prev_comm=<-transport prev_pid=1447 prev_prio=120 prev_state=S ==> next_comm=swapper/2 next_pid=0 next_prio=120
          <idle>-0     (-----) [005] d..3  4478.397743: sched_switch: prev_comm=swapper/5 prev_pid=0 prev_prio=120 prev_state=R ==> next_comm=adbd next_pid=1442 next_prio=120
           <...>-1442  (-----) [005] d..3  4478.397769: sched_waking: comm=->transport pid=1446 prio=120 target_cpu=004
           <...>-1442  (-----) [005] d..4  4478.397774: sched_wakeup: comm=->transport pid=1446 prio=120 target_cpu=005
           <...>-1442  (-----) [005] d..3  4478.397803: sched_switch: prev_comm=adbd prev_pid=1442 prev_prio=120 prev_state=S ==> next_comm=->transport next_pid=1446 next_prio=120
           <...>-1446  (-----) [005] d..3  4478.397808: sched_switch: prev_comm=->transport prev_pid=1446 prev_prio=120 prev_state=S ==> next_comm=swapper/5 next_pid=0 next_prio=120
          <idle>-0     (-----) [005] d.h3  4478.399548: sched_waking: comm=sleep pid=7271 prio=120 target_cpu=005
          <idle>-0     (-----) [005] dnh4  4478.399552: sched_wakeup: comm=sleep pid=7271 prio=120 target_cpu=005
          <idle>-0     (-----) [005] d..3  4478.399567: sched_switch: prev_comm=swapper/5 prev_pid=0 prev_prio=120 prev_state=R ==> next_comm=sleep next_pid=7271 next_prio=120
           sleep-7271  ( 7271) [005] d..4  4478.399940: sched_waking: comm=vendor_boot pid=380 prio=120 target_cpu=005
           sleep-7271  ( 7271) [005] d..5  4478.399946: sched_wakeup: comm=vendor_boot pid=380 prio=120 target_cpu=004
           sleep-7271  ( 7271) [005] d..3  4478.399950: sched_switch: prev_comm=sleep prev_pid=7271 prev_prio=120 prev_state=x ==> next_comm=swapper/5 next_pid=0 next_prio=120
          <idle>-0     (-----) [004] d..3  4478.400000: sched_switch: prev_comm=swapper/4 prev_pid=0 prev_prio=120 prev_state=R ==> next_comm=vendor_boot next_pid=380 next_prio=120
          <idle>-0     (-----) [003] d..3  4478.400698: sched_switch: prev_comm=swapper/3 prev_pid=0 prev_prio=120 prev_state=R ==> next_comm=vendor_boot next_pid=7272 next_prio=120
     vendor_boot-380   (  380) [004] d..3  4478.400829: sched_switch: prev_comm=vendor_boot prev_pid=380 prev_prio=120 prev_state=S ==> next_comm=swapper/4 next_pid=0 next_prio=120
           sleep-7272  ( 7272) [003] d..3  4478.401167: sched_waking: comm=migration/3 pid=23 prio=0 target_cpu=003
           sleep-7272  ( 7272) [003] dn.4  4478.401173: sched_wakeup: comm=migration/3 pid=23 prio=0 target_cpu=003
           sleep-7272  ( 7272) [003] d..3  4478.401181: sched_switch: prev_comm=vendor_boot prev_pid=7272 prev_prio=120 prev_state=R+ ==> next_comm=migration/3 next_pid=23 next_prio=0
     migration/3-23    (   23) [003] d..3  4478.401224: sched_switch: prev_comm=migration/3 prev_pid=23 prev_prio=0 prev_state=S ==> next_comm=swapper/3 next_pid=0 next_prio=120
          <idle>-0     (-----) [004] d..3  4478.401247: sched_switch: prev_comm=swapper/4 prev_pid=0 prev_prio=120 prev_state=R ==> next_comm=vendor_boot next_pid=7272 next_prio=120
           sleep-7272  ( 7272) [004] d.s3  4478.402924: sched_waking: comm=rcu_preempt pid=7 prio=120 target_cpu=000
           sleep-7272  ( 7272) [004] d.s3  4478.402934: sched_waking: comm=rcu_sched pid=8 prio=120 target_cpu=002
          <idle>-0     (-----) [005] d.s4  4478.402971: sched_waking: comm=kworker/5:2 pid=5043 prio=120 target_cpu=005
          <idle>-0     (-----) [005] dns5  4478.402979: sched_wakeup: comm=kworker/5:2 pid=5043 prio=120 target_cpu=005
          <idle>-0     (-----) [005] d..3  4478.402998: sched_switch: prev_comm=swapper/5 prev_pid=0 prev_prio=120 prev_state=R ==> next_comm=kworker/5:2 next_pid=5043 next_prio=120
     kworker/5:2-5043  ( 5043) [005] d..3  4478.403008: sched_waking: comm=kworker/4:1 pid=7270 prio=120 target_cpu=004
     kworker/5:2-5043  ( 5043) [005] d..4  4478.403012: sched_wakeup: comm=kworker/4:1 pid=7270 prio=120 target_cpu=004
           sleep-7272  ( 7272) [004] d..3  4478.403017: sched_switch: prev_comm=sleep prev_pid=7272 prev_prio=120 prev_state=R+ ==> next_comm=kworker/4:1 next_pid=7270 next_prio=120
     kworker/4:1-7270  ( 7270) [004] d..3  4478.403027: sched_switch: prev_comm=kworker/4:1 prev_pid=7270 prev_prio=120 prev_state=S ==> next_comm=sleep next_pid=7272 next_prio=120
     kworker/5:2-5043  ( 5043) [005] d..3  4478.403030: sched_switch: prev_comm=kworker/5:2 prev_pid=5043 prev_prio=120 prev_state=S ==> next_comm=swapper/5 next_pid=0 next_prio=120
          <idle>-0     (-----) [000] dnh3  4478.403050: sched_wakeup: comm=rcu_preempt pid=7 prio=120 target_cpu=000
          <idle>-0     (-----) [002] dnh3  4478.403050: sched_wakeup: comm=rcu_sched pid=8 prio=120 target_cpu=002
          <idle>-0     (-----) [000] d..3  4478.403076: sched_switch: prev_comm=swapper/0 prev_pid=0 prev_prio=120 prev_state=R ==> next_comm=rcu_preempt next_pid=7 next_prio=120
          <idle>-0     (-----) [002] d..3  4478.403076: sched_switch: prev_comm=swapper/2 prev_pid=0 prev_prio=120 prev_state=R ==> next_comm=rcu_sched next_pid=8 next_prio=120
     rcu_preempt-7     (    7) [000] d..3  4478.403112: sched_switch: prev_comm=rcu_preempt prev_pid=7 prev_prio=120 prev_state=S ==> next_comm=swapper/0 next_pid=0 next_prio=120
       rcu_sched-8     (    8) [002] d..3  4478.403112: sched_switch: prev_comm=rcu_sched prev_pid=8 prev_prio=120 prev_state=S ==> next_comm=swapper/2 next_pid=0 next_prio=120
           sleep-7272  ( 7272) [004] d..3  4478.409407: sched_switch: prev_comm=sleep prev_pid=7272 prev_prio=120 prev_state=S ==> next_comm=swapper/4 next_pid=0 next_prio=120
          <idle>-0     (-----) [000] d.s3  4478.409723: sched_waking: comm=rcu_preempt pid=7 prio=120 target_cpu=000
          <idle>-0     (-----) [000] dns4  4478.409758: sched_wakeup: comm=rcu_preempt pid=7 prio=120 target_cpu=000
          <idle>-0     (-----) [002] d.s3  4478.409807: sched_waking: comm=rcu_sched pid=8 prio=120 target_cpu=002
          <idle>-0     (-----) [000] d..3  4478.409816: sched_switch: prev_comm=swapper/0 prev_pid=0 prev_prio=120 prev_state=R ==> next_comm=rcu_preempt next_pid=7 next_prio=120
          <idle>-0     (-----) [002] dns4  4478.409817: sched_wakeup: comm=rcu_sched pid=8 prio=120 target_cpu=002
          <idle>-0     (-----) [002] d..3  4478.409835: sched_switch: prev_comm=swapper/2 prev_pid=0 prev_prio=120 prev_state=R ==> next_comm=rcu_sched next_pid=8 next_prio=120
     rcu_preempt-7     (    7) [000] d..3  4478.409844: sched_switch: prev_comm=rcu_preempt prev_pid=7 prev_prio=120 prev_state=S ==> next_comm=swapper/0 next_pid=0 next_prio=120
       rcu_sched-8     (    8) [002] d..3  4478.409845: sched_switch: prev_comm=rcu_sched prev_pid=8 prev_prio=120 prev_state=S ==> next_comm=swapper/2 next_pid=0 next_prio=120
          <idle>-0     (-----) [004] d.s4  4478.413018: sched_waking: comm=kworker/u12:1 pid=6875 prio=120 target_cpu=005
          <idle>-0     (-----) [004] dns5  4478.413038: sched_wakeup: comm=kworker/u12:1 pid=6875 prio=120 target_cpu=004
          <idle>-0     (-----) [004] d..3  4478.413050: sched_switch: prev_comm=swapper/4 prev_pid=0 prev_prio=120 prev_state=R ==> next_comm=kworker/u12:1 next_pid=6875 next_prio=120
           <...>-6875  (-----) [004] d..3  4478.413316: sched_switch: prev_comm=kworker/u12:1 prev_pid=6875 prev_prio=120 prev_state=S ==> next_comm=swapper/4 next_pid=0 next_prio=120
          <idle>-0     (-----) [000] d.s3  4478.416351: sched_waking: comm=rcu_preempt pid=7 prio=120 target_cpu=000
          <idle>-0     (-----) [000] dns4  4478.416372: sched_wakeup: comm=rcu_preempt pid=7 prio=120 target_cpu=000
          <idle>-0     (-----) [000] dns4  4478.416380: sched_waking: comm=rcu_sched pid=8 prio=120 target_cpu=002
          <idle>-0     (-----) [000] dns5  4478.416390: sched_wakeup: comm=rcu_sched pid=8 prio=120 target_cpu=002
          <idle>-0     (-----) [000] d..3  4478.416410: sched_switch: prev_comm=swapper/0 prev_pid=0 prev_prio=120 prev_state=R ==> next_comm=rcu_preempt next_pid=7 next_prio=120
          <idle>-0     (-----) [002] d..3  4478.416410: sched_switch: prev_comm=swapper/2 prev_pid=0 prev_prio=120 prev_state=R ==> next_comm=rcu_sched next_pid=8 next_prio=120
     rcu_preempt-7     (    7) [000] d..3  4478.416432: sched_switch: prev_comm=rcu_preempt prev_pid=7 prev_prio=120 prev_state=S ==> next_comm=swapper/0 next_pid=0 next_prio=120
       rcu_sched-8     (    8) [002] d..3  4478.416434: sched_switch: prev_comm=rcu_sched prev_pid=8 prev_prio=120 prev_state=S ==> next_comm=swapper/2 next_pid=0 next_prio=120
          <idle>-0     (-----) [000] d.s3  4478.423058: sched_waking: comm=rcu_preempt pid=7 prio=120 target_cpu=000
          <idle>-0     (-----) [002] d.s3  4478.423083: sched_waking: comm=rcu_sched pid=8 prio=120 target_cpu=002
          <idle>-0     (-----) [000] dns4  4478.423093: sched_wakeup: comm=rcu_preempt pid=7 prio=120 target_cpu=000
          <idle>-0     (-----) [002] dns4  4478.423093: sched_wakeup: comm=rcu_sched pid=8 prio=120 target_cpu=002
          <idle>-0     (-----) [000] d..3  4478.423145: sched_switch: prev_comm=swapper/0 prev_pid=0 prev_prio=120 prev_state=R ==> next_comm=rcu_preempt next_pid=7 next_prio=120
          <idle>-0     (-----) [002] d..3  4478.423145: sched_switch: prev_comm=swapper/2 prev_pid=0 prev_prio=120 prev_state=R ==> next_comm=rcu_sched next_pid=8 next_prio=120
     rcu_preempt-7     (    7) [000] d..3  4478.423172: sched_switch: prev_comm=rcu_preempt prev_pid=7 prev_prio=120 prev_state=S ==> next_comm=swapper/0 next_pid=0 next_prio=120
       rcu_sched-8     (    8) [002] d..3  4478.423172: sched_switch: prev_comm=rcu_sched prev_pid=8 prev_prio=120 prev_state=S ==> next_comm=swapper/2 next_pid=0 next_prio=120
          <idle>-0     (-----) [000] d.s3  4478.429726: sched_waking: comm=rcu_preempt pid=7 prio=120 target_cpu=000
          <idle>-0     (-----) [002] d.s3  4478.429748: sched_waking: comm=rcu_sched pid=8 prio=120 target_cpu=002
          <idle>-0     (-----) [000] dns4  4478.429759: sched_wakeup: comm=rcu_preempt pid=7 prio=120 target_cpu=000
          <idle>-0     (-----) [002] dns4  4478.429759: sched_wakeup: comm=rcu_sched pid=8 prio=120 target_cpu=002
          <idle>-0     (-----) [000] d..3  4478.429794: sched_switch: prev_comm=swapper/0 prev_pid=0 prev_prio=120 prev_state=R ==> next_comm=rcu_preempt next_pid=7 next_prio=120
          <idle>-0     (-----) [002] d..3  4478.429794: sched_switch: prev_comm=swapper/2 prev_pid=0 prev_prio=120 prev_state=R ==> next_comm=rcu_sched next_pid=8 next_prio=120
       rcu_sched-8     (    8) [002] d..3  4478.429818: sched_switch: prev_comm=rcu_sched prev_pid=8 prev_prio=120 prev_state=S ==> next_comm=swapper/2 next_pid=0 next_prio=120
     rcu_preempt-7     (    7) [000] d..3  4478.429818: sched_switch: prev_comm=rcu_preempt prev_pid=7 prev_prio=120 prev_state=S ==> next_comm=swapper/0 next_pid=0 next_prio=120
          <idle>-0     (-----) [001] d.h3  4478.431586: sched_waking: comm=android.hardwar pid=284 prio=112 target_cpu=001
          <idle>-0     (-----) [001] dnh4  4478.431619: sched_wakeup: comm=android.hardwar pid=284 prio=112 target_cpu=001
          <idle>-0     (-----) [001] d..3  4478.431656: sched_switch: prev_comm=swapper/1 prev_pid=0 prev_prio=120 prev_state=R ==> next_comm=android.hardwar next_pid=284 next_prio=112
           <...>-284   (-----) [001] d..3  4478.431708: sched_switch: prev_comm=android.hardwar prev_pid=284 prev_prio=112 prev_state=S ==> next_comm=swapper/1 next_pid=0 next_prio=120
          <idle>-0     (-----) [000] d.s3  4478.436390: sched_waking: comm=rcu_preempt pid=7 prio=120 target_cpu=000
          <idle>-0     (-----) [000] dns4  4478.436422: sched_wakeup: comm=rcu_preempt pid=7 prio=120 target_cpu=000
          <idle>-0     (-----) [000] d..3  4478.436477: sched_switch: prev_comm=swapper/0 prev_pid=0 prev_prio=120 prev_state=R ==> next_comm=rcu_preempt next_pid=7 next_prio=120
     rcu_preempt-7     (    7) [000] d..3  4478.436507: sched_switch: prev_comm=rcu_preempt prev_pid=7 prev_prio=120 prev_state=S ==> next_comm=swapper/0 next_pid=0 next_prio=120
          <idle>-0     (-----) [000] d.s3  4478.443053: sched_waking: comm=rcu_preempt pid=7 prio=120 target_cpu=000
          <idle>-0     (-----) [000] dns4  4478.443083: sched_wakeup: comm=rcu_preempt pid=7 prio=120 target_cpu=000
          <idle>-0     (-----) [000] d..3  4478.443117: sched_switch: prev_comm=swapper/0 prev_pid=0 prev_prio=120 prev_state=R ==> next_comm=rcu_preempt next_pid=7 next_prio=120
     rcu_preempt-7     (    7) [000] d..3  4478.443146: sched_switch: prev_comm=rcu_preempt prev_pid=7 prev_prio=120 prev_state=S ==> next_comm=swapper/0 next_pid=0 next_prio=120
          <idle>-0     (-----) [003] d.h3  4478.490831: sched_waking: comm=listener pid=273 prio=120 target_cpu=003
          <idle>-0     (-----) [003] dnh4  4478.490864: sched_wakeup: comm=listener pid=273 prio=120 target_cpu=003
          <idle>-0     (-----) [003] d..3  4478.490899: sched_switch: prev_comm=swapper/3 prev_pid=0 prev_prio=120 prev_state=R ==> next_comm=listener next_pid=273 next_prio=120
           <...>-273   (-----) [003] d..3  4478.490991: sched_switch: prev_comm=listener prev_pid=273 prev_prio=120 prev_state=S ==> next_comm=swapper/3 next_pid=0 next_prio=120
          <idle>-0     (-----) [000] d.s4  4478.586400: sched_waking: comm=kworker/0:1 pid=114 prio=120 target_cpu=000
          <idle>-0     (-----) [000] dns5  4478.586427: sched_wakeup: comm=kworker/0:1 pid=114 prio=120 target_cpu=000
          <idle>-0     (-----) [000] d..3  4478.586477: sched_switch: prev_comm=swapper/0 prev_pid=0 prev_prio=120 prev_state=R ==> next_comm=kworker/0:1 next_pid=114 next_prio=120
           <...>-114   (-----) [000] d..3  4478.586516: sched_switch: prev_comm=kworker/0:1 prev_pid=114 prev_prio=120 prev_state=S ==> next_comm=swapper/0 next_pid=0 next_prio=120
          <idle>-0     (-----) [000] d.h3  4478.635366: sched_waking: comm=irq/236-dwc3 pid=1444 prio=49 target_cpu=001
          <idle>-0     (-----) [000] d.h4  4478.635392: sched_wakeup: comm=irq/236-dwc3 pid=1444 prio=49 target_cpu=001
          <idle>-0     (-----) [001] d..3  4478.635468: sched_switch: prev_comm=swapper/1 prev_pid=0 prev_prio=120 prev_state=R ==> next_comm=irq/236-dwc3 next_pid=1444 next_prio=49
           <...>-1444  (-----) [001] d..3  4478.635486: sched_waking: comm=<-transport pid=1447 prio=120 target_cpu=002
           <...>-1444  (-----) [001] d..4  4478.635512: sched_wakeup: comm=<-transport pid=1447 prio=120 target_cpu=002
           <...>-1444  (-----) [001] d..3  4478.635528: sched_switch: prev_comm=irq/236-dwc3 prev_pid=1444 prev_prio=49 prev_state=S ==> next_comm=swapper/1 next_pid=0 next_prio=120
          <idle>-0     (-----) [002] d..3  4478.635577: sched_switch: prev_comm=swapper/2 prev_pid=0 prev_prio=120 prev_state=R ==> next_comm=<-transport next_pid=1447 next_prio=120
           <...>-1447  (-----) [002] d..3  4478.635638: sched_switch: prev_comm=<-transport prev_pid=1447 prev_prio=120 prev_state=S ==> next_comm=swapper/2 next_pid=0 next_prio=120
          <idle>-0     (-----) [000] d.h3  4478.635799: sched_waking: comm=irq/236-dwc3 pid=1444 prio=49 target_cpu=001
          <idle>-0     (-----) [000] d.h4  4478.635826: sched_wakeup: comm=irq/236-dwc3 pid=1444 prio=49 target_cpu=001
          <idle>-0     (-----) [001] d..3  4478.635899: sched_switch: prev_comm=swapper/1 prev_pid=0 prev_prio=120 prev_state=R ==> next_comm=irq/236-dwc3 next_pid=1444 next_prio=49
           <...>-1444  (-----) [001] d..3  4478.635917: sched_waking: comm=<-transport pid=1447 prio=120 target_cpu=002
           <...>-1444  (-----) [001] d..4  4478.635942: sched_wakeup: comm=<-transport pid=1447 prio=120 target_cpu=002
           <...>-1444  (-----) [001] d..3  4478.635957: sched_switch: prev_comm=irq/236-dwc3 prev_pid=1444 prev_prio=49 prev_state=S ==> next_comm=swapper/1 next_pid=0 next_prio=120
          <idle>-0     (-----) [002] d..3  4478.636005: sched_switch: prev_comm=swapper/2 prev_pid=0 prev_prio=120 prev_state=R ==> next_comm=<-transport next_pid=1447 next_prio=120
           <...>-1447  (-----) [002] d..3  4478.636081: sched_waking: comm=adbd pid=1442 prio=120 target_cpu=005
           <...>-1447  (-----) [002] d..3  4478.636163: sched_switch: prev_comm=<-transport prev_pid=1447 prev_prio=120 prev_state=S ==> next_comm=swapper/2 next_pid=0 next_prio=120
          <idle>-0     (-----) [005] dnh3  4478.636182: sched_wakeup: comm=adbd pid=1442 prio=120 target_cpu=005
          <idle>-0     (-----) [005] d..3  4478.636199: sched_switch: prev_comm=swapper/5 prev_pid=0 prev_prio=120 prev_state=R ==> next_comm=adbd next_pid=1442 next_prio=120
           <...>-1442  (-----) [005] d..3  4478.636331: sched_waking: comm=->transport pid=1446 prio=120 target_cpu=005
           <...>-1442  (-----) [005] d..4  4478.636338: sched_wakeup: comm=->transport pid=1446 prio=120 target_cpu=005
           <...>-1442  (-----) [005] d..3  4478.636359: sched_waking: comm=shell svc 1464 pid=1465 prio=120 target_cpu=004
           <...>-1442  (-----) [005] d..4  4478.636365: sched_wakeup: comm=shell svc 1464 pid=1465 prio=120 target_cpu=004
          <idle>-0     (-----) [004] d..3  4478.636425: sched_switch: prev_comm=swapper/4 prev_pid=0 prev_prio=120 prev_state=R ==> next_comm=shell svc 1464 next_pid=1465 next_prio=120
           <...>-1442  (-----) [005] d..3  4478.636433: sched_switch: prev_comm=adbd prev_pid=1442 prev_prio=120 prev_state=S ==> next_comm=->transport next_pid=1446 next_prio=120
