          <idle>-0     (-----) [000] d..3  4481.596484: sched_switch: prev_comm=swapper/0 prev_pid=0 prev_prio=120 prev_state=R ==> next_comm=kworker/0:1 next_pid=114 next_prio=120
           <...>-114   (-----) [000] d..3  4481.596521: sched_switch: prev_comm=kworker/0:1 prev_pid=114 prev_prio=120 prev_state=S ==> next_comm=swapper/0 next_pid=0 next_prio=120
          <idle>-0     (-----) [004] d.h3  4481.699131: sched_waking: comm=android.hardwar pid=282 prio=112 target_cpu=004
          <idle>-0     (-----) [004] d.h4  4481.699153: sched_wakeup: comm=android.hardwar pid=282 prio=112 target_cpu=005
          <idle>-0     (-----) [005] d..3  4481.699215: sched_switch: prev_comm=swapper/5 prev_pid=0 prev_prio=120 prev_state=R ==> next_comm=android.hardwar next_pid=282 next_prio=112
 android.hardwar-282   (  255) [005] d..3  4481.699249: sched_switch: prev_comm=android.hardwar prev_pid=282 prev_prio=112 prev_state=S ==> next_comm=swapper/5 next_pid=0 next_prio=120
          <idle>-0     (-----) [001] d.s4  4481.736395: sched_waking: comm=kworker/1:1 pid=146 prio=120 target_cpu=001
          <idle>-0     (-----) [001] dns5  4481.736422: sched_wakeup: comm=kworker/1:1 pid=146 prio=120 target_cpu=001
          <idle>-0     (-----) [001] d..3  4481.736478: sched_switch: prev_comm=swapper/1 prev_pid=0 prev_prio=120 prev_state=R ==> next_comm=kworker/1:1 next_pid=146 next_prio=120
     kworker/1:1-146   (  146) [001] d..3  4481.736527: sched_switch: prev_comm=kworker/1:1 prev_pid=146 prev_prio=120 prev_state=S ==> next_comm=swapper/1 next_pid=0 next_prio=120
          <idle>-0     (-----) [000] d.h3  4481.923458: sched_waking: comm=irq/236-dwc3 pid=1444 prio=49 target_cpu=001
          <idle>-0     (-----) [000] d.h4  4481.923491: sched_wakeup: comm=irq/236-dwc3 pid=1444 prio=49 target_cpu=001
          <idle>-0     (-----) [001] d..3  4481.923561: sched_switch: prev_comm=swapper/1 prev_pid=0 prev_prio=120 prev_state=R ==> next_comm=irq/236-dwc3 next_pid=1444 next_prio=49
           <...>-1444  (-----) [001] d..3  4481.923579: sched_waking: comm=<-transport pid=1447 prio=120 target_cpu=002
           <...>-1444  (-----) [001] d..4  4481.923606: sched_wakeup: comm=<-transport pid=1447 prio=120 target_cpu=002
           <...>-1444  (-----) [001] d..3  4481.923621: sched_switch: prev_comm=irq/236-dwc3 prev_pid=1444 prev_prio=49 prev_state=S ==> next_comm=swapper/1 next_pid=0 next_prio=120
          <idle>-0     (-----) [002] d..3  4481.923669: sched_switch: prev_comm=swapper/2 prev_pid=0 prev_prio=120 prev_state=R ==> next_comm=<-transport next_pid=1447 next_prio=120
           <...>-1447  (-----) [002] d..3  4481.923738: sched_switch: prev_comm=<-transport prev_pid=1447 prev_prio=120 prev_state=S ==> next_comm=swapper/2 next_pid=0 next_prio=120
          <idle>-0     (-----) [000] d.h3  4481.923784: sched_waking: comm=irq/236-dwc3 pid=1444 prio=49 target_cpu=001
          <idle>-0     (-----) [000] d.h4  4481.923788: sched_wakeup: comm=irq/236-dwc3 pid=1444 prio=49 target_cpu=001
          <idle>-0     (-----) [001] d..3  4481.923955: sched_switch: prev_comm=swapper/1 prev_pid=0 prev_prio=120 prev_state=R ==> next_comm=irq/236-dwc3 next_pid=1444 next_prio=49
           <...>-1444  (-----) [001] d..3  4481.923981: sched_waking: comm=<-transport pid=1447 prio=120 target_cpu=002
           <...>-1444  (-----) [001] d..4  4481.924012: sched_wakeup: comm=<-transport pid=1447 prio=120 target_cpu=002
           <...>-1444  (-----) [001] d..3  4481.924032: sched_switch: prev_comm=irq/236-dwc3 prev_pid=1444 prev_prio=49 prev_state=S ==> next_comm=swapper/1 next_pid=0 next_prio=120
          <idle>-0     (-----) [002] d..3  4481.924077: sched_switch: prev_comm=swapper/2 prev_pid=0 prev_prio=120 prev_state=R ==> next_comm=<-transport next_pid=1447 next_prio=120
           <...>-1447  (-----) [002] d..3  4481.924154: sched_waking: comm=adbd pid=1442 prio=120 target_cpu=004
           <...>-1447  (-----) [002] d..3  4481.924236: sched_switch: prev_comm=<-transport prev_pid=1447 prev_prio=120 prev_state=S ==> next_comm=swapper/2 next_pid=0 next_prio=120
          <idle>-0     (-----) [004] dnh3  4481.924253: sched_wakeup: comm=adbd pid=1442 prio=120 target_cpu=004
          <idle>-0     (-----) [004] d..3  4481.924270: sched_switch: prev_comm=swapper/4 prev_pid=0 prev_prio=120 prev_state=R ==> next_comm=adbd next_pid=1442 next_prio=120
           <...>-1442  (-----) [004] d..3  4481.924364: sched_waking: comm=->transport pid=1446 prio=120 target_cpu=004
           <...>-1442  (-----) [004] d..4  4481.924372: sched_wakeup: comm=->transport pid=1446 prio=120 target_cpu=004
           <...>-1442  (-----) [004] d..3  4481.924394: sched_waking: comm=shell svc 1464 pid=1465 prio=120 target_cpu=004
           <...>-1442  (-----) [004] d..4  4481.924401: sched_wakeup: comm=shell svc 1464 pid=1465 prio=120 target_cpu=005
          <idle>-0     (-----) [005] d..3  4481.924462: sched_switch: prev_comm=swapper/5 prev_pid=0 prev_prio=120 prev_state=R ==> next_comm=shell svc 1464 next_pid=1465 next_prio=120
           <...>-1442  (-----) [004] d..3  4481.924472: sched_switch: prev_comm=adbd prev_pid=1442 prev_prio=120 prev_state=S ==> next_comm=->transport next_pid=1446 next_prio=120
           <...>-1465  (-----) [005] d..4  4481.924500: sched_waking: comm=kworker/u12:2 pid=6285 prio=120 target_cpu=005
           <...>-1465  (-----) [005] d..5  4481.924506: sched_wakeup: comm=kworker/u12:2 pid=6285 prio=120 target_cpu=005
           <...>-1446  (-----) [004] d..3  4481.924515: sched_switch: prev_comm=->transport prev_pid=1446 prev_prio=120 prev_state=S ==> next_comm=swapper/4 next_pid=0 next_prio=120
           <...>-1465  (-----) [005] d..3  4481.924515: sched_switch: prev_comm=shell svc 1464 prev_pid=1465 prev_prio=120 prev_state=S ==> next_comm=kworker/u12:2 next_pid=6285 next_prio=120
   kworker/u12:2-6285  ( 6285) [005] d..3  4481.924523: sched_waking: comm=sh pid=1464 prio=120 target_cpu=004
   kworker/u12:2-6285  ( 6285) [005] d..4  4481.924528: sched_wakeup: comm=sh pid=1464 prio=120 target_cpu=005
   kworker/u12:2-6285  ( 6285) [005] d..3  4481.924532: sched_switch: prev_comm=kworker/u12:2 prev_pid=6285 prev_prio=120 prev_state=S ==> next_comm=sh next_pid=1464 next_prio=120
           <...>-1464  (-----) [005] d..4  4481.924557: sched_waking: comm=kworker/u12:2 pid=6285 prio=120 target_cpu=005
           <...>-1464  (-----) [005] d..5  4481.924561: sched_wakeup: comm=kworker/u12:2 pid=6285 prio=120 target_cpu=004
           <...>-1464  (-----) [005] d..3  4481.924569: sched_switch: prev_comm=sh prev_pid=1464 prev_prio=120 prev_state=S ==> next_comm=swapper/5 next_pid=0 next_prio=120
          <idle>-0     (-----) [004] d..3  4481.924610: sched_switch: prev_comm=swapper/4 prev_pid=0 prev_prio=120 prev_state=R ==> next_comm=kworker/u12:2 next_pid=6285 next_prio=120
   kworker/u12:2-6285  ( 6285) [004] d..3  4481.924614: sched_waking: comm=shell svc 1464 pid=1465 prio=120 target_cpu=005
   kworker/u12:2-6285  ( 6285) [004] d..4  4481.924618: sched_wakeup: comm=shell svc 1464 pid=1465 prio=120 target_cpu=005
   kworker/u12:2-6285  ( 6285) [004] d..3  4481.924621: sched_switch: prev_comm=kworker/u12:2 prev_pid=6285 prev_prio=120 prev_state=S ==> next_comm=swapper/4 next_pid=0 next_prio=120
          <idle>-0     (-----) [000] d.h3  4481.924631: sched_waking: comm=irq/236-dwc3 pid=1444 prio=49 target_cpu=001
          <idle>-0     (-----) [000] d.h4  4481.924652: sched_wakeup: comm=irq/236-dwc3 pid=1444 prio=49 target_cpu=001
          <idle>-0     (-----) [001] d..3  4481.924772: sched_switch: prev_comm=swapper/1 prev_pid=0 prev_prio=120 prev_state=R ==> next_comm=irq/236-dwc3 next_pid=1444 next_prio=49
           <...>-1444  (-----) [001] d..3  4481.924791: sched_waking: comm=->transport pid=1446 prio=120 target_cpu=004
          <idle>-0     (-----) [005] d..3  4481.924796: sched_switch: prev_comm=swapper/5 prev_pid=0 prev_prio=120 prev_state=R ==> next_comm=shell svc 1464 next_pid=1465 next_prio=120
           <...>-1444  (-----) [001] d..3  4481.924819: sched_switch: prev_comm=irq/236-dwc3 prev_pid=1444 prev_prio=49 prev_state=S ==> next_comm=swapper/1 next_pid=0 next_prio=120
           <...>-1465  (-----) [005] d..3  4481.924856: sched_waking: comm=adbd pid=1442 prio=120 target_cpu=004
          <idle>-0     (-----) [004] dnh3  4481.924869: sched_wakeup: comm=->transport pid=1446 prio=120 target_cpu=004
           <...>-1465  (-----) [005] d..4  4481.924873: sched_wakeup: comm=adbd pid=1442 prio=120 target_cpu=004
          <idle>-0     (-----) [004] d..3  4481.924879: sched_switch: prev_comm=swapper/4 prev_pid=0 prev_prio=120 prev_state=R ==> next_comm=->transport next_pid=1446 next_prio=120
           <...>-1465  (-----) [005] d..3  4481.924902: sched_switch: prev_comm=shell svc 1464 prev_pid=1465 prev_prio=120 prev_state=S ==> next_comm=swapper/5 next_pid=0 next_prio=120
           <...>-1446  (-----) [004] d..3  4481.924940: sched_switch: prev_comm=->transport prev_pid=1446 prev_prio=120 prev_state=S ==> next_comm=adbd next_pid=1442 next_prio=120
           <...>-1442  (-----) [004] d..3  4481.925023: sched_waking: comm=->transport pid=1446 prio=120 target_cpu=004
           <...>-1442  (-----) [004] d..4  4481.925028: sched_wakeup: comm=->transport pid=1446 prio=120 target_cpu=004
           <...>-1442  (-----) [004] d..3  4481.925049: sched_switch: prev_comm=adbd prev_pid=1442 prev_prio=120 prev_state=S ==> next_comm=->transport next_pid=1446 next_prio=120
           <...>-1446  (-----) [004] d..3  4481.925073: sched_switch: prev_comm=->transport prev_pid=1446 prev_prio=120 prev_state=S ==> next_comm=swapper/4 next_pid=0 next_prio=120
          <idle>-0     (-----) [000] d.h3  4481.925289: sched_waking: comm=irq/236-dwc3 pid=1444 prio=49 target_cpu=001
          <idle>-0     (-----) [000] d.h4  4481.925315: sched_wakeup: comm=irq/236-dwc3 pid=1444 prio=49 target_cpu=001
          <idle>-0     (-----) [001] d..3  4481.925383: sched_switch: prev_comm=swapper/1 prev_pid=0 prev_prio=120 prev_state=R ==> next_comm=irq/236-dwc3 next_pid=1444 next_prio=49
           <...>-1444  (-----) [001] d..3  4481.925400: sched_waking: comm=->transport pid=1446 prio=120 target_cpu=004
           <...>-1444  (-----) [001] d..3  4481.925425: sched_switch: prev_comm=irq/236-dwc3 prev_pid=1444 prev_prio=49 prev_state=S ==> next_comm=swapper/1 next_pid=0 next_prio=120
          <idle>-0     (-----) [004] dnh3  4481.925578: sched_wakeup: comm=->transport pid=1446 prio=120 target_cpu=004
          <idle>-0     (-----) [004] d..3  4481.925600: sched_switch: prev_comm=swapper/4 prev_pid=0 prev_prio=120 prev_state=R ==> next_comm=->transport next_pid=1446 next_prio=120
           <...>-1446  (-----) [004] d..3  4481.925646: sched_switch: prev_comm=->transport prev_pid=1446 prev_prio=120 prev_state=S ==> next_comm=swapper/4 next_pid=0 next_prio=120
          <idle>-0     (-----) [000] d.h3  4481.925853: sched_waking: comm=irq/236-dwc3 pid=1444 prio=49 target_cpu=001
          <idle>-0     (-----) [000] d.h4  4481.925880: sched_wakeup: comm=irq/236-dwc3 pid=1444 prio=49 target_cpu=001
          <idle>-0     (-----) [001] d..3  4481.925948: sched_switch: prev_comm=swapper/1 prev_pid=0 prev_prio=120 prev_state=R ==> next_comm=irq/236-dwc3 next_pid=1444 next_prio=49
           <...>-1444  (-----) [001] d..3  4481.925966: sched_waking: comm=->transport pid=1446 prio=120 target_cpu=004
           <...>-1444  (-----) [001] d..3  4481.925984: sched_waking: comm=<-transport pid=1447 prio=120 target_cpu=002
           <...>-1444  (-----) [001] d..4  4481.926005: sched_wakeup: comm=<-transport pid=1447 prio=120 target_cpu=002
           <...>-1444  (-----) [001] d..3  4481.926018: sched_switch: prev_comm=irq/236-dwc3 prev_pid=1444 prev_prio=49 prev_state=S ==> next_comm=swapper/1 next_pid=0 next_prio=120
          <idle>-0     (-----) [004] dnh3  4481.926067: sched_wakeup: comm=->transport pid=1446 prio=120 target_cpu=004
          <idle>-0     (-----) [002] d..3  4481.926081: sched_switch: prev_comm=swapper/2 prev_pid=0 prev_prio=120 prev_state=R ==> next_comm=<-transport next_pid=1447 next_prio=120
          <idle>-0     (-----) [004] d..3  4481.926082: sched_switch: prev_comm=swapper/4 prev_pid=0 prev_prio=120 prev_state=R ==> next_comm=->transport next_pid=1446 next_prio=120
           <...>-1446  (-----) [004] d..3  4481.926153: sched_switch: prev_comm=->transport prev_pid=1446 prev_prio=120 prev_state=S ==> next_comm=swapper/4 next_pid=0 next_prio=120
           <...>-1447  (-----) [002] d..3  4481.926157: sched_waking: comm=adbd pid=1442 prio=120 target_cpu=004
           <...>-1447  (-----) [002] d..3  4481.926298: sched_switch: prev_comm=<-transport prev_pid=1447 prev_prio=120 prev_state=S ==> next_comm=swapper/2 next_pid=0 next_prio=120
          <idle>-0     (-----) [004] dnh3  4481.926455: sched_wakeup: comm=adbd pid=1442 prio=120 target_cpu=004
          <idle>-0     (-----) [004] d..3  4481.926478: sched_switch: prev_comm=swapper/4 prev_pid=0 prev_prio=120 prev_state=R ==> next_comm=adbd next_pid=1442 next_prio=120
           <...>-1442  (-----) [004] d..3  4481.926568: sched_waking: comm=->transport pid=1446 prio=120 target_cpu=004
           <...>-1442  (-----) [004] d..4  4481.926577: sched_wakeup: comm=->transport pid=1446 prio=120 target_cpu=004
           <...>-1442  (-----) [004] d..3  4481.926631: sched_switch: prev_comm=adbd prev_pid=1442 prev_prio=120 prev_state=S ==> next_comm=->transport next_pid=1446 next_prio=120
           <...>-1446  (-----) [004] d..3  4481.926650: sched_switch: prev_comm=->transport prev_pid=1446 prev_prio=120 prev_state=S ==> next_comm=swapper/4 next_pid=0 next_prio=120
          <idle>-0     (-----) [001] d.h3  4481.933510: sched_waking: comm=android.hardwar pid=284 prio=112 target_cpu=001
          <idle>-0     (-----) [001] dnh4  4481.933543: sched_wakeup: comm=android.hardwar pid=284 prio=112 target_cpu=001
          <idle>-0     (-----) [001] d..3  4481.933579: sched_switch: prev_comm=swapper/1 prev_pid=0 prev_prio=120 prev_state=R ==> next_comm=android.hardwar next_pid=284 next_prio=112
           <...>-284   (-----) [001] d..3  4481.933631: sched_switch: prev_comm=android.hardwar prev_pid=284 prev_prio=112 prev_state=S ==> next_comm=swapper/1 next_pid=0 next_prio=120
          <idle>-0     (-----) [003] d.h3  4481.996282: sched_waking: comm=listener pid=273 prio=120 target_cpu=003
          <idle>-0     (-----) [003] dnh4  4481.996316: sched_wakeup: comm=listener pid=273 prio=120 target_cpu=003
          <idle>-0     (-----) [003] d..3  4481.996359: sched_switch: prev_comm=swapper/3 prev_pid=0 prev_prio=120 prev_state=R ==> next_comm=listener next_pid=273 next_prio=120
           <...>-273   (-----) [003] d..3  4481.996442: sched_switch: prev_comm=listener prev_pid=273 prev_prio=120 prev_state=S ==> next_comm=swapper/3 next_pid=0 next_prio=120
          <idle>-0     (-----) [000] d.h3  4482.037372: sched_waking: comm=irq/236-dwc3 pid=1444 prio=49 target_cpu=001
          <idle>-0     (-----) [000] d.h4  4482.037402: sched_wakeup: comm=irq/236-dwc3 pid=1444 prio=49 target_cpu=001
          <idle>-0     (-----) [001] d..3  4482.037474: sched_switch: prev_comm=swapper/1 prev_pid=0 prev_prio=120 prev_state=R ==> next_comm=irq/236-dwc3 next_pid=1444 next_prio=49
           <...>-1444  (-----) [001] d..3  4482.037492: sched_waking: comm=<-transport pid=1447 prio=120 target_cpu=002
           <...>-1444  (-----) [001] d..4  4482.037517: sched_wakeup: comm=<-transport pid=1447 prio=120 target_cpu=002
           <...>-1444  (-----) [001] d..3  4482.037532: sched_switch: prev_comm=irq/236-dwc3 prev_pid=1444 prev_prio=49 prev_state=S ==> next_comm=swapper/1 next_pid=0 next_prio=120
          <idle>-0     (-----) [002] d..3  4482.037581: sched_switch: prev_comm=swapper/2 prev_pid=0 prev_prio=120 prev_state=R ==> next_comm=<-transport next_pid=1447 next_prio=120
           <...>-1447  (-----) [002] d..3  4482.037643: sched_switch: prev_comm=<-transport prev_pid=1447 prev_prio=120 prev_state=S ==> next_comm=swapper/2 next_pid=0 next_prio=120
          <idle>-0     (-----) [000] d.h3  4482.037688: sched_waking: comm=irq/236-dwc3 pid=1444 prio=49 target_cpu=001
          <idle>-0     (-----) [000] d.h4  4482.037692: sched_wakeup: comm=irq/236-dwc3 pid=1444 prio=49 target_cpu=001
          <idle>-0     (-----) [001] d..3  4482.037858: sched_switch: prev_comm=swapper/1 prev_pid=0 prev_prio=120 prev_state=R ==> next_comm=irq/236-dwc3 next_pid=1444 next_prio=49
           <...>-1444  (-----) [001] d..3  4482.037884: sched_waking: comm=<-transport pid=1447 prio=120 target_cpu=002
           <...>-1444  (-----) [001] d..4  4482.037913: sched_wakeup: comm=<-transport pid=1447 prio=120 target_cpu=002
           <...>-1444  (-----) [001] d..3  4482.037934: sched_switch: prev_comm=irq/236-dwc3 prev_pid=1444 prev_prio=49 prev_state=S ==> next_comm=swapper/1 next_pid=0 next_prio=120
          <idle>-0     (-----) [002] d..3  4482.037976: sched_switch: prev_comm=swapper/2 prev_pid=0 prev_prio=120 prev_state=R ==> next_comm=<-transport next_pid=1447 next_prio=120
           <...>-1447  (-----) [002] d..3  4482.038053: sched_waking: comm=adbd pid=1442 prio=120 target_cpu=004
           <...>-1447  (-----) [002] d..3  4482.038136: sched_switch: prev_comm=<-transport prev_pid=1447 prev_prio=120 prev_state=S ==> next_comm=swapper/2 next_pid=0 next_prio=120
          <idle>-0     (-----) [004] dnh3  4482.038153: sched_wakeup: comm=adbd pid=1442 prio=120 target_cpu=004
          <idle>-0     (-----) [004] d..3  4482.038169: sched_switch: prev_comm=swapper/4 prev_pid=0 prev_prio=120 prev_state=R ==> next_comm=adbd next_pid=1442 next_prio=120
           <...>-1442  (-----) [004] d..3  4482.038261: sched_waking: comm=->transport pid=1446 prio=120 target_cpu=004
           <...>-1442  (-----) [004] d..4  4482.038269: sched_wakeup: comm=->transport pid=1446 prio=120 target_cpu=004
           <...>-1442  (-----) [004] d..3  4482.038291: sched_waking: comm=shell svc 1464 pid=1465 prio=120 target_cpu=005
           <...>-1442  (-----) [004] d..4  4482.038298: sched_wakeup: comm=shell svc 1464 pid=1465 prio=120 target_cpu=005
          <idle>-0     (-----) [005] d..3  4482.038358: sched_switch: prev_comm=swapper/5 prev_pid=0 prev_prio=120 prev_state=R ==> next_comm=shell svc 1464 next_pid=1465 next_prio=120
           <...>-1442  (-----) [004] d..3  4482.038366: sched_switch: prev_comm=adbd prev_pid=1442 prev_prio=120 prev_state=S ==> next_comm=->transport next_pid=1446 next_prio=120
           <...>-1465  (-----) [005] d..4  4482.038395: sched_waking: comm=kworker/u12:2 pid=6285 prio=120 target_cpu=004
           <...>-1465  (-----) [005] d..5  4482.038402: sched_wakeup: comm=kworker/u12:2 pid=6285 prio=120 target_cpu=005
           <...>-1446  (-----) [004] d..3  4482.038409: sched_switch: prev_comm=->transport prev_pid=1446 prev_prio=120 prev_state=S ==> next_comm=swapper/4 next_pid=0 next_prio=120
           <...>-1465  (-----) [005] d..3  4482.038411: sched_switch: prev_comm=shell svc 1464 prev_pid=1465 prev_prio=120 prev_state=S ==> next_comm=kworker/u12:2 next_pid=6285 next_prio=120
   kworker/u12:2-6285  ( 6285) [005] d..3  4482.038419: sched_waking: comm=sh pid=1464 prio=120 target_cpu=005
   kworker/u12:2-6285  ( 6285) [005] d..4  4482.038423: sched_wakeup: comm=sh pid=1464 prio=120 target_cpu=004
   kworker/u12:2-6285  ( 6285) [005] d..3  4482.038432: sched_switch: prev_comm=kworker/u12:2 prev_pid=6285 prev_prio=120 prev_state=S ==> next_comm=swapper/5 next_pid=0 next_prio=120
          <idle>-0     (-----) [000] d.h3  4482.038631: sched_waking: comm=irq/236-dwc3 pid=1444 prio=49 target_cpu=001
          <idle>-0     (-----) [004] d..3  4482.038631: sched_switch: prev_comm=swapper/4 prev_pid=0 prev_prio=120 prev_state=R ==> next_comm=sh next_pid=1464 next_prio=120
          <idle>-0     (-----) [000] d.h4  4482.038655: sched_wakeup: comm=irq/236-dwc3 pid=1444 prio=49 target_cpu=001
           <...>-1464  (-----) [004] d..4  4482.038681: sched_waking: comm=kworker/u12:2 pid=6285 prio=120 target_cpu=005
           <...>-1464  (-----) [004] d..5  4482.038695: sched_wakeup: comm=kworker/u12:2 pid=6285 prio=120 target_cpu=005
           <...>-1464  (-----) [004] d..3  4482.038707: sched_switch: prev_comm=sh prev_pid=1464 prev_prio=120 prev_state=S ==> next_comm=swapper/4 next_pid=0 next_prio=120
          <idle>-0     (-----) [001] d..3  4482.038727: sched_switch: prev_comm=swapper/1 prev_pid=0 prev_prio=120 prev_state=R ==> next_comm=irq/236-dwc3 next_pid=1444 next_prio=49
           <...>-1444  (-----) [001] d..3  4482.038743: sched_waking: comm=->transport pid=1446 prio=120 target_cpu=004
          <idle>-0     (-----) [005] d..3  4482.038756: sched_switch: prev_comm=swapper/5 prev_pid=0 prev_prio=120 prev_state=R ==> next_comm=kworker/u12:2 next_pid=6285 next_prio=120
   kworker/u12:2-6285  ( 6285) [005] d..3  4482.038765: sched_waking: comm=shell svc 1464 pid=1465 prio=120 target_cpu=005
           <...>-1444  (-----) [001] d..3  4482.038767: sched_switch: prev_comm=irq/236-dwc3 prev_pid=1444 prev_prio=49 prev_state=S ==> next_comm=swapper/1 next_pid=0 next_prio=120
   kworker/u12:2-6285  ( 6285) [005] d..4  4482.038771: sched_wakeup: comm=shell svc 1464 pid=1465 prio=120 target_cpu=005
   kworker/u12:2-6285  ( 6285) [005] d..3  4482.038776: sched_switch: prev_comm=kworker/u12:2 prev_pid=6285 prev_prio=120 prev_state=S ==> next_comm=shell svc 1464 next_pid=1465 next_prio=120
          <idle>-0     (-----) [004] dnh3  4482.038805: sched_wakeup: comm=->transport pid=1446 prio=120 target_cpu=004
          <idle>-0     (-----) [004] d..3  4482.038811: sched_switch: prev_comm=swapper/4 prev_pid=0 prev_prio=120 prev_state=R ==> next_comm=->transport next_pid=1446 next_prio=120
           <...>-1465  (-----) [005] d..3  4482.038818: sched_waking: comm=adbd pid=1442 prio=120 target_cpu=004
           <...>-1465  (-----) [005] d..4  4482.038824: sched_wakeup: comm=adbd pid=1442 prio=120 target_cpu=005
           <...>-1465  (-----) [005] d..3  4482.038834: sched_switch: prev_comm=shell svc 1464 prev_pid=1465 prev_prio=120 prev_state=S ==> next_comm=adbd next_pid=1442 next_prio=120
           <...>-1446  (-----) [004] d..3  4482.038880: sched_switch: prev_comm=->transport prev_pid=1446 prev_prio=120 prev_state=S ==> next_comm=swapper/4 next_pid=0 next_prio=120
           <...>-1442  (-----) [005] d..3  4482.038919: sched_waking: comm=->transport pid=1446 prio=120 target_cpu=004
           <...>-1442  (-----) [005] d..4  4482.038924: sched_wakeup: comm=->transport pid=1446 prio=120 target_cpu=005
           <...>-1442  (-----) [005] d..3  4482.038945: sched_switch: prev_comm=adbd prev_pid=1442 prev_prio=120 prev_state=S ==> next_comm=->transport next_pid=1446 next_prio=120
           <...>-1446  (-----) [005] d..3  4482.038969: sched_switch: prev_comm=->transport prev_pid=1446 prev_prio=120 prev_state=S ==> next_comm=swapper/5 next_pid=0 next_prio=120
          <idle>-0     (-----) [000] d.h3  4482.039188: sched_waking: comm=irq/236-dwc3 pid=1444 prio=49 target_cpu=001
          <idle>-0     (-----) [000] d.h4  4482.039214: sched_wakeup: comm=irq/236-dwc3 pid=1444 prio=49 target_cpu=001
          <idle>-0     (-----) [001] d..3  4482.039286: sched_switch: prev_comm=swapper/1 prev_pid=0 prev_prio=120 prev_state=R ==> next_comm=irq/236-dwc3 next_pid=1444 next_prio=49
           <...>-1444  (-----) [001] d..3  4482.039303: sched_waking: comm=->transport pid=1446 prio=120 target_cpu=005
           <...>-1444  (-----) [001] d..3  4482.039329: sched_switch: prev_comm=irq/236-dwc3 prev_pid=1444 prev_prio=49 prev_state=S ==> next_comm=swapper/1 next_pid=0 next_prio=120
          <idle>-0     (-----) [005] dnh3  4482.039481: sched_wakeup: comm=->transport pid=1446 prio=120 target_cpu=005
          <idle>-0     (-----) [005] d..3  4482.039504: sched_switch: prev_comm=swapper/5 prev_pid=0 prev_prio=120 prev_state=R ==> next_comm=->transport next_pid=1446 next_prio=120
           <...>-1446  (-----) [005] d..3  4482.039550: sched_switch: prev_comm=->transport prev_pid=1446 prev_prio=120 prev_state=S ==> next_comm=swapper/5 next_pid=0 next_prio=120
          <idle>-0     (-----) [005] d.s4  4482.039574: sched_waking: comm=kworker/u12:2 pid=6285 prio=120 target_cpu=005
          <idle>-0     (-----) [005] dns5  4482.039580: sched_wakeup: comm=kworker/u12:2 pid=6285 prio=120 target_cpu=005
          <idle>-0     (-----) [005] d..3  4482.039599: sched_switch: prev_comm=swapper/5 prev_pid=0 prev_prio=120 prev_state=R ==> next_comm=kworker/u12:2 next_pid=6285 next_prio=120
   kworker/u12:2-6285  ( 6285) [005] d..3  4482.039622: sched_switch: prev_comm=kworker/u12:2 prev_pid=6285 prev_prio=120 prev_state=S ==> next_comm=swapper/5 next_pid=0 next_prio=120
          <idle>-0     (-----) [000] d.h3  4482.039656: sched_waking: comm=irq/236-dwc3 pid=1444 prio=49 target_cpu=001
          <idle>-0     (-----) [000] d.h4  4482.039677: sched_wakeup: comm=irq/236-dwc3 pid=1444 prio=49 target_cpu=001
          <idle>-0     (-----) [001] d..3  4482.039793: sched_switch: prev_comm=swapper/1 prev_pid=0 prev_prio=120 prev_state=R ==> next_comm=irq/236-dwc3 next_pid=1444 next_prio=49
           <...>-1444  (-----) [001] d..3  4482.039816: sched_waking: comm=->transport pid=1446 prio=120 target_cpu=005
           <...>-1444  (-----) [001] d..3  4482.039841: sched_switch: prev_comm=irq/236-dwc3 prev_pid=1444 prev_prio=49 prev_state=S ==> next_comm=swapper/1 next_pid=0 next_prio=120
          <idle>-0     (-----) [000] d.h3  4482.039882: sched_waking: comm=irq/236-dwc3 pid=1444 prio=49 target_cpu=001
          <idle>-0     (-----) [000] d.h4  4482.039886: sched_wakeup: comm=irq/236-dwc3 pid=1444 prio=49 target_cpu=001
          <idle>-0     (-----) [005] dnh3  4482.039922: sched_wakeup: comm=->transport pid=1446 prio=120 target_cpu=005
          <idle>-0     (-----) [005] d..3  4482.039945: sched_switch: prev_comm=swapper/5 prev_pid=0 prev_prio=120 prev_state=R ==> next_comm=->transport next_pid=1446 next_prio=120
           <...>-1446  (-----) [005] d..3  4482.040019: sched_switch: prev_comm=->transport prev_pid=1446 prev_prio=120 prev_state=S ==> next_comm=swapper/5 next_pid=0 next_prio=120
          <idle>-0     (-----) [001] d..3  4482.040038: sched_switch: prev_comm=swapper/1 prev_pid=0 prev_prio=120 prev_state=R ==> next_comm=irq/236-dwc3 next_pid=1444 next_prio=49
           <...>-1444  (-----) [001] d..3  4482.040060: sched_waking: comm=<-transport pid=1447 prio=120 target_cpu=002
           <...>-1444  (-----) [001] d..4  4482.040087: sched_wakeup: comm=<-transport pid=1447 prio=120 target_cpu=002
           <...>-1444  (-----) [001] d..3  4482.040110: sched_switch: prev_comm=irq/236-dwc3 prev_pid=1444 prev_prio=49 prev_state=S ==> next_comm=swapper/1 next_pid=0 next_prio=120
          <idle>-0     (-----) [002] d..3  4482.040185: sched_switch: prev_comm=swapper/2 prev_pid=0 prev_prio=120 prev_state=R ==> next_comm=<-transport next_pid=1447 next_prio=120
           <...>-1447  (-----) [002] d..3  4482.040262: sched_waking: comm=adbd pid=1442 prio=120 target_cpu=005
           <...>-1447  (-----) [002] d..3  4482.040346: sched_switch: prev_comm=<-transport prev_pid=1447 prev_prio=120 prev_state=S ==> next_comm=swapper/2 next_pid=0 next_prio=120
          <idle>-0     (-----) [005] dnh3  4482.040363: sched_wakeup: comm=adbd pid=1442 prio=120 target_cpu=005
          <idle>-0     (-----) [005] d..3  4482.040380: sched_switch: prev_comm=swapper/5 prev_pid=0 prev_prio=120 prev_state=R ==> next_comm=adbd next_pid=1442 next_prio=120
           <...>-1442  (-----) [005] d..3  4482.040471: sched_waking: comm=->transport pid=1446 prio=120 target_cpu=005
           <...>-1442  (-----) [005] d..4  4482.040480: sched_wakeup: comm=->transport pid=1446 prio=120 target_cpu=005
           <...>-1442  (-----) [005] d..3  4482.040533: sched_switch: prev_comm=adbd prev_pid=1442 prev_prio=120 prev_state=S ==> next_comm=->transport next_pid=1446 next_prio=120
           <...>-1446  (-----) [005] d..3  4482.040551: sched_switch: prev_comm=->transport prev_pid=1446 prev_prio=120 prev_state=S ==> next_comm=swapper/5 next_pid=0 next_prio=120
          <idle>-0     (-----) [005] d.h3  4482.199398: sched_waking: comm=android.hardwar pid=282 prio=112 target_cpu=005
          <idle>-0     (-----) [005] dnh4  4482.199418: sched_wakeup: comm=android.hardwar pid=282 prio=112 target_cpu=005
          <idle>-0     (-----) [005] d..3  4482.199438: sched_switch: prev_comm=swapper/5 prev_pid=0 prev_prio=120 prev_state=R ==> next_comm=android.hardwar next_pid=282 next_prio=112
 android.hardwar-282   (  255) [005] d..3  4482.199471: sched_switch: prev_comm=android.hardwar prev_pid=282 prev_prio=112 prev_state=S ==> next_comm=swapper/5 next_pid=0 next_prio=120
          <idle>-0     (-----) [000] d.h3  4482.265122: sched_waking: comm=irq/236-dwc3 pid=1444 prio=49 target_cpu=001
          <idle>-0     (-----) [000] d.h4  4482.265149: sched_wakeup: comm=irq/236-dwc3 pid=1444 prio=49 target_cpu=001
          <idle>-0     (-----) [001] d..3  4482.265222: sched_switch: prev_comm=swapper/1 prev_pid=0 prev_prio=120 prev_state=R ==> next_comm=irq/236-dwc3 next_pid=1444 next_prio=49
           <...>-1444  (-----) [001] d..3  4482.265241: sched_waking: comm=<-transport pid=1447 prio=120 target_cpu=002
           <...>-1444  (-----) [001] d..4  4482.265266: sched_wakeup: comm=<-transport pid=1447 prio=120 target_cpu=002
           <...>-1444  (-----) [001] d..3  4482.265282: sched_switch: prev_comm=irq/236-dwc3 prev_pid=1444 prev_prio=49 prev_state=S ==> next_comm=swapper/1 next_pid=0 next_prio=120
          <idle>-0     (-----) [002] d..3  4482.265333: sched_switch: prev_comm=swapper/2 prev_pid=0 prev_prio=120 prev_state=R ==> next_comm=<-transport next_pid=1447 next_prio=120
           <...>-1447  (-----) [002] d..3  4482.265393: sched_switch: prev_comm=<-transport prev_pid=1447 prev_prio=120 prev_state=S ==> next_comm=swapper/2 next_pid=0 next_prio=120
          <idle>-0     (-----) [000] d.h3  4482.265554: sched_waking: comm=irq/236-dwc3 pid=1444 prio=49 target_cpu=001
          <idle>-0     (-----) [000] d.h4  4482.265580: sched_wakeup: comm=irq/236-dwc3 pid=1444 prio=49 target_cpu=001
          <idle>-0     (-----) [001] d..3  4482.265651: sched_switch: prev_comm=swapper/1 prev_pid=0 prev_prio=120 prev_state=R ==> next_comm=irq/236-dwc3 next_pid=1444 next_prio=49
           <...>-1444  (-----) [001] d..3  4482.265669: sched_waking: comm=<-transport pid=1447 prio=120 target_cpu=002
           <...>-1444  (-----) [001] d..4  4482.265694: sched_wakeup: comm=<-transport pid=1447 prio=120 target_cpu=002
           <...>-1444  (-----) [001] d..3  4482.265708: sched_switch: prev_comm=irq/236-dwc3 prev_pid=1444 prev_prio=49 prev_state=S ==> next_comm=swapper/1 next_pid=0 next_prio=120
          <idle>-0     (-----) [002] d..3  4482.265757: sched_switch: prev_comm=swapper/2 prev_pid=0 prev_prio=120 prev_state=R ==> next_comm=<-transport next_pid=1447 next_prio=120
           <...>-1447  (-----) [002] d..3  4482.265834: sched_waking: comm=adbd pid=1442 prio=120 target_cpu=005
           <...>-1447  (-----) [002] d..3  4482.265916: sched_switch: prev_comm=<-transport prev_pid=1447 prev_prio=120 prev_state=S ==> next_comm=swapper/2 next_pid=0 next_prio=120
          <idle>-0     (-----) [005] dnh3  4482.265933: sched_wakeup: comm=adbd pid=1442 prio=120 target_cpu=005
          <idle>-0     (-----) [005] d..3  4482.265952: sched_switch: prev_comm=swapper/5 prev_pid=0 prev_prio=120 prev_state=R ==> next_comm=adbd next_pid=1442 next_prio=120
           <...>-1442  (-----) [005] d..3  4482.266045: sched_waking: comm=->transport pid=1446 prio=120 target_cpu=005
           <...>-1442  (-----) [005] d..4  4482.266054: sched_wakeup: comm=->transport pid=1446 prio=120 target_cpu=005
           <...>-1442  (-----) [005] d..3  4482.266075: sched_waking: comm=shell svc 1464 pid=1465 prio=120 target_cpu=005
           <...>-1442  (-----) [005] d..4  4482.266082: sched_wakeup: comm=shell svc 1464 pid=1465 prio=120 target_cpu=004
          <idle>-0     (-----) [004] d..3  4482.266142: sched_switch: prev_comm=swapper/4 prev_pid=0 prev_prio=120 prev_state=R ==> next_comm=shell svc 1464 next_pid=1465 next_prio=120
           <...>-1442  (-----) [005] d..3  4482.266150: sched_switch: prev_comm=adbd prev_pid=1442 prev_prio=120 prev_state=S ==> next_comm=->transport next_pid=1446 next_prio=120
           <...>-1465  (-----) [004] d..4  4482.266179: sched_waking: comm=kworker/u12:2 pid=6285 prio=120 target_cpu=005
           <...>-1465  (-----) [004] d..5  4482.266185: sched_wakeup: comm=kworker/u12:2 pid=6285 prio=120 target_cpu=004
           <...>-1446  (-----) [005] d..3  4482.266193: sched_switch: prev_comm=->transport prev_pid=1446 prev_prio=120 prev_state=S ==> next_comm=swapper/5 next_pid=0 next_prio=120
           <...>-1465  (-----) [004] d..3  4482.266194: sched_switch: prev_comm=shell svc 1464 prev_pid=1465 prev_prio=120 prev_state=S ==> next_comm=kworker/u12:2 next_pid=6285 next_prio=120
   kworker/u12:2-6285  ( 6285) [004] d..3  4482.266202: sched_waking: comm=sh pid=1464 prio=120 target_cpu=004
   kworker/u12:2-6285  ( 6285) [004] d..4  4482.266207: sched_wakeup: comm=sh pid=1464 prio=120 target_cpu=005
   kworker/u12:2-6285  ( 6285) [004] d..3  4482.266215: sched_switch: prev_comm=kworker/u12:2 prev_pid=6285 prev_prio=120 prev_state=S ==> next_comm=swapper/4 next_pid=0 next_prio=120
          <idle>-0     (-----) [000] d.h3  4482.266415: sched_waking: comm=irq/236-dwc3 pid=1444 prio=49 target_cpu=001
          <idle>-0     (-----) [005] d..3  4482.266418: sched_switch: prev_comm=swapper/5 prev_pid=0 prev_prio=120 prev_state=R ==> next_comm=sh next_pid=1464 next_prio=120
          <idle>-0     (-----) [000] d.h4  4482.266441: sched_wakeup: comm=irq/236-dwc3 pid=1444 prio=49 target_cpu=001
          <idle>-0     (-----) [001] d..3  4482.266515: sched_switch: prev_comm=swapper/1 prev_pid=0 prev_prio=120 prev_state=R ==> next_comm=irq/236-dwc3 next_pid=1444 next_prio=49
           <...>-1444  (-----) [001] d..3  4482.266530: sched_waking: comm=->transport pid=1446 prio=120 target_cpu=005
           <...>-1444  (-----) [001] d..3  4482.266561: sched_switch: prev_comm=irq/236-dwc3 prev_pid=1444 prev_prio=49 prev_state=S ==> next_comm=swapper/1 next_pid=0 next_prio=120
           <...>-1464  (-----) [005] d..4  4482.266588: sched_waking: comm=kworker/u12:2 pid=6285 prio=120 target_cpu=004
           <...>-1464  (-----) [005] d..5  4482.266603: sched_wakeup: comm=kworker/u12:2 pid=6285 prio=120 target_cpu=005
          <idle>-0     (-----) [004] dnh3  4482.266604: sched_wakeup: comm=->transport pid=1446 prio=120 target_cpu=004
          <idle>-0     (-----) [004] d..3  4482.266615: sched_switch: prev_comm=swapper/4 prev_pid=0 prev_prio=120 prev_state=R ==> next_comm=->transport next_pid=1446 next_prio=120
           <...>-1464  (-----) [005] d..3  4482.266631: sched_switch: prev_comm=sh prev_pid=1464 prev_prio=120 prev_state=S ==> next_comm=kworker/u12:2 next_pid=6285 next_prio=120
   kworker/u12:2-6285  ( 6285) [005] d..3  4482.266639: sched_waking: comm=shell svc 1464 pid=1465 prio=120 target_cpu=004
   kworker/u12:2-6285  ( 6285) [005] d..4  4482.266643: sched_wakeup: comm=shell svc 1464 pid=1465 prio=120 target_cpu=005
   kworker/u12:2-6285  ( 6285) [005] d..3  4482.266649: sched_switch: prev_comm=kworker/u12:2 prev_pid=6285 prev_prio=120 prev_state=S ==> next_comm=shell svc 1464 next_pid=1465 next_prio=120
           <...>-1465  (-----) [005] d..3  4482.266684: sched_waking: comm=adbd pid=1442 prio=120 target_cpu=005
           <...>-1446  (-----) [004] d..3  4482.266686: sched_switch: prev_comm=->transport prev_pid=1446 prev_prio=120 prev_state=S ==> next_comm=swapper/4 next_pid=0 next_prio=120
           <...>-1465  (-----) [005] d..4  4482.266687: sched_wakeup: comm=adbd pid=1442 prio=120 target_cpu=005
           <...>-1465  (-----) [005] d..3  4482.266696: sched_switch: prev_comm=shell svc 1464 prev_pid=1465 prev_prio=120 prev_state=S ==> next_comm=adbd next_pid=1442 next_prio=120
           <...>-1442  (-----) [005] d..3  4482.266779: sched_waking: comm=->transport pid=1446 prio=120 target_cpu=004
           <...>-1442  (-----) [005] d..4  4482.266784: sched_wakeup: comm=->transport pid=1446 prio=120 target_cpu=005
           <...>-1442  (-----) [005] d..3  4482.266805: sched_switch: prev_comm=adbd prev_pid=1442 prev_prio=120 prev_state=S ==> next_comm=->transport next_pid=1446 next_prio=120
           <...>-1446  (-----) [005] d..3  4482.266830: sched_switch: prev_comm=->transport prev_pid=1446 prev_prio=120 prev_state=S ==> next_comm=swapper/5 next_pid=0 next_prio=120
          <idle>-0     (-----) [000] d.h3  4482.266948: sched_waking: comm=irq/236-dwc3 pid=1444 prio=49 target_cpu=001
          <idle>-0     (-----) [000] d.h4  4482.266967: sched_wakeup: comm=irq/236-dwc3 pid=1444 prio=49 target_cpu=001
          <idle>-0     (-----) [001] d..3  4482.267032: sched_switch: prev_comm=swapper/1 prev_pid=0 prev_prio=120 prev_state=R ==> next_comm=irq/236-dwc3 next_pid=1444 next_prio=49
           <...>-1444  (-----) [001] d..3  4482.267048: sched_waking: comm=->transport pid=1446 prio=120 target_cpu=005
           <...>-1444  (-----) [001] d..3  4482.267069: sched_switch: prev_comm=irq/236-dwc3 prev_pid=1444 prev_prio=49 prev_state=S ==> next_comm=swapper/1 next_pid=0 next_prio=120
          <idle>-0     (-----) [005] dnh3  4482.267101: sched_wakeup: comm=->transport pid=1446 prio=120 target_cpu=005
          <idle>-0     (-----) [005] d..3  4482.267106: sched_switch: prev_comm=swapper/5 prev_pid=0 prev_prio=120 prev_state=R ==> next_comm=->transport next_pid=1446 next_prio=120
           <...>-1446  (-----) [005] d..3  4482.267119: sched_switch: prev_comm=->transport prev_pid=1446 prev_prio=120 prev_state=S ==> next_comm=swapper/5 next_pid=0 next_prio=120
          <idle>-0     (-----) [000] d.h3  4482.267219: sched_waking: comm=irq/236-dwc3 pid=1444 prio=49 target_cpu=001
          <idle>-0     (-----) [000] d.h4  4482.267239: sched_wakeup: comm=irq/236-dwc3 pid=1444 prio=49 target_cpu=001
          <idle>-0     (-----) [001] d..3  4482.267303: sched_switch: prev_comm=swapper/1 prev_pid=0 prev_prio=120 prev_state=R ==> next_comm=irq/236-dwc3 next_pid=1444 next_prio=49
           <...>-1444  (-----) [001] d..3  4482.267323: sched_waking: comm=->transport pid=1446 prio=120 target_cpu=005
           <...>-1444  (-----) [001] d..3  4482.267342: sched_switch: prev_comm=irq/236-dwc3 prev_pid=1444 prev_prio=49 prev_state=S ==> next_comm=swapper/1 next_pid=0 next_prio=120
          <idle>-0     (-----) [005] dnh3  4482.267376: sched_wakeup: comm=->transport pid=1446 prio=120 target_cpu=005
          <idle>-0     (-----) [005] d..3  4482.267381: sched_switch: prev_comm=swapper/5 prev_pid=0 prev_prio=120 prev_state=R ==> next_comm=->transport next_pid=1446 next_prio=120
          <idle>-0     (-----) [000] d.h3  4482.267391: sched_waking: comm=irq/236-dwc3 pid=1444 prio=49 target_cpu=001
          <idle>-0     (-----) [000] d.h4  4482.267396: sched_wakeup: comm=irq/236-dwc3 pid=1444 prio=49 target_cpu=001
           <...>-1446  (-----) [005] d..3  4482.267401: sched_switch: prev_comm=->transport prev_pid=1446 prev_prio=120 prev_state=S ==> next_comm=swapper/5 next_pid=0 next_prio=120
          <idle>-0     (-----) [001] d..3  4482.267544: sched_switch: prev_comm=swapper/1 prev_pid=0 prev_prio=120 prev_state=R ==> next_comm=irq/236-dwc3 next_pid=1444 next_prio=49
           <...>-1444  (-----) [001] d..3  4482.267567: sched_waking: comm=<-transport pid=1447 prio=120 target_cpu=002
           <...>-1444  (-----) [001] d..4  4482.267590: sched_wakeup: comm=<-transport pid=1447 prio=120 target_cpu=002
           <...>-1444  (-----) [001] d..3  4482.267607: sched_switch: prev_comm=irq/236-dwc3 prev_pid=1444 prev_prio=49 prev_state=S ==> next_comm=swapper/1 next_pid=0 next_prio=120
          <idle>-0     (-----) [002] d..3  4482.267651: sched_switch: prev_comm=swapper/2 prev_pid=0 prev_prio=120 prev_state=R ==> next_comm=<-transport next_pid=1447 next_prio=120
           <...>-1447  (-----) [002] d..3  4482.267703: sched_waking: comm=adbd pid=1442 prio=120 target_cpu=005
          <idle>-0     (-----) [005] dnh3  4482.267755: sched_wakeup: comm=adbd pid=1442 prio=120 target_cpu=005
          <idle>-0     (-----) [005] d..3  4482.267759: sched_switch: prev_comm=swapper/5 prev_pid=0 prev_prio=120 prev_state=R ==> next_comm=adbd next_pid=1442 next_prio=120
           <...>-1447  (-----) [002] d..3  4482.267760: sched_switch: prev_comm=<-transport prev_pid=1447 prev_prio=120 prev_state=S ==> next_comm=swapper/2 next_pid=0 next_prio=120
           <...>-1442  (-----) [005] d..3  4482.267786: sched_waking: comm=->transport pid=1446 prio=120 target_cpu=005
           <...>-1442  (-----) [005] d..4  4482.267790: sched_wakeup: comm=->transport pid=1446 prio=120 target_cpu=005
           <...>-1442  (-----) [005] d..3  4482.267817: sched_switch: prev_comm=adbd prev_pid=1442 prev_prio=120 prev_state=S ==> next_comm=->transport next_pid=1446 next_prio=120
           <...>-1446  (-----) [005] d..3  4482.267824: sched_switch: prev_comm=->transport prev_pid=1446 prev_prio=120 prev_state=S ==> next_comm=swapper/5 next_pid=0 next_prio=120
          <idle>-0     (-----) [005] d.s4  4482.269612: sched_waking: comm=kworker/u12:2 pid=6285 prio=120 target_cpu=005
          <idle>-0     (-----) [005] dns5  4482.269616: sched_wakeup: comm=kworker/u12:2 pid=6285 prio=120 target_cpu=005
          <idle>-0     (-----) [005] dns4  4482.269624: sched_waking: comm=rcu_preempt pid=7 prio=120 target_cpu=004
          <idle>-0     (-----) [005] dns5  4482.269627: sched_wakeup: comm=rcu_preempt pid=7 prio=120 target_cpu=004
          <idle>-0     (-----) [005] d..3  4482.269631: sched_switch: prev_comm=swapper/5 prev_pid=0 prev_prio=120 prev_state=R ==> next_comm=kworker/u12:2 next_pid=6285 next_prio=120
   kworker/u12:2-6285  ( 6285) [005] d..3  4482.269650: sched_switch: prev_comm=kworker/u12:2 prev_pid=6285 prev_prio=120 prev_state=S ==> next_comm=swapper/5 next_pid=0 next_prio=120
          <idle>-0     (-----) [004] d..3  4482.269675: sched_switch: prev_comm=swapper/4 prev_pid=0 prev_prio=120 prev_state=R ==> next_comm=rcu_preempt next_pid=7 next_prio=120
     rcu_preempt-7     (    7) [004] d..3  4482.269683: sched_switch: prev_comm=rcu_preempt prev_pid=7 prev_prio=120 prev_state=S ==> next_comm=swapper/4 next_pid=0 next_prio=120
          <idle>-0     (-----) [004] d.s3  4482.276274: sched_waking: comm=rcu_preempt pid=7 prio=120 target_cpu=004
          <idle>-0     (-----) [004] dns4  4482.276277: sched_wakeup: comm=rcu_preempt pid=7 prio=120 target_cpu=004
          <idle>-0     (-----) [004] d..3  4482.276286: sched_switch: prev_comm=swapper/4 prev_pid=0 prev_prio=120 prev_state=R ==> next_comm=rcu_preempt next_pid=7 next_prio=120
     rcu_preempt-7     (    7) [004] d..3  4482.276293: sched_switch: prev_comm=rcu_preempt prev_pid=7 prev_prio=120 prev_state=S ==> next_comm=swapper/4 next_pid=0 next_prio=120
          <idle>-0     (-----) [004] d.s3  4482.283008: sched_waking: comm=rcu_preempt pid=7 prio=120 target_cpu=004
          <idle>-0     (-----) [004] dns4  4482.283025: sched_wakeup: comm=rcu_preempt pid=7 prio=120 target_cpu=004
          <idle>-0     (-----) [004] d..3  4482.283050: sched_switch: prev_comm=swapper/4 prev_pid=0 prev_prio=120 prev_state=R ==> next_comm=rcu_preempt next_pid=7 next_prio=120
     rcu_preempt-7     (    7) [004] d..3  4482.283065: sched_switch: prev_comm=rcu_preempt prev_pid=7 prev_prio=120 prev_state=S ==> next_comm=swapper/4 next_pid=0 next_prio=120
          <idle>-0     (-----) [004] d.s4  4482.426345: sched_waking: comm=kworker/u12:2 pid=6285 prio=120 target_cpu=005
          <idle>-0     (-----) [004] dns5  4482.426364: sched_wakeup: comm=kworker/u12:2 pid=6285 prio=120 target_cpu=004
          <idle>-0     (-----) [004] d..3  4482.426386: sched_switch: prev_comm=swapper/4 prev_pid=0 prev_prio=120 prev_state=R ==> next_comm=kworker/u12:2 next_pid=6285 next_prio=120
   kworker/u12:2-6285  ( 6285) [004] d..3  4482.426652: sched_switch: prev_comm=kworker/u12:2 prev_pid=6285 prev_prio=120 prev_state=S ==> next_comm=swapper/4 next_pid=0 next_prio=120
          <idle>-0     (-----) [001] d.h3  4482.433798: sched_waking: comm=android.hardwar pid=284 prio=112 target_cpu=001
          <idle>-0     (-----) [001] dnh4  4482.433831: sched_wakeup: comm=android.hardwar pid=284 prio=112 target_cpu=001
          <idle>-0     (-----) [001] d..3  4482.433868: sched_switch: prev_comm=swapper/1 prev_pid=0 prev_prio=120 prev_state=R ==> next_comm=android.hardwar next_pid=284 next_prio=112
           <...>-284   (-----) [001] d..3  4482.433918: sched_switch: prev_comm=android.hardwar prev_pid=284 prev_prio=112 prev_state=S ==> next_comm=swapper/1 next_pid=0 next_prio=120
          <idle>-0     (-----) [004] d.h3  4482.449011: sched_waking: comm=sleep pid=7276 prio=120 target_cpu=004
          <idle>-0     (-----) [004] dnh4  4482.449029: sched_wakeup: comm=sleep pid=7276 prio=120 target_cpu=004
          <idle>-0     (-----) [004] d..3  4482.449049: sched_switch: prev_comm=swapper/4 prev_pid=0 prev_prio=120 prev_state=R ==> next_comm=sleep next_pid=7276 next_prio=120
           sleep-7276  ( 7276) [004] d..4  4482.449442: sched_waking: comm=vendor_boot pid=380 prio=120 target_cpu=004
           sleep-7276  ( 7276) [004] d..5  4482.449450: sched_wakeup: comm=vendor_boot pid=380 prio=120 target_cpu=005
           sleep-7276  ( 7276) [004] d..3  4482.449456: sched_switch: prev_comm=sleep prev_pid=7276 prev_prio=120 prev_state=x ==> next_comm=swapper/4 next_pid=0 next_prio=120
          <idle>-0     (-----) [005] d..3  4482.449505: sched_switch: prev_comm=swapper/5 prev_pid=0 prev_prio=120 prev_state=R ==> next_comm=vendor_boot next_pid=380 next_prio=120
     vendor_boot-380   (  380) [005] d.s3  4482.449568: sched_waking: comm=kworker/5:2 pid=5043 prio=120 target_cpu=005
     vendor_boot-380   (  380) [005] d.s4  4482.449573: sched_wakeup: comm=kworker/5:2 pid=5043 prio=120 target_cpu=005
          <idle>-0     (-----) [004] d.s4  4482.449575: sched_waking: comm=rcu_preempt pid=7 prio=120 target_cpu=004
     vendor_boot-380   (  380) [005] d.s3  4482.449576: sched_waking: comm=kworker/u12:2 pid=6285 prio=120 target_cpu=004
          <idle>-0     (-----) [004] dns5  4482.449578: sched_wakeup: comm=rcu_preempt pid=7 prio=120 target_cpu=004
          <idle>-0     (-----) [004] dns4  4482.449580: sched_waking: comm=rcu_sched pid=8 prio=120 target_cpu=005
     vendor_boot-380   (  380) [005] d.s4  4482.449583: sched_wakeup: comm=kworker/u12:2 pid=6285 prio=120 target_cpu=005
          <idle>-0     (-----) [004] dns5  4482.449583: sched_wakeup: comm=rcu_sched pid=8 prio=120 target_cpu=004
          <idle>-0     (-----) [004] d..3  4482.449588: sched_switch: prev_comm=swapper/4 prev_pid=0 prev_prio=120 prev_state=R ==> next_comm=rcu_preempt next_pid=7 next_prio=120
     rcu_preempt-7     (    7) [004] d..3  4482.449595: sched_switch: prev_comm=rcu_preempt prev_pid=7 prev_prio=120 prev_state=S ==> next_comm=rcu_sched next_pid=8 next_prio=120
       rcu_sched-8     (    8) [004] d..3  4482.449605: sched_switch: prev_comm=rcu_sched prev_pid=8 prev_prio=120 prev_state=S ==> next_comm=kworker/u12:2 next_pid=6285 next_prio=120
   kworker/u12:2-6285  ( 6285) [004] d..3  4482.449633: sched_switch: prev_comm=kworker/u12:2 prev_pid=6285 prev_prio=120 prev_state=S ==> next_comm=swapper/4 next_pid=0 next_prio=120
          <idle>-0     (-----) [002] d..3  4482.450226: sched_switch: prev_comm=swapper/2 prev_pid=0 prev_prio=120 prev_state=R ==> next_comm=vendor_boot next_pid=7277 next_prio=120
     vendor_boot-380   (  380) [005] d..3  4482.450334: sched_switch: prev_comm=vendor_boot prev_pid=380 prev_prio=120 prev_state=S ==> next_comm=kworker/5:2 next_pid=5043 next_prio=120
     kworker/5:2-5043  ( 5043) [005] d..4  4482.450355: sched_waking: comm=migration/2 pid=18 prio=0 target_cpu=002
     kworker/5:2-5043  ( 5043) [005] d..3  4482.450359: sched_switch: prev_comm=kworker/5:2 prev_pid=5043 prev_prio=120 prev_state=S ==> next_comm=swapper/5 next_pid=0 next_prio=120
           sleep-7277  ( 7277) [002] dnh3  4482.450363: sched_wakeup: comm=migration/2 pid=18 prio=0 target_cpu=002
           sleep-7277  ( 7277) [002] d..3  4482.450384: sched_switch: prev_comm=vendor_boot prev_pid=7277 prev_prio=120 prev_state=R+ ==> next_comm=migration/2 next_pid=18 next_prio=0
     migration/2-18    (   18) [002] d..3  4482.450427: sched_switch: prev_comm=migration/2 prev_pid=18 prev_prio=0 prev_state=S ==> next_comm=swapper/2 next_pid=0 next_prio=120
          <idle>-0     (-----) [005] d..3  4482.450454: sched_switch: prev_comm=swapper/5 prev_pid=0 prev_prio=120 prev_state=R ==> next_comm=vendor_boot next_pid=7277 next_prio=120
          <idle>-0     (-----) [004] d.s3  4482.456318: sched_waking: comm=rcu_sched pid=8 prio=120 target_cpu=004
          <idle>-0     (-----) [004] dns4  4482.456335: sched_wakeup: comm=rcu_sched pid=8 prio=120 target_cpu=004
          <idle>-0     (-----) [004] dns3  4482.456337: sched_waking: comm=rcu_preempt pid=7 prio=120 target_cpu=004
          <idle>-0     (-----) [004] dns4  4482.456340: sched_wakeup: comm=rcu_preempt pid=7 prio=120 target_cpu=004
          <idle>-0     (-----) [004] d..3  4482.456362: sched_switch: prev_comm=swapper/4 prev_pid=0 prev_prio=120 prev_state=R ==> next_comm=rcu_preempt next_pid=7 next_prio=120
     rcu_preempt-7     (    7) [004] d..3  4482.456381: sched_switch: prev_comm=rcu_preempt prev_pid=7 prev_prio=120 prev_state=S ==> next_comm=rcu_sched next_pid=8 next_prio=120
